Archive member included to satisfy reference by file (symbol)

c:/program files (x86)/atmel/studio/7.0/toolchain/arm/arm-gnu-toolchain/bin/../lib/gcc/arm-none-eabi/6.3.1/thumb/v7e-m\libgcc.a(_aeabi_uldivmod.o)
                              src/nRF24.o (__aeabi_uldivmod)
c:/program files (x86)/atmel/studio/7.0/toolchain/arm/arm-gnu-toolchain/bin/../lib/gcc/arm-none-eabi/6.3.1/thumb/v7e-m\libgcc.a(_udivmoddi4.o)
                              c:/program files (x86)/atmel/studio/7.0/toolchain/arm/arm-gnu-toolchain/bin/../lib/gcc/arm-none-eabi/6.3.1/thumb/v7e-m\libgcc.a(_aeabi_uldivmod.o) (__udivmoddi4)
c:/program files (x86)/atmel/studio/7.0/toolchain/arm/arm-gnu-toolchain/bin/../lib/gcc/arm-none-eabi/6.3.1/thumb/v7e-m\libgcc.a(_dvmd_tls.o)
                              c:/program files (x86)/atmel/studio/7.0/toolchain/arm/arm-gnu-toolchain/bin/../lib/gcc/arm-none-eabi/6.3.1/thumb/v7e-m\libgcc.a(_aeabi_uldivmod.o) (__aeabi_ldiv0)
c:/program files (x86)/atmel/studio/7.0/toolchain/arm/arm-gnu-toolchain/bin/../lib/gcc/arm-none-eabi/6.3.1/../../../../arm-none-eabi/lib/thumb/v7e-m\libc.a(lib_a-exit.o)
                              c:/program files (x86)/atmel/studio/7.0/toolchain/arm/arm-gnu-toolchain/bin/../lib/gcc/arm-none-eabi/6.3.1/../../../../arm-none-eabi/lib/thumb/v7e-m/crt0.o (exit)
c:/program files (x86)/atmel/studio/7.0/toolchain/arm/arm-gnu-toolchain/bin/../lib/gcc/arm-none-eabi/6.3.1/../../../../arm-none-eabi/lib/thumb/v7e-m\libc.a(lib_a-impure.o)
                              c:/program files (x86)/atmel/studio/7.0/toolchain/arm/arm-gnu-toolchain/bin/../lib/gcc/arm-none-eabi/6.3.1/../../../../arm-none-eabi/lib/thumb/v7e-m\libc.a(lib_a-exit.o) (_global_impure_ptr)
c:/program files (x86)/atmel/studio/7.0/toolchain/arm/arm-gnu-toolchain/bin/../lib/gcc/arm-none-eabi/6.3.1/../../../../arm-none-eabi/lib/thumb/v7e-m\libc.a(lib_a-init.o)
                              c:/program files (x86)/atmel/studio/7.0/toolchain/arm/arm-gnu-toolchain/bin/../lib/gcc/arm-none-eabi/6.3.1/../../../../arm-none-eabi/lib/thumb/v7e-m/crt0.o (__libc_init_array)
c:/program files (x86)/atmel/studio/7.0/toolchain/arm/arm-gnu-toolchain/bin/../lib/gcc/arm-none-eabi/6.3.1/../../../../arm-none-eabi/lib/thumb/v7e-m\libc.a(lib_a-iprintf.o)
                              src/GMAC_Artnet.o (iprintf)
c:/program files (x86)/atmel/studio/7.0/toolchain/arm/arm-gnu-toolchain/bin/../lib/gcc/arm-none-eabi/6.3.1/../../../../arm-none-eabi/lib/thumb/v7e-m\libc.a(lib_a-memcpy.o)
                              src/ASF/sam/drivers/gmac/gmac_raw_2.o (memcpy)
c:/program files (x86)/atmel/studio/7.0/toolchain/arm/arm-gnu-toolchain/bin/../lib/gcc/arm-none-eabi/6.3.1/../../../../arm-none-eabi/lib/thumb/v7e-m\libc.a(lib_a-memset.o)
                              c:/program files (x86)/atmel/studio/7.0/toolchain/arm/arm-gnu-toolchain/bin/../lib/gcc/arm-none-eabi/6.3.1/../../../../arm-none-eabi/lib/thumb/v7e-m/crt0.o (memset)
c:/program files (x86)/atmel/studio/7.0/toolchain/arm/arm-gnu-toolchain/bin/../lib/gcc/arm-none-eabi/6.3.1/../../../../arm-none-eabi/lib/thumb/v7e-m\libc.a(lib_a-puts.o)
                              src/GMAC_Artnet.o (puts)
c:/program files (x86)/atmel/studio/7.0/toolchain/arm/arm-gnu-toolchain/bin/../lib/gcc/arm-none-eabi/6.3.1/../../../../arm-none-eabi/lib/thumb/v7e-m\libc.a(lib_a-setbuf.o)
                              src/main.o (setbuf)
c:/program files (x86)/atmel/studio/7.0/toolchain/arm/arm-gnu-toolchain/bin/../lib/gcc/arm-none-eabi/6.3.1/../../../../arm-none-eabi/lib/thumb/v7e-m\libc.a(lib_a-setvbuf.o)
                              c:/program files (x86)/atmel/studio/7.0/toolchain/arm/arm-gnu-toolchain/bin/../lib/gcc/arm-none-eabi/6.3.1/../../../../arm-none-eabi/lib/thumb/v7e-m\libc.a(lib_a-setbuf.o) (setvbuf)
c:/program files (x86)/atmel/studio/7.0/toolchain/arm/arm-gnu-toolchain/bin/../lib/gcc/arm-none-eabi/6.3.1/../../../../arm-none-eabi/lib/thumb/v7e-m\libc.a(lib_a-strlen.o)
                              c:/program files (x86)/atmel/studio/7.0/toolchain/arm/arm-gnu-toolchain/bin/../lib/gcc/arm-none-eabi/6.3.1/../../../../arm-none-eabi/lib/thumb/v7e-m\libc.a(lib_a-puts.o) (strlen)
c:/program files (x86)/atmel/studio/7.0/toolchain/arm/arm-gnu-toolchain/bin/../lib/gcc/arm-none-eabi/6.3.1/../../../../arm-none-eabi/lib/thumb/v7e-m\libc.a(lib_a-vfiprintf.o)
                              c:/program files (x86)/atmel/studio/7.0/toolchain/arm/arm-gnu-toolchain/bin/../lib/gcc/arm-none-eabi/6.3.1/../../../../arm-none-eabi/lib/thumb/v7e-m\libc.a(lib_a-iprintf.o) (_vfiprintf_r)
c:/program files (x86)/atmel/studio/7.0/toolchain/arm/arm-gnu-toolchain/bin/../lib/gcc/arm-none-eabi/6.3.1/../../../../arm-none-eabi/lib/thumb/v7e-m\libc.a(lib_a-wsetup.o)
                              c:/program files (x86)/atmel/studio/7.0/toolchain/arm/arm-gnu-toolchain/bin/../lib/gcc/arm-none-eabi/6.3.1/../../../../arm-none-eabi/lib/thumb/v7e-m\libc.a(lib_a-vfiprintf.o) (__swsetup_r)
[...]
Memory Configuration

Name             Origin             Length             Attributes
rom              0x00400000         0x00200000         xr
ram              0x20400000         0x00060000         xrw
*default*        0x00000000         0xffffffff

Linker script and memory map

LOAD c:/program files (x86)/atmel/studio/7.0/toolchain/arm/arm-gnu-toolchain/bin/../lib/gcc/arm-none-eabi/6.3.1/thumb/v7e-m/crti.o
LOAD c:/program files (x86)/atmel/studio/7.0/toolchain/arm/arm-gnu-toolchain/bin/../lib/gcc/arm-none-eabi/6.3.1/thumb/v7e-m/crtbegin.o
LOAD c:/program files (x86)/atmel/studio/7.0/toolchain/arm/arm-gnu-toolchain/bin/../lib/gcc/arm-none-eabi/6.3.1/../../../../arm-none-eabi/lib/thumb/v7e-m/crt0.o
LOAD src/ASF/common/services/spi/sam_spi/spi_master.o
LOAD src/ASF/common/utils/stdio/read.o
LOAD src/ASF/sam/components/ethernet_phy/ksz8081rna/ethernet_phy.o
LOAD src/ASF/sam/drivers/gmac/gmac_raw_2.o
LOAD src/GMAC_Artnet.o
LOAD src/nRF24.o
LOAD src/SAM_SPI.o
LOAD src/ASF/sam/drivers/twihs/twihs.o
LOAD src/ASF/sam/drivers/gmac/gmac_phy.o
LOAD src/ASF/sam/drivers/spi/spi.o
LOAD src/ASF/sam/drivers/usart/usart.o
LOAD src/ASF/common/utils/stdio/write.o
LOAD src/ASF/common/services/serial/usart_serial.o
LOAD src/ASF/sam/drivers/uart/uart.o
LOAD src/ASF/common/services/delay/sam/cycle_counter.o
LOAD src/ASF/common/services/clock/same70/sysclk.o
LOAD src/ASF/common/utils/interrupt/interrupt_sam_nvic.o
LOAD src/ASF/sam/boards/same70_xplained/init.o
LOAD src/ASF/sam/drivers/mpu/mpu.o
LOAD src/ASF/sam/drivers/pio/pio.o
LOAD src/ASF/sam/drivers/pio/pio_handler.o
LOAD src/ASF/sam/drivers/pmc/pmc.o
LOAD src/ASF/sam/drivers/pmc/sleep.o
LOAD src/ASF/sam/utils/cmsis/same70/source/templates/gcc/startup_same70.o
LOAD src/ASF/sam/utils/cmsis/same70/source/templates/system_same70.o
LOAD src/ASF/sam/utils/syscalls/gcc/syscalls.o
LOAD src/main.o
START GROUP
LOAD ../src/ASF/thirdparty/CMSIS/Lib/GCC\libarm_cortexM7lfsp_math_softfp.a
LOAD c:/program files (x86)/atmel/studio/7.0/toolchain/arm/arm-gnu-toolchain/bin/../lib/gcc/arm-none-eabi/6.3.1/../../../../arm-none-eabi/lib/thumb/v7e-m\libm.a
END GROUP
START GROUP
LOAD c:/program files (x86)/atmel/studio/7.0/toolchain/arm/arm-gnu-toolchain/bin/../lib/gcc/arm-none-eabi/6.3.1/thumb/v7e-m\libgcc.a
LOAD c:/program files (x86)/atmel/studio/7.0/toolchain/arm/arm-gnu-toolchain/bin/../lib/gcc/arm-none-eabi/6.3.1/../../../../arm-none-eabi/lib/thumb/v7e-m\libc.a
END GROUP
LOAD c:/program files (x86)/atmel/studio/7.0/toolchain/arm/arm-gnu-toolchain/bin/../lib/gcc/arm-none-eabi/6.3.1/thumb/v7e-m/crtend.o
LOAD c:/program files (x86)/atmel/studio/7.0/toolchain/arm/arm-gnu-toolchain/bin/../lib/gcc/arm-none-eabi/6.3.1/thumb/v7e-m/crtn.o
                0x00002000                STACK_SIZE = DEFINED (STACK_SIZE)?STACK_SIZE:0x2000
                0x2045fffc                __ram_end__ = ((ORIGIN (ram) + LENGTH (ram)) - 0x4)
                0x00000200                HEAP_SIZE = DEFINED (HEAP_SIZE)?HEAP_SIZE:0x200

.text           0x00400000     0x6030
                0x00400000                . = ALIGN (0x4)
                0x00400000                _sfixed = .
 *(.vectors .vectors.*)
 .vectors       0x00400000      0x168 src/ASF/sam/utils/cmsis/same70/source/templates/gcc/startup_same70.o
                0x00400000                exception_table
 *(.text .text.* .gnu.linkonce.t.*)
 .text          0x00400168       0x6c c:/program files (x86)/atmel/studio/7.0/toolchain/arm/arm-gnu-toolchain/bin/../lib/gcc/arm-none-eabi/6.3.1/thumb/v7e-m/crtbegin.o
 .text._read    0x004001d4       0x3c src/ASF/common/utils/stdio/read.o
                0x004001d4                _read
 .text.ethernet_phy_set_link
                0x00400210       0xf4 src/ASF/sam/components/ethernet_phy/ksz8081rna/ethernet_phy.o
                0x00400210                ethernet_phy_set_link
 .text.ethernet_phy_auto_negotiate
                0x00400304      0x19c src/ASF/sam/components/ethernet_phy/ksz8081rna/ethernet_phy.o
                0x00400304                ethernet_phy_auto_negotiate
 .text.ethernet_phy_reset
                0x004004a0       0x60 src/ASF/sam/components/ethernet_phy/ksz8081rna/ethernet_phy.o
                0x004004a0                ethernet_phy_reset
 .text.ethernet_phy_init
                0x00400500      0x164 src/ASF/sam/components/ethernet_phy/ksz8081rna/ethernet_phy.o
                0x00400500                ethernet_phy_init
 .text.circ_inc
                0x00400664       0x10 src/ASF/sam/drivers/gmac/gmac_raw_2.o
 .text.gmac_reset_tx_mem
                0x00400674       0x76 src/ASF/sam/drivers/gmac/gmac_raw_2.o
 .text.gmac_reset_rx_mem
                0x004006ea       0x7a src/ASF/sam/drivers/gmac/gmac_raw_2.o
 .text.gmac_dev_init
                0x00400764      0x164 src/ASF/sam/drivers/gmac/gmac_raw_2.o
                0x00400764                gmac_dev_init
 .text.gmac_dev_read
                0x004008c8      0x1c4 src/ASF/sam/drivers/gmac/gmac_raw_2.o
                0x004008c8                gmac_dev_read
 .text.gmac_dev_write
                0x00400a8c       0xdc src/ASF/sam/drivers/gmac/gmac_raw_2.o
                0x00400a8c                gmac_dev_write
 .text.gmac_handler
                0x00400b68      0x154 src/ASF/sam/drivers/gmac/gmac_raw_2.o
                0x00400b68                gmac_handler
 .text.read_dev_gmac
                0x00400cbc       0x2c src/GMAC_Artnet.o
                0x00400cbc                read_dev_gmac
 .text.gmac_display_ip_packet
                0x00400ce8      0x10c src/GMAC_Artnet.o
                0x00400ce8                gmac_display_ip_packet
 .text.at24mac_get_mac_address
                0x00400df4       0x8c src/GMAC_Artnet.o
                0x00400df4                at24mac_get_mac_address
 .text.init_gmac_ethernet
                0x00400e80      0x110 src/GMAC_Artnet.o
                0x00400e80                init_gmac_ethernet
 .text.GMAC_Handler
                0x00400f90       0x14 src/GMAC_Artnet.o
                0x00400f90                GMAC_Handler
 .text.compareArray
                0x00400fa4       0x34 src/GMAC_Artnet.o
                0x00400fa4                compareArray
 .text.gmac_process_eth_packet
                0x00400fd8      0x224 src/GMAC_Artnet.o
                0x00400fd8                gmac_process_eth_packet
 .text.proces_artnet_packet
                0x004011fc        0xc src/GMAC_Artnet.o
                0x004011fc                proces_artnet_packet
 .text.print_address_register
                0x00401208       0xd0 src/nRF24.o
 .text.nRF24_readRegister
                0x004012d8       0x28 src/nRF24.o
                0x004012d8                nRF24_readRegister
 .text.print_byte_register
                0x00401300       0x54 src/nRF24.o
 .text.nRF24_writeRegister
                0x00401354       0x2c src/nRF24.o
                0x00401354                nRF24_writeRegister
 .text.nRF24_FlushRx
                0x00401380       0x20 src/nRF24.o
                0x00401380                nRF24_FlushRx
 .text.nRF24_FlushTx
                0x004013a0       0x20 src/nRF24.o
                0x004013a0                nRF24_FlushTx
 .text.nRF24_getStatus
                0x004013c0       0x20 src/nRF24.o
                0x004013c0                nRF24_getStatus
 .text.nRF24_setDataRate
                0x004013e0       0x44 src/nRF24.o
                0x004013e0                nRF24_setDataRate
 .text.getDataRate
                0x00401424       0x1c src/nRF24.o
                0x00401424                getDataRate
 .text.nRF24_setCRCLength
                0x00401440       0x2c src/nRF24.o
                0x00401440                nRF24_setCRCLength
 .text.getCRCLength
                0x0040146c       0x2c src/nRF24.o
                0x0040146c                getCRCLength
 .text.nRF24_setPALevel
                0x00401498       0x30 src/nRF24.o
                0x00401498                nRF24_setPALevel
 .text.nRF24_getPALevel
                0x004014c8       0x14 src/nRF24.o
                0x004014c8                nRF24_getPALevel
 .text.printDetails
                0x004014dc      0x144 src/nRF24.o
                0x004014dc                printDetails
 .text.nRF24_setAddressWidth
                0x00401620       0x38 src/nRF24.o
                0x00401620                nRF24_setAddressWidth
 .text.toggle_features
                0x00401658       0x24 src/nRF24.o
                0x00401658                toggle_features
 .text.nRF24_setChannel
                0x0040167c       0x18 src/nRF24.o
                0x0040167c                nRF24_setChannel
 .text.nRF24_powerUp
                0x00401694       0x34 src/nRF24.o
                0x00401694                nRF24_powerUp
 .text.nRF24_stopListening
                0x004016c8       0xb4 src/nRF24.o
                0x004016c8                nRF24_stopListening
 .text.nRF24_begin
                0x0040177c       0x98 src/nRF24.o
                0x0040177c                nRF24_begin
 .text.spi_master_initialize
                0x00401814       0xe0 src/SAM_SPI.o
                0x00401814                spi_master_initialize
 .text.spi_master_transfer
                0x004018f4       0x60 src/SAM_SPI.o
                0x004018f4                spi_master_transfer
 .text.twihs_set_speed
                0x00401954       0xb0 src/ASF/sam/drivers/twihs/twihs.o
                0x00401954                twihs_set_speed
 .text.twihs_master_init
                0x00401a04       0x34 src/ASF/sam/drivers/twihs/twihs.o
                0x00401a04                twihs_master_init
 .text.twihs_master_read
                0x00401a38       0xae src/ASF/sam/drivers/twihs/twihs.o
                0x00401a38                twihs_master_read
 *fill*         0x00401ae6        0x2 
 .text.gmac_phy_read
                0x00401ae8       0x60 src/ASF/sam/drivers/gmac/gmac_phy.o
                0x00401ae8                gmac_phy_read
 .text.gmac_phy_write
                0x00401b48       0x54 src/ASF/sam/drivers/gmac/gmac_phy.o
                0x00401b48                gmac_phy_write
 .text.spi_enable_clock
                0x00401b9c       0x2c src/ASF/sam/drivers/spi/spi.o
                0x00401b9c                spi_enable_clock
 .text.spi_set_peripheral_chip_select_value
                0x00401bc8       0x16 src/ASF/sam/drivers/spi/spi.o
                0x00401bc8                spi_set_peripheral_chip_select_value
 .text.spi_read
                0x00401bde       0x30 src/ASF/sam/drivers/spi/spi.o
                0x00401bde                spi_read
 .text.spi_write
                0x00401c0e       0x34 src/ASF/sam/drivers/spi/spi.o
                0x00401c0e                spi_write
 .text.spi_set_clock_polarity
                0x00401c42       0x1e src/ASF/sam/drivers/spi/spi.o
                0x00401c42                spi_set_clock_polarity
 .text.spi_set_clock_phase
                0x00401c60       0x1e src/ASF/sam/drivers/spi/spi.o
                0x00401c60                spi_set_clock_phase
 .text.spi_set_bits_per_transfer
                0x00401c7e       0x14 src/ASF/sam/drivers/spi/spi.o
                0x00401c7e                spi_set_bits_per_transfer
 .text.spi_set_baudrate_div
                0x00401c92       0x28 src/ASF/sam/drivers/spi/spi.o
                0x00401c92                spi_set_baudrate_div
 .text.spi_set_transfer_delay
                0x00401cba       0x1e src/ASF/sam/drivers/spi/spi.o
                0x00401cba                spi_set_transfer_delay
 .text.usart_set_async_baudrate
                0x00401cd8       0x5a src/ASF/sam/drivers/usart/usart.o
                0x00401cd8                usart_set_async_baudrate
 *fill*         0x00401d32        0x2 
 .text.usart_reset
                0x00401d34       0x28 src/ASF/sam/drivers/usart/usart.o
                0x00401d34                usart_reset
 .text.usart_init_rs232
                0x00401d5c       0x54 src/ASF/sam/drivers/usart/usart.o
                0x00401d5c                usart_init_rs232
 .text.usart_enable_tx
                0x00401db0        0x6 src/ASF/sam/drivers/usart/usart.o
                0x00401db0                usart_enable_tx
 .text.usart_enable_rx
                0x00401db6        0x6 src/ASF/sam/drivers/usart/usart.o
                0x00401db6                usart_enable_rx
 .text.usart_write
                0x00401dbc       0x16 src/ASF/sam/drivers/usart/usart.o
                0x00401dbc                usart_write
 .text.usart_read
                0x00401dd2       0x18 src/ASF/sam/drivers/usart/usart.o
                0x00401dd2                usart_read
 *fill*         0x00401dea        0x2 
 .text._write   0x00401dec       0x50 src/ASF/common/utils/stdio/write.o
                0x00401dec                _write
 .text.uart_write
                0x00401e3c       0x12 src/ASF/sam/drivers/uart/uart.o
                0x00401e3c                uart_write
 .text.uart_read
                0x00401e4e       0x14 src/ASF/sam/drivers/uart/uart.o
                0x00401e4e                uart_read
 *fill*         0x00401e62        0x2 
 .text.sysclk_init
                0x00401e64       0x70 src/ASF/common/services/clock/same70/sysclk.o
                0x00401e64                sysclk_init
 .text.board_init
                0x00401ed4      0x25c src/ASF/sam/boards/same70_xplained/init.o
                0x00401ed4                board_init
 .text.pio_set_peripheral
                0x00402130       0x92 src/ASF/sam/drivers/pio/pio.o
                0x00402130                pio_set_peripheral
 .text.pio_set_input
                0x004021c2       0x36 src/ASF/sam/drivers/pio/pio.o
                0x004021c2                pio_set_input
 .text.pio_set_output
                0x004021f8       0x28 src/ASF/sam/drivers/pio/pio.o
                0x004021f8                pio_set_output
 .text.pio_get_interrupt_status
                0x00402220        0x4 src/ASF/sam/drivers/pio/pio.o
                0x00402220                pio_get_interrupt_status
 .text.pio_get_interrupt_mask
                0x00402224        0x4 src/ASF/sam/drivers/pio/pio.o
                0x00402224                pio_get_interrupt_mask
 .text.pio_handler_process
                0x00402228       0x50 src/ASF/sam/drivers/pio/pio_handler.o
                0x00402228                pio_handler_process
 .text.PIOA_Handler
                0x00402278       0x14 src/ASF/sam/drivers/pio/pio_handler.o
                0x00402278                PIOA_Handler
 .text.PIOB_Handler
                0x0040228c       0x14 src/ASF/sam/drivers/pio/pio_handler.o
                0x0040228c                PIOB_Handler
 .text.PIOC_Handler
                0x004022a0       0x14 src/ASF/sam/drivers/pio/pio_handler.o
                0x004022a0                PIOC_Handler
 .text.PIOD_Handler
                0x004022b4       0x14 src/ASF/sam/drivers/pio/pio_handler.o
                0x004022b4                PIOD_Handler
 .text.PIOE_Handler
                0x004022c8       0x14 src/ASF/sam/drivers/pio/pio_handler.o
                0x004022c8                PIOE_Handler
 .text.pmc_mck_set_division
                0x004022dc       0x38 src/ASF/sam/drivers/pmc/pmc.o
                0x004022dc                pmc_mck_set_division
 .text.pmc_switch_mck_to_pllack
                0x00402314       0x64 src/ASF/sam/drivers/pmc/pmc.o
                0x00402314                pmc_switch_mck_to_pllack
 .text.pmc_switch_mainck_to_xtal
                0x00402378       0x54 src/ASF/sam/drivers/pmc/pmc.o
                0x00402378                pmc_switch_mainck_to_xtal
 .text.pmc_osc_is_ready_mainck
                0x004023cc       0x10 src/ASF/sam/drivers/pmc/pmc.o
                0x004023cc                pmc_osc_is_ready_mainck
 .text.pmc_disable_pllack
                0x004023dc       0x10 src/ASF/sam/drivers/pmc/pmc.o
                0x004023dc                pmc_disable_pllack
 .text.pmc_is_locked_pllack
                0x004023ec       0x10 src/ASF/sam/drivers/pmc/pmc.o
                0x004023ec                pmc_is_locked_pllack
 .text.pmc_enable_periph_clk
                0x004023fc       0x20 src/ASF/sam/drivers/pmc/pmc.o
                0x004023fc                pmc_enable_periph_clk
 .text.Dummy_Handler
                0x0040241c        0x2 src/ASF/sam/utils/cmsis/same70/source/templates/gcc/startup_same70.o
                0x0040241c                DACC_Handler
                0x0040241c                DebugMon_Handler
                0x0040241c                UART3_Handler
                0x0040241c                UART2_Handler
                0x0040241c                TRNG_Handler
                0x0040241c                HardFault_Handler
                0x0040241c                TC2_Handler
                0x0040241c                SysTick_Handler
                0x0040241c                AFEC1_Handler
                0x0040241c                PendSV_Handler
                0x0040241c                NMI_Handler
                0x0040241c                TC7_Handler
                0x0040241c                QSPI_Handler
                0x0040241c                ISI_Handler
                0x0040241c                MCAN0_INT0_Handler
                0x0040241c                TC9_Handler
                0x0040241c                RSWDT_Handler
                0x0040241c                USART0_Handler
                0x0040241c                RTT_Handler
                0x0040241c                USBHS_Handler
                0x0040241c                IXC_Handler
                0x0040241c                CCF_Handler
                0x0040241c                RTC_Handler
                0x0040241c                UsageFault_Handler
                0x0040241c                TC6_Handler
                0x0040241c                WDT_Handler
                0x0040241c                MCAN1_INT1_Handler
                0x0040241c                TC4_Handler
                0x0040241c                TC1_Handler
                0x0040241c                HSMCI_Handler
                0x0040241c                UART1_Handler
                0x0040241c                TC3_Handler
                0x0040241c                Dummy_Handler
                0x0040241c                TWIHS1_Handler
                0x0040241c                XDMAC_Handler
                0x0040241c                UART4_Handler
                0x0040241c                PWM1_Handler
                0x0040241c                USART1_Handler
                0x0040241c                PWM0_Handler
                0x0040241c                AFEC0_Handler
                0x0040241c                CCW_Handler
                0x0040241c                SSC_Handler
                0x0040241c                TC11_Handler
                0x0040241c                ACC_Handler
                0x0040241c                PMC_Handler
                0x0040241c                MCAN0_INT1_Handler
                0x0040241c                GMAC_Q5_Handler
                0x0040241c                MemManage_Handler
                0x0040241c                SUPC_Handler
                0x0040241c                SVC_Handler
                0x0040241c                TC8_Handler
                0x0040241c                MCAN1_INT0_Handler
                0x0040241c                EFC_Handler
                0x0040241c                GMAC_Q1_Handler
                0x0040241c                USART2_Handler
                0x0040241c                SDRAMC_Handler
                0x0040241c                GMAC_Q2_Handler
                0x0040241c                SPI1_Handler
                0x0040241c                TC10_Handler
                0x0040241c                GMAC_Q3_Handler
                0x0040241c                TWIHS2_Handler
                0x0040241c                I2SC0_Handler
                0x0040241c                UART0_Handler
                0x0040241c                I2SC1_Handler
                0x0040241c                GMAC_Q4_Handler
                0x0040241c                FPU_Handler
                0x0040241c                BusFault_Handler
                0x0040241c                RSTC_Handler
                0x0040241c                TC0_Handler
                0x0040241c                TC5_Handler
                0x0040241c                ICM_Handler
                0x0040241c                AES_Handler
                0x0040241c                TWIHS0_Handler
                0x0040241c                SPI0_Handler
 *fill*         0x0040241e        0x2 
 .text.Reset_Handler
                0x00402420       0xc8 src/ASF/sam/utils/cmsis/same70/source/templates/gcc/startup_same70.o
                0x00402420                Reset_Handler
 .text.SystemCoreClockUpdate
                0x004024e8      0x10c src/ASF/sam/utils/cmsis/same70/source/templates/system_same70.o
                0x004024e8                SystemCoreClockUpdate
 .text.system_init_flash
                0x004025f4       0x8c src/ASF/sam/utils/cmsis/same70/source/templates/system_same70.o
                0x004025f4                system_init_flash
 .text._sbrk    0x00402680       0x38 src/ASF/sam/utils/syscalls/gcc/syscalls.o
                0x00402680                _sbrk
 .text._close   0x004026b8        0x6 src/ASF/sam/utils/syscalls/gcc/syscalls.o
                0x004026b8                _close
 .text._fstat   0x004026be        0xa src/ASF/sam/utils/syscalls/gcc/syscalls.o
                0x004026be                _fstat
 .text._isatty  0x004026c8        0x4 src/ASF/sam/utils/syscalls/gcc/syscalls.o
                0x004026c8                _isatty
 .text._lseek   0x004026cc        0x4 src/ASF/sam/utils/syscalls/gcc/syscalls.o
                0x004026cc                _lseek
 .text.usart_serial_getchar
                0x004026d0       0xdc src/main.o
 .text.usart_serial_putchar
                0x004027ac       0xd4 src/main.o
 .text.main     0x00402880      0x158 src/main.o
                0x00402880                main
 .text          0x004029d8       0x30 c:/program files (x86)/atmel/studio/7.0/toolchain/arm/arm-gnu-toolchain/bin/../lib/gcc/arm-none-eabi/6.3.1/thumb/v7e-m\libgcc.a(_aeabi_uldivmod.o)
                0x004029d8                __aeabi_uldivmod
 .text          0x00402a08      0x2dc c:/program files (x86)/atmel/studio/7.0/toolchain/arm/arm-gnu-toolchain/bin/../lib/gcc/arm-none-eabi/6.3.1/thumb/v7e-m\libgcc.a(_udivmoddi4.o)
                0x00402a08                __udivmoddi4
 .text          0x00402ce4        0x4 c:/program files (x86)/atmel/studio/7.0/toolchain/arm/arm-gnu-toolchain/bin/../lib/gcc/arm-none-eabi/6.3.1/thumb/v7e-m\libgcc.a(_dvmd_tls.o)
                0x00402ce4                __aeabi_idiv0
                0x00402ce4                __aeabi_ldiv0
 .text.__libc_init_array
                0x00402ce8       0x50 c:/program files (x86)/atmel/studio/7.0/toolchain/arm/arm-gnu-toolchain/bin/../lib/gcc/arm-none-eabi/6.3.1/../../../../arm-none-eabi/lib/thumb/v7e-m\libc.a(lib_a-init.o)
                0x00402ce8                __libc_init_array
 .text.iprintf  0x00402d38       0x28 c:/program files (x86)/atmel/studio/7.0/toolchain/arm/arm-gnu-toolchain/bin/../lib/gcc/arm-none-eabi/6.3.1/../../../../arm-none-eabi/lib/thumb/v7e-m\libc.a(lib_a-iprintf.o)
                0x00402d38                iprintf
 .text          0x00402d60      0x134 c:/program files (x86)/atmel/studio/7.0/toolchain/arm/arm-gnu-toolchain/bin/../lib/gcc/arm-none-eabi/6.3.1/../../../../arm-none-eabi/lib/thumb/v7e-m\libc.a(lib_a-memcpy.o)
                0x00402d60                memcpy
 .text.memset   0x00402e94       0x9c c:/program files (x86)/atmel/studio/7.0/toolchain/arm/arm-gnu-toolchain/bin/../lib/gcc/arm-none-eabi/6.3.1/../../../../arm-none-eabi/lib/thumb/v7e-m\libc.a(lib_a-memset.o)
                0x00402e94                memset
 .text._puts_r  0x00402f30       0x9c c:/program files (x86)/atmel/studio/7.0/toolchain/arm/arm-gnu-toolchain/bin/../lib/gcc/arm-none-eabi/6.3.1/../../../../arm-none-eabi/lib/thumb/v7e-m\libc.a(lib_a-puts.o)
                0x00402f30                _puts_r
 .text.puts     0x00402fcc       0x10 c:/program files (x86)/atmel/studio/7.0/toolchain/arm/arm-gnu-toolchain/bin/../lib/gcc/arm-none-eabi/6.3.1/../../../../arm-none-eabi/lib/thumb/v7e-m\libc.a(lib_a-puts.o)
                0x00402fcc                puts
 .text.setbuf   0x00402fdc       0x10 c:/program files (x86)/atmel/studio/7.0/toolchain/arm/arm-gnu-toolchain/bin/../lib/gcc/arm-none-eabi/6.3.1/../../../../arm-none-eabi/lib/thumb/v7e-m\libc.a(lib_a-setbuf.o)
                0x00402fdc                setbuf
 .text.setvbuf  0x00402fec      0x190 c:/program files (x86)/atmel/studio/7.0/toolchain/arm/arm-gnu-toolchain/bin/../lib/gcc/arm-none-eabi/6.3.1/../../../../arm-none-eabi/lib/thumb/v7e-m\libc.a(lib_a-setvbuf.o)
                0x00402fec                setvbuf
 *fill*         0x0040317c        0x4 
 .text          0x00403180       0xdc c:/program files (x86)/atmel/studio/7.0/toolchain/arm/arm-gnu-toolchain/bin/../lib/gcc/arm-none-eabi/6.3.1/../../../../arm-none-eabi/lib/thumb/v7e-m\libc.a(lib_a-strlen.o)
                0x00403180                strlen
 .text.__sprint_r.part.0
                0x0040325c       0x80 c:/program files (x86)/atmel/studio/7.0/toolchain/arm/arm-gnu-toolchain/bin/../lib/gcc/arm-none-eabi/6.3.1/../../../../arm-none-eabi/lib/thumb/v7e-m\libc.a(lib_a-vfiprintf.o)
 .text._vfiprintf_r
                0x004032dc      0xc90 c:/program files (x86)/atmel/studio/7.0/toolchain/arm/arm-gnu-toolchain/bin/../lib/gcc/arm-none-eabi/6.3.1/../../../../arm-none-eabi/lib/thumb/v7e-m\libc.a(lib_a-vfiprintf.o)
                0x004032dc                _vfiprintf_r
 .text.__sbprintf
                0x00403f6c       0x84 c:/program files (x86)/atmel/studio/7.0/toolchain/arm/arm-gnu-toolchain/bin/../lib/gcc/arm-none-eabi/6.3.1/../../../../arm-none-eabi/lib/thumb/v7e-m\libc.a(lib_a-vfiprintf.o)
 .text.__swsetup_r
                0x00403ff0       0xc8 c:/program files (x86)/atmel/studio/7.0/toolchain/arm/arm-gnu-toolchain/bin/../lib/gcc/arm-none-eabi/6.3.1/../../../../arm-none-eabi/lib/thumb/v7e-m\libc.a(lib_a-wsetup.o)
                0x00403ff0                __swsetup_r
 .text.startup.register_fini
                0x004040b8       0x14 c:/program files (x86)/atmel/studio/7.0/toolchain/arm/arm-gnu-toolchain/bin/../lib/gcc/arm-none-eabi/6.3.1/../../../../arm-none-eabi/lib/thumb/v7e-m\libc.a(lib_a-__call_atexit.o)
 .text.atexit   0x004040cc        0xc c:/program files (x86)/atmel/studio/7.0/toolchain/arm/arm-gnu-toolchain/bin/../lib/gcc/arm-none-eabi/6.3.1/../../../../arm-none-eabi/lib/thumb/v7e-m\libc.a(lib_a-atexit.o)
                0x004040cc                atexit
 .text.__sflush_r
                0x004040d8      0x140 c:/program files (x86)/atmel/studio/7.0/toolchain/arm/arm-gnu-toolchain/bin/../lib/gcc/arm-none-eabi/6.3.1/../../../../arm-none-eabi/lib/thumb/v7e-m\libc.a(lib_a-fflush.o)
                0x004040d8                __sflush_r
 .text._fflush_r
                0x00404218       0x54 c:/program files (x86)/atmel/studio/7.0/toolchain/arm/arm-gnu-toolchain/bin/../lib/gcc/arm-none-eabi/6.3.1/../../../../arm-none-eabi/lib/thumb/v7e-m\libc.a(lib_a-fflush.o)
                0x00404218                _fflush_r
 .text._cleanup_r
                0x0040426c        0xc c:/program files (x86)/atmel/studio/7.0/toolchain/arm/arm-gnu-toolchain/bin/../lib/gcc/arm-none-eabi/6.3.1/../../../../arm-none-eabi/lib/thumb/v7e-m\libc.a(lib_a-findfp.o)
                0x0040426c                _cleanup_r
 .text.std.isra.0
                0x00404278       0x50 c:/program files (x86)/atmel/studio/7.0/toolchain/arm/arm-gnu-toolchain/bin/../lib/gcc/arm-none-eabi/6.3.1/../../../../arm-none-eabi/lib/thumb/v7e-m\libc.a(lib_a-findfp.o)
 .text.__sinit  0x004042c8       0x58 c:/program files (x86)/atmel/studio/7.0/toolchain/arm/arm-gnu-toolchain/bin/../lib/gcc/arm-none-eabi/6.3.1/../../../../arm-none-eabi/lib/thumb/v7e-m\libc.a(lib_a-findfp.o)
                0x004042c8                __sinit
 .text.__sfp_lock_acquire
                0x00404320        0xc c:/program files (x86)/atmel/studio/7.0/toolchain/arm/arm-gnu-toolchain/bin/../lib/gcc/arm-none-eabi/6.3.1/../../../../arm-none-eabi/lib/thumb/v7e-m\libc.a(lib_a-findfp.o)
                0x00404320                __sfp_lock_acquire
 .text.__sfp_lock_release
                0x0040432c        0xc c:/program files (x86)/atmel/studio/7.0/toolchain/arm/arm-gnu-toolchain/bin/../lib/gcc/arm-none-eabi/6.3.1/../../../../arm-none-eabi/lib/thumb/v7e-m\libc.a(lib_a-findfp.o)
                0x0040432c                __sfp_lock_release
 .text.__libc_fini_array
                0x00404338       0x34 c:/program files (x86)/atmel/studio/7.0/toolchain/arm/arm-gnu-toolchain/bin/../lib/gcc/arm-none-eabi/6.3.1/../../../../arm-none-eabi/lib/thumb/v7e-m\libc.a(lib_a-fini.o)
                0x00404338                __libc_fini_array
 .text.__fputwc
                0x0040436c       0xa0 c:/program files (x86)/atmel/studio/7.0/toolchain/arm/arm-gnu-toolchain/bin/../lib/gcc/arm-none-eabi/6.3.1/../../../../arm-none-eabi/lib/thumb/v7e-m\libc.a(lib_a-fputwc.o)
                0x0040436c                __fputwc
 .text._fputwc_r
                0x0040440c       0x68 c:/program files (x86)/atmel/studio/7.0/toolchain/arm/arm-gnu-toolchain/bin/../lib/gcc/arm-none-eabi/6.3.1/../../../../arm-none-eabi/lib/thumb/v7e-m\libc.a(lib_a-fputwc.o)
                0x0040440c                _fputwc_r
 .text._malloc_trim_r
                0x00404474       0xa0 c:/program files (x86)/atmel/studio/7.0/toolchain/arm/arm-gnu-toolchain/bin/../lib/gcc/arm-none-eabi/6.3.1/../../../../arm-none-eabi/lib/thumb/v7e-m\libc.a(lib_a-freer.o)
                0x00404474                _malloc_trim_r
 .text._free_r  0x00404514      0x1cc c:/program files (x86)/atmel/studio/7.0/toolchain/arm/arm-gnu-toolchain/bin/../lib/gcc/arm-none-eabi/6.3.1/../../../../arm-none-eabi/lib/thumb/v7e-m\libc.a(lib_a-freer.o)
                0x00404514                _free_r
 .text.__sfvwrite_r
                0x004046e0      0x2f0 c:/program files (x86)/atmel/studio/7.0/toolchain/arm/arm-gnu-toolchain/bin/../lib/gcc/arm-none-eabi/6.3.1/../../../../arm-none-eabi/lib/thumb/v7e-m\libc.a(lib_a-fvwrite.o)
                0x004046e0                __sfvwrite_r
 .text._fwalk_reent
                0x004049d0       0x54 c:/program files (x86)/atmel/studio/7.0/toolchain/arm/arm-gnu-toolchain/bin/../lib/gcc/arm-none-eabi/6.3.1/../../../../arm-none-eabi/lib/thumb/v7e-m\libc.a(lib_a-fwalk.o)
                0x004049d0                _fwalk_reent
 .text.__locale_mb_cur_max
                0x00404a24       0x1c c:/program files (x86)/atmel/studio/7.0/toolchain/arm/arm-gnu-toolchain/bin/../lib/gcc/arm-none-eabi/6.3.1/../../../../arm-none-eabi/lib/thumb/v7e-m\libc.a(lib_a-locale.o)
                0x00404a24                __locale_mb_cur_max
 .text.__retarget_lock_init_recursive
                0x00404a40        0x4 c:/program files (x86)/atmel/studio/7.0/toolchain/arm/arm-gnu-toolchain/bin/../lib/gcc/arm-none-eabi/6.3.1/../../../../arm-none-eabi/lib/thumb/v7e-m\libc.a(lib_a-lock.o)
                0x00404a40                __retarget_lock_init_recursive
 .text.__retarget_lock_close_recursive
                0x00404a44        0x4 c:/program files (x86)/atmel/studio/7.0/toolchain/arm/arm-gnu-toolchain/bin/../lib/gcc/arm-none-eabi/6.3.1/../../../../arm-none-eabi/lib/thumb/v7e-m\libc.a(lib_a-lock.o)
                0x00404a44                __retarget_lock_close_recursive
 .text.__retarget_lock_acquire_recursive
                0x00404a48        0x4 c:/program files (x86)/atmel/studio/7.0/toolchain/arm/arm-gnu-toolchain/bin/../lib/gcc/arm-none-eabi/6.3.1/../../../../arm-none-eabi/lib/thumb/v7e-m\libc.a(lib_a-lock.o)
                0x00404a48                __retarget_lock_acquire_recursive
 .text.__retarget_lock_release_recursive
                0x00404a4c        0x4 c:/program files (x86)/atmel/studio/7.0/toolchain/arm/arm-gnu-toolchain/bin/../lib/gcc/arm-none-eabi/6.3.1/../../../../arm-none-eabi/lib/thumb/v7e-m\libc.a(lib_a-lock.o)
                0x00404a4c                __retarget_lock_release_recursive
 .text.__swhatbuf_r
                0x00404a50       0x5c c:/program files (x86)/atmel/studio/7.0/toolchain/arm/arm-gnu-toolchain/bin/../lib/gcc/arm-none-eabi/6.3.1/../../../../arm-none-eabi/lib/thumb/v7e-m\libc.a(lib_a-makebuf.o)
                0x00404a50                __swhatbuf_r
 .text.__smakebuf_r
                0x00404aac       0x94 c:/program files (x86)/atmel/studio/7.0/toolchain/arm/arm-gnu-toolchain/bin/../lib/gcc/arm-none-eabi/6.3.1/../../../../arm-none-eabi/lib/thumb/v7e-m\libc.a(lib_a-makebuf.o)
                0x00404aac                __smakebuf_r
 .text.malloc   0x00404b40       0x10 c:/program files (x86)/atmel/studio/7.0/toolchain/arm/arm-gnu-toolchain/bin/../lib/gcc/arm-none-eabi/6.3.1/../../../../arm-none-eabi/lib/thumb/v7e-m\libc.a(lib_a-malloc.o)
                0x00404b40                malloc
 .text._malloc_r
                0x00404b50      0x560 c:/program files (x86)/atmel/studio/7.0/toolchain/arm/arm-gnu-toolchain/bin/../lib/gcc/arm-none-eabi/6.3.1/../../../../arm-none-eabi/lib/thumb/v7e-m\libc.a(lib_a-mallocr.o)
                0x00404b50                _malloc_r
 .text.__ascii_mbtowc
                0x004050b0       0x2c c:/program files (x86)/atmel/studio/7.0/toolchain/arm/arm-gnu-toolchain/bin/../lib/gcc/arm-none-eabi/6.3.1/../../../../arm-none-eabi/lib/thumb/v7e-m\libc.a(lib_a-mbtowc_r.o)
                0x004050b0                __ascii_mbtowc
 *fill*         0x004050dc        0x4 
 .text          0x004050e0       0xa0 c:/program files (x86)/atmel/studio/7.0/toolchain/arm/arm-gnu-toolchain/bin/../lib/gcc/arm-none-eabi/6.3.1/../../../../arm-none-eabi/lib/thumb/v7e-m\libc.a(lib_a-memchr.o)
                0x004050e0                memchr
 .text.memmove  0x00405180       0xc8 c:/program files (x86)/atmel/studio/7.0/toolchain/arm/arm-gnu-toolchain/bin/../lib/gcc/arm-none-eabi/6.3.1/../../../../arm-none-eabi/lib/thumb/v7e-m\libc.a(lib_a-memmove.o)
                0x00405180                memmove
 .text.__malloc_lock
                0x00405248        0xc c:/program files (x86)/atmel/studio/7.0/toolchain/arm/arm-gnu-toolchain/bin/../lib/gcc/arm-none-eabi/6.3.1/../../../../arm-none-eabi/lib/thumb/v7e-m\libc.a(lib_a-mlock.o)
                0x00405248                __malloc_lock
 .text.__malloc_unlock
                0x00405254        0xc c:/program files (x86)/atmel/studio/7.0/toolchain/arm/arm-gnu-toolchain/bin/../lib/gcc/arm-none-eabi/6.3.1/../../../../arm-none-eabi/lib/thumb/v7e-m\libc.a(lib_a-mlock.o)
                0x00405254                __malloc_unlock
 .text._realloc_r
                0x00405260      0x34c c:/program files (x86)/atmel/studio/7.0/toolchain/arm/arm-gnu-toolchain/bin/../lib/gcc/arm-none-eabi/6.3.1/../../../../arm-none-eabi/lib/thumb/v7e-m\libc.a(lib_a-reallocr.o)
                0x00405260                _realloc_r
 .text._sbrk_r  0x004055ac       0x24 c:/program files (x86)/atmel/studio/7.0/toolchain/arm/arm-gnu-toolchain/bin/../lib/gcc/arm-none-eabi/6.3.1/../../../../arm-none-eabi/lib/thumb/v7e-m\libc.a(lib_a-sbrkr.o)
                0x004055ac                _sbrk_r
 .text.__sread  0x004055d0       0x24 c:/program files (x86)/atmel/studio/7.0/toolchain/arm/arm-gnu-toolchain/bin/../lib/gcc/arm-none-eabi/6.3.1/../../../../arm-none-eabi/lib/thumb/v7e-m\libc.a(lib_a-stdio.o)
                0x004055d0                __sread
 .text.__swrite
                0x004055f4       0x3c c:/program files (x86)/atmel/studio/7.0/toolchain/arm/arm-gnu-toolchain/bin/../lib/gcc/arm-none-eabi/6.3.1/../../../../arm-none-eabi/lib/thumb/v7e-m\libc.a(lib_a-stdio.o)
                0x004055f4                __swrite
 .text.__sseek  0x00405630       0x20 c:/program files (x86)/atmel/studio/7.0/toolchain/arm/arm-gnu-toolchain/bin/../lib/gcc/arm-none-eabi/6.3.1/../../../../arm-none-eabi/lib/thumb/v7e-m\libc.a(lib_a-stdio.o)
                0x00405630                __sseek
 .text.__sclose
                0x00405650        0x8 c:/program files (x86)/atmel/studio/7.0/toolchain/arm/arm-gnu-toolchain/bin/../lib/gcc/arm-none-eabi/6.3.1/../../../../arm-none-eabi/lib/thumb/v7e-m\libc.a(lib_a-stdio.o)
                0x00405650                __sclose
 .text.__swbuf_r
                0x00405658       0xb0 c:/program files (x86)/atmel/studio/7.0/toolchain/arm/arm-gnu-toolchain/bin/../lib/gcc/arm-none-eabi/6.3.1/../../../../arm-none-eabi/lib/thumb/v7e-m\libc.a(lib_a-wbuf.o)
                0x00405658                __swbuf_r
 .text._wcrtomb_r
                0x00405708       0x54 c:/program files (x86)/atmel/studio/7.0/toolchain/arm/arm-gnu-toolchain/bin/../lib/gcc/arm-none-eabi/6.3.1/../../../../arm-none-eabi/lib/thumb/v7e-m\libc.a(lib_a-wcrtomb.o)
                0x00405708                _wcrtomb_r
 .text.__ascii_wctomb
                0x0040575c       0x1c c:/program files (x86)/atmel/studio/7.0/toolchain/arm/arm-gnu-toolchain/bin/../lib/gcc/arm-none-eabi/6.3.1/../../../../arm-none-eabi/lib/thumb/v7e-m\libc.a(lib_a-wctomb_r.o)
                0x0040575c                __ascii_wctomb
 .text._write_r
                0x00405778       0x2c c:/program files (x86)/atmel/studio/7.0/toolchain/arm/arm-gnu-toolchain/bin/../lib/gcc/arm-none-eabi/6.3.1/../../../../arm-none-eabi/lib/thumb/v7e-m\libc.a(lib_a-writer.o)
                0x00405778                _write_r
 .text.__register_exitproc
                0x004057a4       0xc4 c:/program files (x86)/atmel/studio/7.0/toolchain/arm/arm-gnu-toolchain/bin/../lib/gcc/arm-none-eabi/6.3.1/../../../../arm-none-eabi/lib/thumb/v7e-m\libc.a(lib_a-__atexit.o)
                0x004057a4                __register_exitproc
 .text._close_r
                0x00405868       0x24 c:/program files (x86)/atmel/studio/7.0/toolchain/arm/arm-gnu-toolchain/bin/../lib/gcc/arm-none-eabi/6.3.1/../../../../arm-none-eabi/lib/thumb/v7e-m\libc.a(lib_a-closer.o)
                0x00405868                _close_r
 .text._fclose_r
                0x0040588c       0xc4 c:/program files (x86)/atmel/studio/7.0/toolchain/arm/arm-gnu-toolchain/bin/../lib/gcc/arm-none-eabi/6.3.1/../../../../arm-none-eabi/lib/thumb/v7e-m\libc.a(lib_a-fclose.o)
                0x0040588c                _fclose_r
 .text._fstat_r
                0x00405950       0x28 c:/program files (x86)/atmel/studio/7.0/toolchain/arm/arm-gnu-toolchain/bin/../lib/gcc/arm-none-eabi/6.3.1/../../../../arm-none-eabi/lib/thumb/v7e-m\libc.a(lib_a-fstatr.o)
                0x00405950                _fstat_r
 .text._isatty_r
                0x00405978       0x24 c:/program files (x86)/atmel/studio/7.0/toolchain/arm/arm-gnu-toolchain/bin/../lib/gcc/arm-none-eabi/6.3.1/../../../../arm-none-eabi/lib/thumb/v7e-m\libc.a(lib_a-isattyr.o)
                0x00405978                _isatty_r
 .text._lseek_r
                0x0040599c       0x2c c:/program files (x86)/atmel/studio/7.0/toolchain/arm/arm-gnu-toolchain/bin/../lib/gcc/arm-none-eabi/6.3.1/../../../../arm-none-eabi/lib/thumb/v7e-m\libc.a(lib_a-lseekr.o)
                0x0040599c                _lseek_r
 .text._read_r  0x004059c8       0x2c c:/program files (x86)/atmel/studio/7.0/toolchain/arm/arm-gnu-toolchain/bin/../lib/gcc/arm-none-eabi/6.3.1/../../../../arm-none-eabi/lib/thumb/v7e-m\libc.a(lib_a-readr.o)
                0x004059c8                _read_r
 *(.glue_7t)
 .glue_7t       0x004059f4        0x0 linker stubs
 *(.glue_7)
 .glue_7        0x004059f4        0x0 linker stubs
 *(.rodata .rodata* .gnu.linkonce.r.*)
 .rodata.gmac_display_ip_packet.str1.4
                0x004059f4      0x180 src/GMAC_Artnet.o
 .rodata.gmac_process_eth_packet.str1.4
                0x00405b74       0x54 src/GMAC_Artnet.o
 .rodata.init_gmac_ethernet.str1.4
                0x00405bc8       0x75 src/GMAC_Artnet.o
 *fill*         0x00405c3d        0x3 
 .rodata        0x00405c40        0x2 src/nRF24.o
 *fill*         0x00405c42        0x2 
 .rodata.printDetails.str1.4
                0x00405c44      0x12d src/nRF24.o
 *fill*         0x00405d71        0x3 
 .rodata.print_address_register.str1.4
                0x00405d74        0xd src/nRF24.o
                                 0x13 (size before relaxing)
 *fill*         0x00405d81        0x3 
 .rodata.print_byte_register.str1.4
                0x00405d84        0x8 src/nRF24.o
 .rodata.rf24_crclength_e_str_0
                0x00405d8c        0x9 src/nRF24.o
 *fill*         0x00405d95        0x3 
 .rodata.rf24_crclength_e_str_1
                0x00405d98        0x7 src/nRF24.o
 *fill*         0x00405d9f        0x1 
 .rodata.rf24_crclength_e_str_2
                0x00405da0        0x8 src/nRF24.o
 .rodata.rf24_crclength_e_str_P
                0x00405da8        0xc src/nRF24.o
 .rodata.rf24_datarate_e_str_0
                0x00405db4        0x6 src/nRF24.o
 *fill*         0x00405dba        0x2 
 .rodata.rf24_datarate_e_str_1
                0x00405dbc        0x6 src/nRF24.o
 *fill*         0x00405dc2        0x2 
 .rodata.rf24_datarate_e_str_2
                0x00405dc4        0x8 src/nRF24.o
 .rodata.rf24_datarate_e_str_P
                0x00405dcc        0xc src/nRF24.o
 .rodata.rf24_model_e_str_1
                0x00405dd8        0xa src/nRF24.o
 *fill*         0x00405de2        0x2 
 .rodata.rf24_pa_dbm_e_str_0
                0x00405de4        0x7 src/nRF24.o
 *fill*         0x00405deb        0x1 
 .rodata.rf24_pa_dbm_e_str_1
                0x00405dec        0x7 src/nRF24.o
 *fill*         0x00405df3        0x1 
 .rodata.rf24_pa_dbm_e_str_2
                0x00405df4        0x8 src/nRF24.o
 .rodata.rf24_pa_dbm_e_str_3
                0x00405dfc        0x7 src/nRF24.o
 *fill*         0x00405e03        0x1 
 .rodata.rf24_pa_dbm_e_str_P
                0x00405e04       0x10 src/nRF24.o
 .rodata.spi_master_initialize.str1.4
                0x00405e14       0x3e src/SAM_SPI.o
 *fill*         0x00405e52        0x2 
 .rodata.main.str1.4
                0x00405e54       0x50 src/main.o
                                 0x81 (size before relaxing)
 .rodata._global_impure_ptr
                0x00405ea4        0x4 c:/program files (x86)/atmel/studio/7.0/toolchain/arm/arm-gnu-toolchain/bin/../lib/gcc/arm-none-eabi/6.3.1/../../../../arm-none-eabi/lib/thumb/v7e-m\libc.a(lib_a-impure.o)
                0x00405ea4                _global_impure_ptr
 .rodata._puts_r.str1.4
                0x00405ea8       0x50 c:/program files (x86)/atmel/studio/7.0/toolchain/arm/arm-gnu-toolchain/bin/../lib/gcc/arm-none-eabi/6.3.1/../../../../arm-none-eabi/lib/thumb/v7e-m\libc.a(lib_a-puts.o)
                                  0x2 (size before relaxing)
 .rodata._vfiprintf_r.str1.4
                0x00405ea8       0x2f c:/program files (x86)/atmel/studio/7.0/toolchain/arm/arm-gnu-toolchain/bin/../lib/gcc/arm-none-eabi/6.3.1/../../../../arm-none-eabi/lib/thumb/v7e-m\libc.a(lib_a-vfiprintf.o)
 *fill*         0x00405ed7        0x1 
 .rodata.blanks.7217
                0x00405ed8       0x10 c:/program files (x86)/atmel/studio/7.0/toolchain/arm/arm-gnu-toolchain/bin/../lib/gcc/arm-none-eabi/6.3.1/../../../../arm-none-eabi/lib/thumb/v7e-m\libc.a(lib_a-vfiprintf.o)
 .rodata.zeroes.7218
                0x00405ee8       0x10 c:/program files (x86)/atmel/studio/7.0/toolchain/arm/arm-gnu-toolchain/bin/../lib/gcc/arm-none-eabi/6.3.1/../../../../arm-none-eabi/lib/thumb/v7e-m\libc.a(lib_a-vfiprintf.o)
 .rodata._setlocale_r.str1.4
                0x00405ef8        0xa c:/program files (x86)/atmel/studio/7.0/toolchain/arm/arm-gnu-toolchain/bin/../lib/gcc/arm-none-eabi/6.3.1/../../../../arm-none-eabi/lib/thumb/v7e-m\libc.a(lib_a-locale.o)
                                  0xd (size before relaxing)
 *fill*         0x00405f02        0x2 
 .rodata.str1.4
                0x00405f04        0x4 c:/program files (x86)/atmel/studio/7.0/toolchain/arm/arm-gnu-toolchain/bin/../lib/gcc/arm-none-eabi/6.3.1/../../../../arm-none-eabi/lib/thumb/v7e-m\libc.a(lib_a-locale.o)
                                  0x2 (size before relaxing)
 .rodata._ctype_
                0x00405f08      0x101 c:/program files (x86)/atmel/studio/7.0/toolchain/arm/arm-gnu-toolchain/bin/../lib/gcc/arm-none-eabi/6.3.1/../../../../arm-none-eabi/lib/thumb/v7e-m\libc.a(lib_a-ctype_.o)
                0x00405f08                _ctype_
 *(.ARM.extab* .gnu.linkonce.armextab.*)
                0x0040600c                . = ALIGN (0x4)
 *fill*         0x00406009        0x3 
 *(.init)
 .init          0x0040600c        0x4 c:/program files (x86)/atmel/studio/7.0/toolchain/arm/arm-gnu-toolchain/bin/../lib/gcc/arm-none-eabi/6.3.1/thumb/v7e-m/crti.o
                0x0040600c                _init
 .init          0x00406010        0x8 c:/program files (x86)/atmel/studio/7.0/toolchain/arm/arm-gnu-toolchain/bin/../lib/gcc/arm-none-eabi/6.3.1/thumb/v7e-m/crtn.o
                0x00406018                . = ALIGN (0x4)
                0x00406018                __preinit_array_start = .
 *(.preinit_array)
                0x00406018                __preinit_array_end = .
                0x00406018                . = ALIGN (0x4)
                0x00406018                __init_array_start = .
 *(SORT(.init_array.*))
 .init_array.00000
                0x00406018        0x4 c:/program files (x86)/atmel/studio/7.0/toolchain/arm/arm-gnu-toolchain/bin/../lib/gcc/arm-none-eabi/6.3.1/../../../../arm-none-eabi/lib/thumb/v7e-m\libc.a(lib_a-__call_atexit.o)
 *(.init_array)
 .init_array    0x0040601c        0x4 c:/program files (x86)/atmel/studio/7.0/toolchain/arm/arm-gnu-toolchain/bin/../lib/gcc/arm-none-eabi/6.3.1/thumb/v7e-m/crtbegin.o
                0x00406020                __init_array_end = .
                0x00406020                . = ALIGN (0x4)
 *crtbegin.o(.ctors)
 *(EXCLUDE_FILE(*crtend.o) .ctors)
 *(SORT(.ctors.*))
 *crtend.o(.ctors)
                0x00406020                . = ALIGN (0x4)
 *(.fini)
 .fini          0x00406020        0x4 c:/program files (x86)/atmel/studio/7.0/toolchain/arm/arm-gnu-toolchain/bin/../lib/gcc/arm-none-eabi/6.3.1/thumb/v7e-m/crti.o
                0x00406020                _fini
 .fini          0x00406024        0x8 c:/program files (x86)/atmel/studio/7.0/toolchain/arm/arm-gnu-toolchain/bin/../lib/gcc/arm-none-eabi/6.3.1/thumb/v7e-m/crtn.o
                0x0040602c                . = ALIGN (0x4)
                0x0040602c                __fini_array_start = .
 *(.fini_array)
 .fini_array    0x0040602c        0x4 c:/program files (x86)/atmel/studio/7.0/toolchain/arm/arm-gnu-toolchain/bin/../lib/gcc/arm-none-eabi/6.3.1/thumb/v7e-m/crtbegin.o
 *(SORT(.fini_array.*))
                0x00406030                __fini_array_end = .
 *crtbegin.o(.dtors)
 *(EXCLUDE_FILE(*crtend.o) .dtors)
 *(SORT(.dtors.*))
 *crtend.o(.dtors)
                0x00406030                . = ALIGN (0x4)
                0x00406030                _efixed = .
                [!provide]                PROVIDE (__exidx_start, .)

.vfp11_veneer   0x00406030        0x0
 .vfp11_veneer  0x00406030        0x0 linker stubs

.v4_bx          0x00406030        0x0
 .v4_bx         0x00406030        0x0 linker stubs

.iplt           0x00406030        0x0
 .iplt          0x00406030        0x0 c:/program files (x86)/atmel/studio/7.0/toolchain/arm/arm-gnu-toolchain/bin/../lib/gcc/arm-none-eabi/6.3.1/thumb/v7e-m/crtbegin.o

.ARM.exidx      0x00406030        0x8
 *(.ARM.exidx* .gnu.linkonce.armexidx.*)
 .ARM.exidx     0x00406030        0x8 c:/program files (x86)/atmel/studio/7.0/toolchain/arm/arm-gnu-toolchain/bin/../lib/gcc/arm-none-eabi/6.3.1/thumb/v7e-m\libgcc.a(_udivmoddi4.o)
                [!provide]                PROVIDE (__exidx_end, .)

.eh_frame       0x00406038        0x0
 .eh_frame      0x00406038        0x0 c:/program files (x86)/atmel/studio/7.0/toolchain/arm/arm-gnu-toolchain/bin/../lib/gcc/arm-none-eabi/6.3.1/thumb/v7e-m/crtbegin.o

.rel.dyn        0x00406038        0x0
 .rel.iplt      0x00406038        0x0 c:/program files (x86)/atmel/studio/7.0/toolchain/arm/arm-gnu-toolchain/bin/../lib/gcc/arm-none-eabi/6.3.1/thumb/v7e-m/crtbegin.o

.jcr            0x00406038        0x0
 .jcr           0x00406038        0x0 c:/program files (x86)/atmel/studio/7.0/toolchain/arm/arm-gnu-toolchain/bin/../lib/gcc/arm-none-eabi/6.3.1/thumb/v7e-m/crtbegin.o

.igot.plt       0x00406038        0x0
 .igot.plt      0x00406038        0x0 c:/program files (x86)/atmel/studio/7.0/toolchain/arm/arm-gnu-toolchain/bin/../lib/gcc/arm-none-eabi/6.3.1/thumb/v7e-m/crtbegin.o
                0x00406038                . = ALIGN (0x4)
                0x00406038                _etext = .

.relocate       0x20400000      0x9d8 load address 0x00406038
                0x20400000                . = ALIGN (0x4)
                0x20400000                _srelocate = .
 *(.ramfunc .ramfunc.*)
 .ramfunc       0x20400000        0xa src/ASF/common/services/delay/sam/cycle_counter.o
                0x20400000                portable_delay_cycles
 *(.data .data.*)
 *fill*         0x2040000a        0x2 
 .data.artnet_id
                0x2040000c        0x8 src/GMAC_Artnet.o
 .data.gs_uc_ip_address
                0x20400014        0x4 src/GMAC_Artnet.o
                0x20400014                gs_uc_ip_address
 .data.gs_uc_mac_address
                0x20400018        0x6 src/GMAC_Artnet.o
                0x20400018                gs_uc_mac_address
 *fill*         0x2040001e        0x2 
 .data.gs_ul_spi_clock
                0x20400020        0x4 src/SAM_SPI.o
                0x20400020                gs_ul_spi_clock
 .data.g_interrupt_enabled
                0x20400024        0x1 src/ASF/common/utils/interrupt/interrupt_sam_nvic.o
                0x20400024                g_interrupt_enabled
 *fill*         0x20400025        0x3 
 .data.SystemCoreClock
                0x20400028        0x4 src/ASF/sam/utils/cmsis/same70/source/templates/system_same70.o
                0x20400028                SystemCoreClock
 .data._impure_ptr
                0x2040002c        0x4 c:/program files (x86)/atmel/studio/7.0/toolchain/arm/arm-gnu-toolchain/bin/../lib/gcc/arm-none-eabi/6.3.1/../../../../arm-none-eabi/lib/thumb/v7e-m\libc.a(lib_a-impure.o)
                0x2040002c                _impure_ptr
 .data.impure_data
                0x20400030      0x428 c:/program files (x86)/atmel/studio/7.0/toolchain/arm/arm-gnu-toolchain/bin/../lib/gcc/arm-none-eabi/6.3.1/../../../../arm-none-eabi/lib/thumb/v7e-m\libc.a(lib_a-impure.o)
 .data.__atexit_recursive_mutex
                0x20400458        0x4 c:/program files (x86)/atmel/studio/7.0/toolchain/arm/arm-gnu-toolchain/bin/../lib/gcc/arm-none-eabi/6.3.1/../../../../arm-none-eabi/lib/thumb/v7e-m\libc.a(lib_a-__call_atexit.o)
                0x20400458                __atexit_recursive_mutex
 .data.__global_locale
                0x2040045c      0x16c c:/program files (x86)/atmel/studio/7.0/toolchain/arm/arm-gnu-toolchain/bin/../lib/gcc/arm-none-eabi/6.3.1/../../../../arm-none-eabi/lib/thumb/v7e-m\libc.a(lib_a-locale.o)
                0x2040045c                __global_locale
 .data.__malloc_av_
                0x204005c8      0x408 c:/program files (x86)/atmel/studio/7.0/toolchain/arm/arm-gnu-toolchain/bin/../lib/gcc/arm-none-eabi/6.3.1/../../../../arm-none-eabi/lib/thumb/v7e-m\libc.a(lib_a-mallocr.o)
                0x204005c8                __malloc_av_
 .data.__malloc_sbrk_base
                0x204009d0        0x4 c:/program files (x86)/atmel/studio/7.0/toolchain/arm/arm-gnu-toolchain/bin/../lib/gcc/arm-none-eabi/6.3.1/../../../../arm-none-eabi/lib/thumb/v7e-m\libc.a(lib_a-mallocr.o)
                0x204009d0                __malloc_sbrk_base
 .data.__malloc_trim_threshold
                0x204009d4        0x4 c:/program files (x86)/atmel/studio/7.0/toolchain/arm/arm-gnu-toolchain/bin/../lib/gcc/arm-none-eabi/6.3.1/../../../../arm-none-eabi/lib/thumb/v7e-m\libc.a(lib_a-mallocr.o)
                0x204009d4                __malloc_trim_threshold
                0x204009d8                . = ALIGN (0x4)
                0x204009d8                _erelocate = .

.bss            0x204009d8     0x4278 load address 0x00406a10
                0x204009d8                . = ALIGN (0x4)
                0x204009d8                _sbss = .
                0x204009d8                _szero = .
 *(.bss .bss.*)
 .bss           0x204009d8       0x1c c:/program files (x86)/atmel/studio/7.0/toolchain/arm/arm-gnu-toolchain/bin/../lib/gcc/arm-none-eabi/6.3.1/thumb/v7e-m/crtbegin.o
 *fill*         0x204009f4        0x4 
 .bss.gs_rx_desc
                0x204009f8       0x80 src/ASF/sam/drivers/gmac/gmac_raw_2.o
 .bss.gs_rx_desc_null
                0x20400a78        0x8 src/ASF/sam/drivers/gmac/gmac_raw_2.o
 .bss.gs_tx_callback
                0x20400a80       0x20 src/ASF/sam/drivers/gmac/gmac_raw_2.o
 .bss.gs_tx_desc
                0x20400aa0       0x40 src/ASF/sam/drivers/gmac/gmac_raw_2.o
 .bss.gs_tx_desc_null
                0x20400ae0        0x8 src/ASF/sam/drivers/gmac/gmac_raw_2.o
 .bss.gs_uc_rx_buffer
                0x20400ae8      0x800 src/ASF/sam/drivers/gmac/gmac_raw_2.o
 .bss.gs_uc_tx_buffer
                0x204012e8     0x2f70 src/ASF/sam/drivers/gmac/gmac_raw_2.o
 .bss.data.11303
                0x20404258        0x2 src/SAM_SPI.o
 *fill*         0x2040425a        0x2 
 .bss.ul_reg_val.9514
                0x2040425c        0x4 src/ASF/sam/drivers/usart/usart.o
 .bss.gs_interrupt_sources
                0x20404260       0x70 src/ASF/sam/drivers/pio/pio_handler.o
 .bss.heap.6420
                0x204042d0        0x4 src/ASF/sam/utils/syscalls/gcc/syscalls.o
 .bss.__malloc_current_mallinfo
                0x204042d4       0x28 c:/program files (x86)/atmel/studio/7.0/toolchain/arm/arm-gnu-toolchain/bin/../lib/gcc/arm-none-eabi/6.3.1/../../../../arm-none-eabi/lib/thumb/v7e-m\libc.a(lib_a-mallocr.o)
                0x204042d4                __malloc_current_mallinfo
 .bss.__malloc_max_sbrked_mem
                0x204042fc        0x4 c:/program files (x86)/atmel/studio/7.0/toolchain/arm/arm-gnu-toolchain/bin/../lib/gcc/arm-none-eabi/6.3.1/../../../../arm-none-eabi/lib/thumb/v7e-m\libc.a(lib_a-mallocr.o)
                0x204042fc                __malloc_max_sbrked_mem
 .bss.__malloc_max_total_mem
                0x20404300        0x4 c:/program files (x86)/atmel/studio/7.0/toolchain/arm/arm-gnu-toolchain/bin/../lib/gcc/arm-none-eabi/6.3.1/../../../../arm-none-eabi/lib/thumb/v7e-m\libc.a(lib_a-mallocr.o)
                0x20404300                __malloc_max_total_mem
 .bss.__malloc_top_pad
                0x20404304        0x4 c:/program files (x86)/atmel/studio/7.0/toolchain/arm/arm-gnu-toolchain/bin/../lib/gcc/arm-none-eabi/6.3.1/../../../../arm-none-eabi/lib/thumb/v7e-m\libc.a(lib_a-mallocr.o)
                0x20404304                __malloc_top_pad
 *(COMMON)
 COMMON         0x20404308        0x4 src/ASF/common/utils/stdio/read.o
                0x20404308                ptr_get
 COMMON         0x2040430c      0x904 src/GMAC_Artnet.o
                0x2040430c                gs_uc_eth_buffer
                0x2040490c                ul_frm_size
                0x20404910                artnet_data_buffer
                0x20404b10                gs_gmac_dev
                0x20404c04                ul_delay
                0x20404c08                gmac_option
 COMMON         0x20404c10       0x10 src/nRF24.o
                0x20404c10                addr_width
                0x20404c14                pipe0_reading_address
                0x20404c1c                txDelay
 COMMON         0x20404c20        0x8 src/ASF/common/utils/stdio/write.o
                0x20404c20                ptr_put
                0x20404c24                stdio_base
 COMMON         0x20404c28       0x21 c:/program files (x86)/atmel/studio/7.0/toolchain/arm/arm-gnu-toolchain/bin/../lib/gcc/arm-none-eabi/6.3.1/../../../../arm-none-eabi/lib/thumb/v7e-m\libc.a(lib_a-lock.o)
                0x20404c28                __lock___atexit_recursive_mutex
                0x20404c2c                __lock___arc4random_mutex
                0x20404c30                __lock___env_recursive_mutex
                0x20404c34                __lock___sinit_recursive_mutex
                0x20404c38                __lock___malloc_recursive_mutex
                0x20404c3c                __lock___at_quick_exit_mutex
                0x20404c40                __lock___dd_hash_mutex
                0x20404c44                __lock___tz_mutex
                0x20404c48                __lock___sfp_recursive_mutex
 *fill*         0x20404c49        0x3 
 COMMON         0x20404c4c        0x4 c:/program files (x86)/atmel/studio/7.0/toolchain/arm/arm-gnu-toolchain/bin/../lib/gcc/arm-none-eabi/6.3.1/../../../../arm-none-eabi/lib/thumb/v7e-m\libc.a(lib_a-reent.o)
                0x20404c4c                errno
                0x20404c50                . = ALIGN (0x4)
                0x20404c50                _ebss = .
                0x20404c50                _ezero = .

.stack          0x20404c50     0x2000 load address 0x0040ac88
                0x20404c50                . = ALIGN (0x8)
                0x20404c50                _sstack = .
                0x20406c50                . = (. + STACK_SIZE)
 *fill*         0x20404c50     0x2000 
                0x20406c50                . = ALIGN (0x8)
                0x20406c50                _estack = .

.heap           0x20406c50      0x200 load address 0x0040cc88
                0x20406c50                . = ALIGN (0x8)
                0x20406c50                _sheap = .
                0x20406e50                . = (. + HEAP_SIZE)
 *fill*         0x20406c50      0x200 
                0x20406e50                . = ALIGN (0x8)
                0x20406e50                _eheap = .
                0x20406e50                . = ALIGN (0x4)
                0x20406e50                _end = .
                0x2045ffff                _ram_end_ = ((ORIGIN (ram) + LENGTH (ram)) - 0x1)
OUTPUT(MasterNode_Rev0.elf elf32-littlearm)

.ARM.attributes
                0x00000000       0x2e
 .ARM.attributes
                0x00000000       0x1e c:/program files (x86)/atmel/studio/7.0/toolchain/arm/arm-gnu-toolchain/bin/../lib/gcc/arm-none-eabi/6.3.1/thumb/v7e-m/crti.o
 .ARM.attributes
                0x0000001e       0x2e c:/program files (x86)/atmel/studio/7.0/toolchain/arm/arm-gnu-toolchain/bin/../lib/gcc/arm-none-eabi/6.3.1/thumb/v7e-m/crtbegin.o
 .ARM.attributes
                0x0000004c       0x37 src/ASF/common/utils/stdio/read.o
 .ARM.attributes
                0x00000083       0x37 src/ASF/sam/components/ethernet_phy/ksz8081rna/ethernet_phy.o
 .ARM.attributes
                0x000000ba       0x37 src/ASF/sam/drivers/gmac/gmac_raw_2.o
 .ARM.attributes
                0x000000f1       0x37 src/GMAC_Artnet.o
 .ARM.attributes
                0x00000128       0x37 src/nRF24.o
 .ARM.attributes
                0x0000015f       0x37 src/SAM_SPI.o
 .ARM.attributes
                0x00000196       0x37 src/ASF/sam/drivers/twihs/twihs.o
 .ARM.attributes
                0x000001cd       0x37 src/ASF/sam/drivers/gmac/gmac_phy.o
 .ARM.attributes
                0x00000204       0x37 src/ASF/sam/drivers/spi/spi.o
 .ARM.attributes
                0x0000023b       0x37 src/ASF/sam/drivers/usart/usart.o
 .ARM.attributes
                0x00000272       0x37 src/ASF/common/utils/stdio/write.o
 .ARM.attributes
                0x000002a9       0x37 src/ASF/sam/drivers/uart/uart.o
 .ARM.attributes
                0x000002e0       0x37 src/ASF/common/services/delay/sam/cycle_counter.o
 .ARM.attributes
                0x00000317       0x37 src/ASF/common/services/clock/same70/sysclk.o
 .ARM.attributes
                0x0000034e       0x37 src/ASF/common/utils/interrupt/interrupt_sam_nvic.o
 .ARM.attributes
                0x00000385       0x37 src/ASF/sam/boards/same70_xplained/init.o
 .ARM.attributes
                0x000003bc       0x37 src/ASF/sam/drivers/pio/pio.o
 .ARM.attributes
                0x000003f3       0x37 src/ASF/sam/drivers/pio/pio_handler.o
 .ARM.attributes
                0x0000042a       0x37 src/ASF/sam/drivers/pmc/pmc.o
 .ARM.attributes
                0x00000461       0x37 src/ASF/sam/utils/cmsis/same70/source/templates/gcc/startup_same70.o
 .ARM.attributes
                0x00000498       0x37 src/ASF/sam/utils/cmsis/same70/source/templates/system_same70.o
 .ARM.attributes
                0x000004cf       0x37 src/ASF/sam/utils/syscalls/gcc/syscalls.o
 .ARM.attributes
                0x00000506       0x37 src/main.o
 .ARM.attributes
                0x0000053d       0x1e c:/program files (x86)/atmel/studio/7.0/toolchain/arm/arm-gnu-toolchain/bin/../lib/gcc/arm-none-eabi/6.3.1/thumb/v7e-m\libgcc.a(_aeabi_uldivmod.o)
 .ARM.attributes
                0x0000055b       0x2e c:/program files (x86)/atmel/studio/7.0/toolchain/arm/arm-gnu-toolchain/bin/../lib/gcc/arm-none-eabi/6.3.1/thumb/v7e-m\libgcc.a(_udivmoddi4.o)
 .ARM.attributes
                0x00000589       0x1e c:/program files (x86)/atmel/studio/7.0/toolchain/arm/arm-gnu-toolchain/bin/../lib/gcc/arm-none-eabi/6.3.1/thumb/v7e-m\libgcc.a(_dvmd_tls.o)
 .ARM.attributes
                0x000005a7       0x2e c:/program files (x86)/atmel/studio/7.0/toolchain/arm/arm-gnu-toolchain/bin/../lib/gcc/arm-none-eabi/6.3.1/../../../../arm-none-eabi/lib/thumb/v7e-m\libc.a(lib_a-impure.o)
 .ARM.attributes
                0x000005d5       0x2e c:/program files (x86)/atmel/studio/7.0/toolchain/arm/arm-gnu-toolchain/bin/../lib/gcc/arm-none-eabi/6.3.1/../../../../arm-none-eabi/lib/thumb/v7e-m\libc.a(lib_a-init.o)
 .ARM.attributes
                0x00000603       0x2e c:/program files (x86)/atmel/studio/7.0/toolchain/arm/arm-gnu-toolchain/bin/../lib/gcc/arm-none-eabi/6.3.1/../../../../arm-none-eabi/lib/thumb/v7e-m\libc.a(lib_a-iprintf.o)
 .ARM.attributes
                0x00000631       0x1c c:/program files (x86)/atmel/studio/7.0/toolchain/arm/arm-gnu-toolchain/bin/../lib/gcc/arm-none-eabi/6.3.1/../../../../arm-none-eabi/lib/thumb/v7e-m\libc.a(lib_a-memcpy.o)
 .ARM.attributes
                0x0000064d       0x2e c:/program files (x86)/atmel/studio/7.0/toolchain/arm/arm-gnu-toolchain/bin/../lib/gcc/arm-none-eabi/6.3.1/../../../../arm-none-eabi/lib/thumb/v7e-m\libc.a(lib_a-memset.o)
 .ARM.attributes
                0x0000067b       0x2e c:/program files (x86)/atmel/studio/7.0/toolchain/arm/arm-gnu-toolchain/bin/../lib/gcc/arm-none-eabi/6.3.1/../../../../arm-none-eabi/lib/thumb/v7e-m\libc.a(lib_a-puts.o)
 .ARM.attributes
                0x000006a9       0x2e c:/program files (x86)/atmel/studio/7.0/toolchain/arm/arm-gnu-toolchain/bin/../lib/gcc/arm-none-eabi/6.3.1/../../../../arm-none-eabi/lib/thumb/v7e-m\libc.a(lib_a-setbuf.o)
 .ARM.attributes
                0x000006d7       0x2e c:/program files (x86)/atmel/studio/7.0/toolchain/arm/arm-gnu-toolchain/bin/../lib/gcc/arm-none-eabi/6.3.1/../../../../arm-none-eabi/lib/thumb/v7e-m\libc.a(lib_a-setvbuf.o)
 .ARM.attributes
                0x00000705       0x1c c:/program files (x86)/atmel/studio/7.0/toolchain/arm/arm-gnu-toolchain/bin/../lib/gcc/arm-none-eabi/6.3.1/../../../../arm-none-eabi/lib/thumb/v7e-m\libc.a(lib_a-strlen.o)
 .ARM.attributes
                0x00000721       0x2e c:/program files (x86)/atmel/studio/7.0/toolchain/arm/arm-gnu-toolchain/bin/../lib/gcc/arm-none-eabi/6.3.1/../../../../arm-none-eabi/lib/thumb/v7e-m\libc.a(lib_a-vfiprintf.o)
 .ARM.attributes
                0x0000074f       0x2e c:/program files (x86)/atmel/studio/7.0/toolchain/arm/arm-gnu-toolchain/bin/../lib/gcc/arm-none-eabi/6.3.1/../../../../arm-none-eabi/lib/thumb/v7e-m\libc.a(lib_a-wsetup.o)
 .ARM.attributes
                0x0000077d       0x2e c:/program files (x86)/atmel/studio/7.0/toolchain/arm/arm-gnu-toolchain/bin/../lib/gcc/arm-none-eabi/6.3.1/../../../../arm-none-eabi/lib/thumb/v7e-m\libc.a(lib_a-__call_atexit.o)
 .ARM.attributes
                0x000007ab       0x2e c:/program files (x86)/atmel/studio/7.0/toolchain/arm/arm-gnu-toolchain/bin/../lib/gcc/arm-none-eabi/6.3.1/../../../../arm-none-eabi/lib/thumb/v7e-m\libc.a(lib_a-atexit.o)
 .ARM.attributes
                0x000007d9       0x2e c:/program files (x86)/atmel/studio/7.0/toolchain/arm/arm-gnu-toolchain/bin/../lib/gcc/arm-none-eabi/6.3.1/../../../../arm-none-eabi/lib/thumb/v7e-m\libc.a(lib_a-fflush.o)
 .ARM.attributes
                0x00000807       0x2e c:/program files (x86)/atmel/studio/7.0/toolchain/arm/arm-gnu-toolchain/bin/../lib/gcc/arm-none-eabi/6.3.1/../../../../arm-none-eabi/lib/thumb/v7e-m\libc.a(lib_a-findfp.o)
 .ARM.attributes
                0x00000835       0x2e c:/program files (x86)/atmel/studio/7.0/toolchain/arm/arm-gnu-toolchain/bin/../lib/gcc/arm-none-eabi/6.3.1/../../../../arm-none-eabi/lib/thumb/v7e-m\libc.a(lib_a-fini.o)
 .ARM.attributes
                0x00000863       0x2e c:/program files (x86)/atmel/studio/7.0/toolchain/arm/arm-gnu-toolchain/bin/../lib/gcc/arm-none-eabi/6.3.1/../../../../arm-none-eabi/lib/thumb/v7e-m\libc.a(lib_a-fputwc.o)
 .ARM.attributes
                0x00000891       0x2e c:/program files (x86)/atmel/studio/7.0/toolchain/arm/arm-gnu-toolchain/bin/../lib/gcc/arm-none-eabi/6.3.1/../../../../arm-none-eabi/lib/thumb/v7e-m\libc.a(lib_a-freer.o)
 .ARM.attributes
                0x000008bf       0x2e c:/program files (x86)/atmel/studio/7.0/toolchain/arm/arm-gnu-toolchain/bin/../lib/gcc/arm-none-eabi/6.3.1/../../../../arm-none-eabi/lib/thumb/v7e-m\libc.a(lib_a-fvwrite.o)
 .ARM.attributes
                0x000008ed       0x2e c:/program files (x86)/atmel/studio/7.0/toolchain/arm/arm-gnu-toolchain/bin/../lib/gcc/arm-none-eabi/6.3.1/../../../../arm-none-eabi/lib/thumb/v7e-m\libc.a(lib_a-fwalk.o)
 .ARM.attributes
                0x0000091b       0x2e c:/program files (x86)/atmel/studio/7.0/toolchain/arm/arm-gnu-toolchain/bin/../lib/gcc/arm-none-eabi/6.3.1/../../../../arm-none-eabi/lib/thumb/v7e-m\libc.a(lib_a-locale.o)
 .ARM.attributes
                0x00000949       0x2e c:/program files (x86)/atmel/studio/7.0/toolchain/arm/arm-gnu-toolchain/bin/../lib/gcc/arm-none-eabi/6.3.1/../../../../arm-none-eabi/lib/thumb/v7e-m\libc.a(lib_a-lock.o)
 .ARM.attributes
                0x00000977       0x2e c:/program files (x86)/atmel/studio/7.0/toolchain/arm/arm-gnu-toolchain/bin/../lib/gcc/arm-none-eabi/6.3.1/../../../../arm-none-eabi/lib/thumb/v7e-m\libc.a(lib_a-makebuf.o)
 .ARM.attributes
                0x000009a5       0x2e c:/program files (x86)/atmel/studio/7.0/toolchain/arm/arm-gnu-toolchain/bin/../lib/gcc/arm-none-eabi/6.3.1/../../../../arm-none-eabi/lib/thumb/v7e-m\libc.a(lib_a-malloc.o)
 .ARM.attributes
                0x000009d3       0x2e c:/program files (x86)/atmel/studio/7.0/toolchain/arm/arm-gnu-toolchain/bin/../lib/gcc/arm-none-eabi/6.3.1/../../../../arm-none-eabi/lib/thumb/v7e-m\libc.a(lib_a-mallocr.o)
 .ARM.attributes
                0x00000a01       0x2e c:/program files (x86)/atmel/studio/7.0/toolchain/arm/arm-gnu-toolchain/bin/../lib/gcc/arm-none-eabi/6.3.1/../../../../arm-none-eabi/lib/thumb/v7e-m\libc.a(lib_a-mbtowc_r.o)
 .ARM.attributes
                0x00000a2f       0x1c c:/program files (x86)/atmel/studio/7.0/toolchain/arm/arm-gnu-toolchain/bin/../lib/gcc/arm-none-eabi/6.3.1/../../../../arm-none-eabi/lib/thumb/v7e-m\libc.a(lib_a-memchr.o)
 .ARM.attributes
                0x00000a4b       0x2e c:/program files (x86)/atmel/studio/7.0/toolchain/arm/arm-gnu-toolchain/bin/../lib/gcc/arm-none-eabi/6.3.1/../../../../arm-none-eabi/lib/thumb/v7e-m\libc.a(lib_a-memmove.o)
 .ARM.attributes
                0x00000a79       0x2e c:/program files (x86)/atmel/studio/7.0/toolchain/arm/arm-gnu-toolchain/bin/../lib/gcc/arm-none-eabi/6.3.1/../../../../arm-none-eabi/lib/thumb/v7e-m\libc.a(lib_a-mlock.o)
 .ARM.attributes
                0x00000aa7       0x2e c:/program files (x86)/atmel/studio/7.0/toolchain/arm/arm-gnu-toolchain/bin/../lib/gcc/arm-none-eabi/6.3.1/../../../../arm-none-eabi/lib/thumb/v7e-m\libc.a(lib_a-reallocr.o)
 .ARM.attributes
                0x00000ad5       0x2e c:/program files (x86)/atmel/studio/7.0/toolchain/arm/arm-gnu-toolchain/bin/../lib/gcc/arm-none-eabi/6.3.1/../../../../arm-none-eabi/lib/thumb/v7e-m\libc.a(lib_a-sbrkr.o)
 .ARM.attributes
                0x00000b03       0x2e c:/program files (x86)/atmel/studio/7.0/toolchain/arm/arm-gnu-toolchain/bin/../lib/gcc/arm-none-eabi/6.3.1/../../../../arm-none-eabi/lib/thumb/v7e-m\libc.a(lib_a-stdio.o)
 .ARM.attributes
                0x00000b31       0x2e c:/program files (x86)/atmel/studio/7.0/toolchain/arm/arm-gnu-toolchain/bin/../lib/gcc/arm-none-eabi/6.3.1/../../../../arm-none-eabi/lib/thumb/v7e-m\libc.a(lib_a-wbuf.o)
 .ARM.attributes
                0x00000b5f       0x2e c:/program files (x86)/atmel/studio/7.0/toolchain/arm/arm-gnu-toolchain/bin/../lib/gcc/arm-none-eabi/6.3.1/../../../../arm-none-eabi/lib/thumb/v7e-m\libc.a(lib_a-wcrtomb.o)
 .ARM.attributes
                0x00000b8d       0x2e c:/program files (x86)/atmel/studio/7.0/toolchain/arm/arm-gnu-toolchain/bin/../lib/gcc/arm-none-eabi/6.3.1/../../../../arm-none-eabi/lib/thumb/v7e-m\libc.a(lib_a-wctomb_r.o)
 .ARM.attributes
                0x00000bbb       0x2e c:/program files (x86)/atmel/studio/7.0/toolchain/arm/arm-gnu-toolchain/bin/../lib/gcc/arm-none-eabi/6.3.1/../../../../arm-none-eabi/lib/thumb/v7e-m\libc.a(lib_a-writer.o)
 .ARM.attributes
                0x00000be9       0x2e c:/program files (x86)/atmel/studio/7.0/toolchain/arm/arm-gnu-toolchain/bin/../lib/gcc/arm-none-eabi/6.3.1/../../../../arm-none-eabi/lib/thumb/v7e-m\libc.a(lib_a-__atexit.o)
 .ARM.attributes
                0x00000c17       0x2e c:/program files (x86)/atmel/studio/7.0/toolchain/arm/arm-gnu-toolchain/bin/../lib/gcc/arm-none-eabi/6.3.1/../../../../arm-none-eabi/lib/thumb/v7e-m\libc.a(lib_a-closer.o)
 .ARM.attributes
                0x00000c45       0x2e c:/program files (x86)/atmel/studio/7.0/toolchain/arm/arm-gnu-toolchain/bin/../lib/gcc/arm-none-eabi/6.3.1/../../../../arm-none-eabi/lib/thumb/v7e-m\libc.a(lib_a-ctype_.o)
 .ARM.attributes
                0x00000c73       0x2e c:/program files (x86)/atmel/studio/7.0/toolchain/arm/arm-gnu-toolchain/bin/../lib/gcc/arm-none-eabi/6.3.1/../../../../arm-none-eabi/lib/thumb/v7e-m\libc.a(lib_a-fclose.o)
 .ARM.attributes
                0x00000ca1       0x2e c:/program files (x86)/atmel/studio/7.0/toolchain/arm/arm-gnu-toolchain/bin/../lib/gcc/arm-none-eabi/6.3.1/../../../../arm-none-eabi/lib/thumb/v7e-m\libc.a(lib_a-fstatr.o)
 .ARM.attributes
                0x00000ccf       0x2e c:/program files (x86)/atmel/studio/7.0/toolchain/arm/arm-gnu-toolchain/bin/../lib/gcc/arm-none-eabi/6.3.1/../../../../arm-none-eabi/lib/thumb/v7e-m\libc.a(lib_a-isattyr.o)
 .ARM.attributes
                0x00000cfd       0x2e c:/program files (x86)/atmel/studio/7.0/toolchain/arm/arm-gnu-toolchain/bin/../lib/gcc/arm-none-eabi/6.3.1/../../../../arm-none-eabi/lib/thumb/v7e-m\libc.a(lib_a-lseekr.o)
 .ARM.attributes
                0x00000d2b       0x2e c:/program files (x86)/atmel/studio/7.0/toolchain/arm/arm-gnu-toolchain/bin/../lib/gcc/arm-none-eabi/6.3.1/../../../../arm-none-eabi/lib/thumb/v7e-m\libc.a(lib_a-readr.o)
 .ARM.attributes
                0x00000d59       0x2e c:/program files (x86)/atmel/studio/7.0/toolchain/arm/arm-gnu-toolchain/bin/../lib/gcc/arm-none-eabi/6.3.1/../../../../arm-none-eabi/lib/thumb/v7e-m\libc.a(lib_a-reent.o)
 .ARM.attributes
                0x00000d87       0x1e c:/program files (x86)/atmel/studio/7.0/toolchain/arm/arm-gnu-toolchain/bin/../lib/gcc/arm-none-eabi/6.3.1/thumb/v7e-m/crtn.o

.comment        0x00000000       0x59
 .comment       0x00000000       0x59 src/ASF/common/utils/stdio/read.o
                                 0x5a (size before relaxing)
 .comment       0x00000059       0x5a src/ASF/sam/components/ethernet_phy/ksz8081rna/ethernet_phy.o
 .comment       0x00000059       0x5a src/ASF/sam/drivers/gmac/gmac_raw_2.o
 .comment       0x00000059       0x5a src/GMAC_Artnet.o
 .comment       0x00000059       0x5a src/nRF24.o
 .comment       0x00000059       0x5a src/SAM_SPI.o
 .comment       0x00000059       0x5a src/ASF/sam/drivers/twihs/twihs.o
 .comment       0x00000059       0x5a src/ASF/sam/drivers/gmac/gmac_phy.o
 .comment       0x00000059       0x5a src/ASF/sam/drivers/spi/spi.o
 .comment       0x00000059       0x5a src/ASF/sam/drivers/usart/usart.o
 .comment       0x00000059       0x5a src/ASF/common/utils/stdio/write.o
 .comment       0x00000059       0x5a src/ASF/sam/drivers/uart/uart.o
 .comment       0x00000059       0x5a src/ASF/common/services/delay/sam/cycle_counter.o
 .comment       0x00000059       0x5a src/ASF/common/services/clock/same70/sysclk.o
 .comment       0x00000059       0x5a src/ASF/common/utils/interrupt/interrupt_sam_nvic.o
 .comment       0x00000059       0x5a src/ASF/sam/boards/same70_xplained/init.o
 .comment       0x00000059       0x5a src/ASF/sam/drivers/pio/pio.o
 .comment       0x00000059       0x5a src/ASF/sam/drivers/pio/pio_handler.o
 .comment       0x00000059       0x5a src/ASF/sam/drivers/pmc/pmc.o
 .comment       0x00000059       0x5a src/ASF/sam/utils/cmsis/same70/source/templates/gcc/startup_same70.o
 .comment       0x00000059       0x5a src/ASF/sam/utils/cmsis/same70/source/templates/system_same70.o
 .comment       0x00000059       0x5a src/ASF/sam/utils/syscalls/gcc/syscalls.o
 .comment       0x00000059       0x5a src/main.o

.debug_info     0x00000000    0x2551e
 .debug_info    0x00000000      0xac9 src/ASF/common/utils/stdio/read.o
 .debug_info    0x00000ac9     0x2798 src/ASF/sam/components/ethernet_phy/ksz8081rna/ethernet_phy.o
 .debug_info    0x00003261     0x314d src/ASF/sam/drivers/gmac/gmac_raw_2.o
 .debug_info    0x000063ae     0x3119 src/GMAC_Artnet.o
 .debug_info    0x000094c7     0x2b7c src/nRF24.o
 .debug_info    0x0000c043     0x192f src/SAM_SPI.o
 .debug_info    0x0000d972     0x1599 src/ASF/sam/drivers/twihs/twihs.o
 .debug_info    0x0000ef0b     0x19b6 src/ASF/sam/drivers/gmac/gmac_phy.o
 .debug_info    0x000108c1     0x1181 src/ASF/sam/drivers/spi/spi.o
 .debug_info    0x00011a42     0x23ac src/ASF/sam/drivers/usart/usart.o
 .debug_info    0x00013dee      0xac6 src/ASF/common/utils/stdio/write.o
 .debug_info    0x000148b4     0x1072 src/ASF/sam/drivers/uart/uart.o
 .debug_info    0x00015926      0xa45 src/ASF/common/services/delay/sam/cycle_counter.o
 .debug_info    0x0001636b     0x12a4 src/ASF/common/services/clock/same70/sysclk.o
 .debug_info    0x0001760f      0xaff src/ASF/common/utils/interrupt/interrupt_sam_nvic.o
 .debug_info    0x0001810e     0x24a7 src/ASF/sam/boards/same70_xplained/init.o
 .debug_info    0x0001a5b5     0x2174 src/ASF/sam/drivers/pio/pio.o
 .debug_info    0x0001c729     0x1bb2 src/ASF/sam/drivers/pio/pio_handler.o
 .debug_info    0x0001e2db     0x1f1c src/ASF/sam/drivers/pmc/pmc.o
 .debug_info    0x000201f7     0x15fe src/ASF/sam/utils/cmsis/same70/source/templates/gcc/startup_same70.o
 .debug_info    0x000217f5      0x5d0 src/ASF/sam/utils/cmsis/same70/source/templates/system_same70.o
 .debug_info    0x00021dc5      0xdb0 src/ASF/sam/utils/syscalls/gcc/syscalls.o
 .debug_info    0x00022b75     0x29a9 src/main.o

.debug_abbrev   0x00000000     0x48f1
 .debug_abbrev  0x00000000      0x1fe src/ASF/common/utils/stdio/read.o
 .debug_abbrev  0x000001fe      0x3b2 src/ASF/sam/components/ethernet_phy/ksz8081rna/ethernet_phy.o
 .debug_abbrev  0x000005b0      0x482 src/ASF/sam/drivers/gmac/gmac_raw_2.o
 .debug_abbrev  0x00000a32      0x4a2 src/GMAC_Artnet.o
 .debug_abbrev  0x00000ed4      0x543 src/nRF24.o
 .debug_abbrev  0x00001417      0x369 src/SAM_SPI.o
 .debug_abbrev  0x00001780      0x39f src/ASF/sam/drivers/twihs/twihs.o
 .debug_abbrev  0x00001b1f      0x2a5 src/ASF/sam/drivers/gmac/gmac_phy.o
 .debug_abbrev  0x00001dc4      0x3b2 src/ASF/sam/drivers/spi/spi.o
 .debug_abbrev  0x00002176      0x3ca src/ASF/sam/drivers/usart/usart.o
 .debug_abbrev  0x00002540      0x1e9 src/ASF/common/utils/stdio/write.o
 .debug_abbrev  0x00002729      0x27b src/ASF/sam/drivers/uart/uart.o
 .debug_abbrev  0x000029a4      0x1b3 src/ASF/common/services/delay/sam/cycle_counter.o
 .debug_abbrev  0x00002b57      0x31f src/ASF/common/services/clock/same70/sysclk.o
 .debug_abbrev  0x00002e76      0x221 src/ASF/common/utils/interrupt/interrupt_sam_nvic.o
 .debug_abbrev  0x00003097      0x338 src/ASF/sam/boards/same70_xplained/init.o
 .debug_abbrev  0x000033cf      0x410 src/ASF/sam/drivers/pio/pio.o
 .debug_abbrev  0x000037df      0x34d src/ASF/sam/drivers/pio/pio_handler.o
 .debug_abbrev  0x00003b2c      0x398 src/ASF/sam/drivers/pmc/pmc.o
 .debug_abbrev  0x00003ec4      0x2f3 src/ASF/sam/utils/cmsis/same70/source/templates/gcc/startup_same70.o
 .debug_abbrev  0x000041b7      0x102 src/ASF/sam/utils/cmsis/same70/source/templates/system_same70.o
 .debug_abbrev  0x000042b9      0x264 src/ASF/sam/utils/syscalls/gcc/syscalls.o
 .debug_abbrev  0x0000451d      0x3d4 src/main.o

.debug_loc      0x00000000     0x9a7a
 .debug_loc     0x00000000       0xb3 src/ASF/common/utils/stdio/read.o
 .debug_loc     0x000000b3      0xc51 src/ASF/sam/components/ethernet_phy/ksz8081rna/ethernet_phy.o
 .debug_loc     0x00000d04     0x1c2d src/ASF/sam/drivers/gmac/gmac_raw_2.o
 .debug_loc     0x00002931      0xb42 src/GMAC_Artnet.o
 .debug_loc     0x00003473     0x11dc src/nRF24.o
 .debug_loc     0x0000464f      0x203 src/SAM_SPI.o
 .debug_loc     0x00004852      0xc2c src/ASF/sam/drivers/twihs/twihs.o
 .debug_loc     0x0000547e      0x245 src/ASF/sam/drivers/gmac/gmac_phy.o
 .debug_loc     0x000056c3      0x610 src/ASF/sam/drivers/spi/spi.o
 .debug_loc     0x00005cd3      0xf35 src/ASF/sam/drivers/usart/usart.o
 .debug_loc     0x00006c08      0x12b src/ASF/common/utils/stdio/write.o
 .debug_loc     0x00006d33      0x2a3 src/ASF/sam/drivers/uart/uart.o
 .debug_loc     0x00006fd6      0x183 src/ASF/common/services/clock/same70/sysclk.o
 .debug_loc     0x00007159      0x372 src/ASF/sam/boards/same70_xplained/init.o
 .debug_loc     0x000074cb      0xea4 src/ASF/sam/drivers/pio/pio.o
 .debug_loc     0x0000836f      0x59f src/ASF/sam/drivers/pio/pio_handler.o
 .debug_loc     0x0000890e      0xc33 src/ASF/sam/drivers/pmc/pmc.o
 .debug_loc     0x00009541       0x77 src/ASF/sam/utils/cmsis/same70/source/templates/gcc/startup_same70.o
 .debug_loc     0x000095b8       0xfd src/ASF/sam/utils/syscalls/gcc/syscalls.o
 .debug_loc     0x000096b5      0x3c5 src/main.o

.debug_aranges  0x00000000      0xdd8
 .debug_aranges
                0x00000000       0x20 src/ASF/common/utils/stdio/read.o
 .debug_aranges
                0x00000020       0x38 src/ASF/sam/components/ethernet_phy/ksz8081rna/ethernet_phy.o
 .debug_aranges
                0x00000058       0x90 src/ASF/sam/drivers/gmac/gmac_raw_2.o
 .debug_aranges
                0x000000e8       0x68 src/GMAC_Artnet.o
 .debug_aranges
                0x00000150      0x118 src/nRF24.o
 .debug_aranges
                0x00000268       0x28 src/SAM_SPI.o
 .debug_aranges
                0x00000290       0xe8 src/ASF/sam/drivers/twihs/twihs.o
 .debug_aranges
                0x00000378       0x28 src/ASF/sam/drivers/gmac/gmac_phy.o
 .debug_aranges
                0x000003a0       0x90 src/ASF/sam/drivers/spi/spi.o
 .debug_aranges
                0x00000430      0x2a8 src/ASF/sam/drivers/usart/usart.o
 .debug_aranges
                0x000006d8       0x20 src/ASF/common/utils/stdio/write.o
 .debug_aranges
                0x000006f8       0xd8 src/ASF/sam/drivers/uart/uart.o
 .debug_aranges
                0x000007d0       0x20 src/ASF/common/services/delay/sam/cycle_counter.o
 .debug_aranges
                0x000007f0       0x40 src/ASF/common/services/clock/same70/sysclk.o
 .debug_aranges
                0x00000830       0x28 src/ASF/common/utils/interrupt/interrupt_sam_nvic.o
 .debug_aranges
                0x00000858       0x20 src/ASF/sam/boards/same70_xplained/init.o
 .debug_aranges
                0x00000878      0x1a8 src/ASF/sam/drivers/pio/pio.o
 .debug_aranges
                0x00000a20       0x60 src/ASF/sam/drivers/pio/pio_handler.o
 .debug_aranges
                0x00000a80      0x270 src/ASF/sam/drivers/pmc/pmc.o
 .debug_aranges
                0x00000cf0       0x28 src/ASF/sam/utils/cmsis/same70/source/templates/gcc/startup_same70.o
 .debug_aranges
                0x00000d18       0x30 src/ASF/sam/utils/cmsis/same70/source/templates/system_same70.o
 .debug_aranges
                0x00000d48       0x60 src/ASF/sam/utils/syscalls/gcc/syscalls.o
 .debug_aranges
                0x00000da8       0x30 src/main.o

.debug_ranges   0x00000000      0xef0
 .debug_ranges  0x00000000       0x10 src/ASF/common/utils/stdio/read.o
 .debug_ranges  0x00000010       0xe8 src/ASF/sam/components/ethernet_phy/ksz8081rna/ethernet_phy.o
 .debug_ranges  0x000000f8       0xb0 src/ASF/sam/drivers/gmac/gmac_raw_2.o
 .debug_ranges  0x000001a8       0x88 src/GMAC_Artnet.o
 .debug_ranges  0x00000230      0x150 src/nRF24.o
 .debug_ranges  0x00000380       0x18 src/SAM_SPI.o
 .debug_ranges  0x00000398       0xd8 src/ASF/sam/drivers/twihs/twihs.o
 .debug_ranges  0x00000470       0x18 src/ASF/sam/drivers/gmac/gmac_phy.o
 .debug_ranges  0x00000488       0x80 src/ASF/sam/drivers/spi/spi.o
 .debug_ranges  0x00000508      0x298 src/ASF/sam/drivers/usart/usart.o
 .debug_ranges  0x000007a0       0x10 src/ASF/common/utils/stdio/write.o
 .debug_ranges  0x000007b0       0xc8 src/ASF/sam/drivers/uart/uart.o
 .debug_ranges  0x00000878       0x10 src/ASF/common/services/delay/sam/cycle_counter.o
 .debug_ranges  0x00000888       0x30 src/ASF/common/services/clock/same70/sysclk.o
 .debug_ranges  0x000008b8       0x18 src/ASF/common/utils/interrupt/interrupt_sam_nvic.o
 .debug_ranges  0x000008d0       0x10 src/ASF/sam/boards/same70_xplained/init.o
 .debug_ranges  0x000008e0      0x2a0 src/ASF/sam/drivers/pio/pio.o
 .debug_ranges  0x00000b80       0x68 src/ASF/sam/drivers/pio/pio_handler.o
 .debug_ranges  0x00000be8      0x260 src/ASF/sam/drivers/pmc/pmc.o
 .debug_ranges  0x00000e48       0x18 src/ASF/sam/utils/cmsis/same70/source/templates/gcc/startup_same70.o
 .debug_ranges  0x00000e60       0x20 src/ASF/sam/utils/cmsis/same70/source/templates/system_same70.o
 .debug_ranges  0x00000e80       0x50 src/ASF/sam/utils/syscalls/gcc/syscalls.o
 .debug_ranges  0x00000ed0       0x20 src/main.o

.debug_macro    0x00000000     0xb5f1
 .debug_macro   0x00000000      0x68a src/ASF/common/utils/stdio/read.o
 .debug_macro   0x0000068a      0x6e0 src/ASF/sam/components/ethernet_phy/ksz8081rna/ethernet_phy.o
 .debug_macro   0x00000d6a      0x175 src/ASF/sam/components/ethernet_phy/ksz8081rna/ethernet_phy.o
 .debug_macro   0x00000edf       0x94 src/ASF/sam/components/ethernet_phy/ksz8081rna/ethernet_phy.o
 .debug_macro   0x00000f73      0x12a src/ASF/sam/components/ethernet_phy/ksz8081rna/ethernet_phy.o
 .debug_macro   0x0000109d       0x94 src/ASF/sam/components/ethernet_phy/ksz8081rna/ethernet_phy.o
 .debug_macro   0x00001131      0x6f2 src/ASF/sam/drivers/gmac/gmac_raw_2.o
 .debug_macro   0x00001823       0x16 src/ASF/sam/drivers/gmac/gmac_raw_2.o
 .debug_macro   0x00001839       0x8e src/ASF/sam/drivers/gmac/gmac_raw_2.o
 .debug_macro   0x000018c7      0x86f src/GMAC_Artnet.o
 .debug_macro   0x00002136       0x28 src/GMAC_Artnet.o
 .debug_macro   0x0000215e       0x22 src/GMAC_Artnet.o
 .debug_macro   0x00002180      0x17b src/GMAC_Artnet.o
 .debug_macro   0x000022fb       0x40 src/GMAC_Artnet.o
 .debug_macro   0x0000233b       0x88 src/GMAC_Artnet.o
 .debug_macro   0x000023c3      0x1cf src/GMAC_Artnet.o
 .debug_macro   0x00002592       0x34 src/GMAC_Artnet.o
 .debug_macro   0x000025c6       0x16 src/GMAC_Artnet.o
 .debug_macro   0x000025dc       0x1c src/GMAC_Artnet.o
 .debug_macro   0x000025f8       0x1c src/GMAC_Artnet.o
 .debug_macro   0x00002614       0x2e src/GMAC_Artnet.o
 .debug_macro   0x00002642       0x28 src/GMAC_Artnet.o
 .debug_macro   0x0000266a       0x4c src/GMAC_Artnet.o
 .debug_macro   0x000026b6      0x110 src/GMAC_Artnet.o
 .debug_macro   0x000027c6      0x874 src/nRF24.o
 .debug_macro   0x0000303a      0x227 src/nRF24.o
 .debug_macro   0x00003261       0x46 src/nRF24.o
 .debug_macro   0x000032a7      0x83c src/SAM_SPI.o
 .debug_macro   0x00003ae3       0x40 src/SAM_SPI.o
 .debug_macro   0x00003b23      0x6bf src/ASF/sam/drivers/twihs/twihs.o
 .debug_macro   0x000041e2       0x46 src/ASF/sam/drivers/twihs/twihs.o
 .debug_macro   0x00004228      0x6cd src/ASF/sam/drivers/gmac/gmac_phy.o
 .debug_macro   0x000048f5      0x70f src/ASF/sam/drivers/spi/spi.o
 .debug_macro   0x00005004       0x10 src/ASF/sam/drivers/spi/spi.o
 .debug_macro   0x00005014      0x6d1 src/ASF/sam/drivers/usart/usart.o
 .debug_macro   0x000056e5       0x28 src/ASF/sam/drivers/usart/usart.o
 .debug_macro   0x0000570d      0x68a src/ASF/common/utils/stdio/write.o
 .debug_macro   0x00005d97      0x69b src/ASF/sam/drivers/uart/uart.o
 .debug_macro   0x00006432       0x16 src/ASF/sam/drivers/uart/uart.o
 .debug_macro   0x00006448      0x69b src/ASF/common/services/delay/sam/cycle_counter.o
 .debug_macro   0x00006ae3       0x22 src/ASF/common/services/delay/sam/cycle_counter.o
 .debug_macro   0x00006b05      0x706 src/ASF/common/services/clock/same70/sysclk.o
 .debug_macro   0x0000720b      0x2d9 src/ASF/common/services/clock/same70/sysclk.o
 .debug_macro   0x000074e4      0x68a src/ASF/common/utils/interrupt/interrupt_sam_nvic.o
 .debug_macro   0x00007b6e      0x742 src/ASF/sam/boards/same70_xplained/init.o
 .debug_macro   0x000082b0       0x34 src/ASF/sam/boards/same70_xplained/init.o
 .debug_macro   0x000082e4       0x82 src/ASF/sam/boards/same70_xplained/init.o
 .debug_macro   0x00008366      0x6a1 src/ASF/sam/drivers/pio/pio.o
 .debug_macro   0x00008a07       0x8e src/ASF/sam/drivers/pio/pio.o
 .debug_macro   0x00008a95      0x6ac src/ASF/sam/drivers/pio/pio_handler.o
 .debug_macro   0x00009141      0x6a1 src/ASF/sam/drivers/pmc/pmc.o
 .debug_macro   0x000097e2       0x6a src/ASF/sam/drivers/pmc/pmc.o
 .debug_macro   0x0000984c      0x69a src/ASF/sam/utils/cmsis/same70/source/templates/gcc/startup_same70.o
 .debug_macro   0x00009ee6       0x10 src/ASF/sam/utils/cmsis/same70/source/templates/gcc/startup_same70.o
 .debug_macro   0x00009ef6      0x486 src/ASF/sam/utils/cmsis/same70/source/templates/system_same70.o
 .debug_macro   0x0000a37c      0x1d6 src/ASF/sam/utils/syscalls/gcc/syscalls.o
 .debug_macro   0x0000a552       0x52 src/ASF/sam/utils/syscalls/gcc/syscalls.o
 .debug_macro   0x0000a5a4       0x8d src/ASF/sam/utils/syscalls/gcc/syscalls.o
 .debug_macro   0x0000a631       0x57 src/ASF/sam/utils/syscalls/gcc/syscalls.o
 .debug_macro   0x0000a688       0x97 src/ASF/sam/utils/syscalls/gcc/syscalls.o
 .debug_macro   0x0000a71f      0x353 src/ASF/sam/utils/syscalls/gcc/syscalls.o
 .debug_macro   0x0000aa72       0xf6 src/ASF/sam/utils/syscalls/gcc/syscalls.o
 .debug_macro   0x0000ab68       0x4c src/ASF/sam/utils/syscalls/gcc/syscalls.o
 .debug_macro   0x0000abb4       0x16 src/ASF/sam/utils/syscalls/gcc/syscalls.o
 .debug_macro   0x0000abca       0x10 src/ASF/sam/utils/syscalls/gcc/syscalls.o
 .debug_macro   0x0000abda       0x10 src/ASF/sam/utils/syscalls/gcc/syscalls.o
 .debug_macro   0x0000abea       0x35 src/ASF/sam/utils/syscalls/gcc/syscalls.o
 .debug_macro   0x0000ac1f      0x122 src/ASF/sam/utils/syscalls/gcc/syscalls.o
 .debug_macro   0x0000ad41      0x8b0 src/main.o

.debug_line     0x00000000    0x12126
 .debug_line    0x00000000      0xa1a src/ASF/common/utils/stdio/read.o
 .debug_line    0x00000a1a      0xcf6 src/ASF/sam/components/ethernet_phy/ksz8081rna/ethernet_phy.o
 .debug_line    0x00001710      0xdd9 src/ASF/sam/drivers/gmac/gmac_raw_2.o
 .debug_line    0x000024e9     0x10ea src/GMAC_Artnet.o
 .debug_line    0x000035d3     0x12b1 src/nRF24.o
 .debug_line    0x00004884      0xfa1 src/SAM_SPI.o
 .debug_line    0x00005825      0xcbc src/ASF/sam/drivers/twihs/twihs.o
 .debug_line    0x000064e1      0xab1 src/ASF/sam/drivers/gmac/gmac_phy.o
 .debug_line    0x00006f92      0xc73 src/ASF/sam/drivers/spi/spi.o
 .debug_line    0x00007c05     0x10a9 src/ASF/sam/drivers/usart/usart.o
 .debug_line    0x00008cae      0xa12 src/ASF/common/utils/stdio/write.o
 .debug_line    0x000096c0      0xbac src/ASF/sam/drivers/uart/uart.o
 .debug_line    0x0000a26c      0xa20 src/ASF/common/services/delay/sam/cycle_counter.o
 .debug_line    0x0000ac8c      0xb82 src/ASF/common/services/clock/same70/sysclk.o
 .debug_line    0x0000b80e      0xa2f src/ASF/common/utils/interrupt/interrupt_sam_nvic.o
 .debug_line    0x0000c23d      0xcce src/ASF/sam/boards/same70_xplained/init.o
 .debug_line    0x0000cf0b      0xf16 src/ASF/sam/drivers/pio/pio.o
 .debug_line    0x0000de21      0xafe src/ASF/sam/drivers/pio/pio_handler.o
 .debug_line    0x0000e91f     0x10da src/ASF/sam/drivers/pmc/pmc.o
 .debug_line    0x0000f9f9      0xa9f src/ASF/sam/utils/cmsis/same70/source/templates/gcc/startup_same70.o
 .debug_line    0x00010498      0x81b src/ASF/sam/utils/cmsis/same70/source/templates/system_same70.o
 .debug_line    0x00010cb3      0x40b src/ASF/sam/utils/syscalls/gcc/syscalls.o
 .debug_line    0x000110be     0x1068 src/main.o

.debug_str      0x00000000    0x97e3b
 .debug_str     0x00000000    0x89ea6 src/ASF/common/utils/stdio/read.o
                              0x8a589 (size before relaxing)
 .debug_str     0x00089ea6     0x5651 src/ASF/sam/components/ethernet_phy/ksz8081rna/ethernet_phy.o
                              0x8fb99 (size before relaxing)
 .debug_str     0x0008f4f7      0xa60 src/ASF/sam/drivers/gmac/gmac_raw_2.o
                              0x8c086 (size before relaxing)
 .debug_str     0x0008ff57     0x323b src/GMAC_Artnet.o
                              0x92def (size before relaxing)
 .debug_str     0x00093192      0xbaa src/nRF24.o
                              0x9208d (size before relaxing)
 .debug_str     0x00093d3c      0x322 src/SAM_SPI.o
                              0x91a3e (size before relaxing)
 .debug_str     0x0009405e      0x3a4 src/ASF/sam/drivers/twihs/twihs.o
                              0x8abbb (size before relaxing)
 .debug_str     0x00094402       0xa0 src/ASF/sam/drivers/gmac/gmac_phy.o
                              0x8b6b6 (size before relaxing)
 .debug_str     0x000944a2      0x28d src/ASF/sam/drivers/spi/spi.o
                              0x8ec36 (size before relaxing)
 .debug_str     0x0009472f      0xab4 src/ASF/sam/drivers/usart/usart.o
                              0x8b11b (size before relaxing)
 .debug_str     0x000951e3       0x26 src/ASF/common/utils/stdio/write.o
                              0x8a58a (size before relaxing)
 .debug_str     0x00095209      0x29f src/ASF/sam/drivers/uart/uart.o
                              0x8a8a7 (size before relaxing)
 .debug_str     0x000954a8       0x35 src/ASF/common/services/delay/sam/cycle_counter.o
                              0x8a710 (size before relaxing)
 .debug_str     0x000954dd      0x41b src/ASF/common/services/clock/same70/sysclk.o
                              0x8ecce (size before relaxing)
 .debug_str     0x000958f8       0x94 src/ASF/common/utils/interrupt/interrupt_sam_nvic.o
                              0x8a5e0 (size before relaxing)
 .debug_str     0x0009598c      0x5d9 src/ASF/sam/boards/same70_xplained/init.o
                              0x8f913 (size before relaxing)
 .debug_str     0x00095f65      0x549 src/ASF/sam/drivers/pio/pio.o
                              0x8b142 (size before relaxing)
 .debug_str     0x000964ae      0x101 src/ASF/sam/drivers/pio/pio_handler.o
                              0x8b31d (size before relaxing)
 .debug_str     0x000965af      0x6bf src/ASF/sam/drivers/pmc/pmc.o
                              0x8b318 (size before relaxing)
 .debug_str     0x00096c6e      0x718 src/ASF/sam/utils/cmsis/same70/source/templates/gcc/startup_same70.o
                              0x8ae79 (size before relaxing)
 .debug_str     0x00097386      0x130 src/ASF/sam/utils/cmsis/same70/source/templates/system_same70.o
                              0x7a0c3 (size before relaxing)
 .debug_str     0x000974b6      0x773 src/ASF/sam/utils/syscalls/gcc/syscalls.o
                               0x747b (size before relaxing)
 .debug_str     0x00097c29      0x212 src/main.o
                              0x93049 (size before relaxing)

.debug_frame    0x00000000     0x2d48
 .debug_frame   0x00000000       0x30 src/ASF/common/utils/stdio/read.o
 .debug_frame   0x00000030       0xb4 src/ASF/sam/components/ethernet_phy/ksz8081rna/ethernet_phy.o
 .debug_frame   0x000000e4      0x1f0 src/ASF/sam/drivers/gmac/gmac_raw_2.o
 .debug_frame   0x000002d4      0x160 src/GMAC_Artnet.o
 .debug_frame   0x00000434      0x3a4 src/nRF24.o
 .debug_frame   0x000007d8       0x54 src/SAM_SPI.o
 .debug_frame   0x0000082c      0x240 src/ASF/sam/drivers/twihs/twihs.o
 .debug_frame   0x00000a6c       0x50 src/ASF/sam/drivers/gmac/gmac_phy.o
 .debug_frame   0x00000abc      0x140 src/ASF/sam/drivers/spi/spi.o
 .debug_frame   0x00000bfc      0x5c0 src/ASF/sam/drivers/usart/usart.o
 .debug_frame   0x000011bc       0x48 src/ASF/common/utils/stdio/write.o
 .debug_frame   0x00001204      0x19c src/ASF/sam/drivers/uart/uart.o
 .debug_frame   0x000013a0       0x20 src/ASF/common/services/delay/sam/cycle_counter.o
 .debug_frame   0x000013c0       0x88 src/ASF/common/services/clock/same70/sysclk.o
 .debug_frame   0x00001448       0x30 src/ASF/common/utils/interrupt/interrupt_sam_nvic.o
 .debug_frame   0x00001478       0x30 src/ASF/sam/boards/same70_xplained/init.o
 .debug_frame   0x000014a8      0x390 src/ASF/sam/drivers/pio/pio.o
 .debug_frame   0x00001838      0x110 src/ASF/sam/drivers/pio/pio_handler.o
 .debug_frame   0x00001948      0x4ec src/ASF/sam/drivers/pmc/pmc.o
 .debug_frame   0x00001e34       0x38 src/ASF/sam/utils/cmsis/same70/source/templates/gcc/startup_same70.o
 .debug_frame   0x00001e6c       0x40 src/ASF/sam/utils/cmsis/same70/source/templates/system_same70.o
 .debug_frame   0x00001eac       0xa0 src/ASF/sam/utils/syscalls/gcc/syscalls.o
 .debug_frame   0x00001f4c       0x7c src/main.o
 .debug_frame   0x00001fc8       0x2c c:/program files (x86)/atmel/studio/7.0/toolchain/arm/arm-gnu-toolchain/bin/../lib/gcc/arm-none-eabi/6.3.1/thumb/v7e-m\libgcc.a(_aeabi_uldivmod.o)
 .debug_frame   0x00001ff4       0x34 c:/program files (x86)/atmel/studio/7.0/toolchain/arm/arm-gnu-toolchain/bin/../lib/gcc/arm-none-eabi/6.3.1/thumb/v7e-m\libgcc.a(_udivmoddi4.o)
 .debug_frame   0x00002028       0x2c c:/program files (x86)/atmel/studio/7.0/toolchain/arm/arm-gnu-toolchain/bin/../lib/gcc/arm-none-eabi/6.3.1/../../../../arm-none-eabi/lib/thumb/v7e-m\libc.a(lib_a-init.o)
 .debug_frame   0x00002054       0x74 c:/program files (x86)/atmel/studio/7.0/toolchain/arm/arm-gnu-toolchain/bin/../lib/gcc/arm-none-eabi/6.3.1/../../../../arm-none-eabi/lib/thumb/v7e-m\libc.a(lib_a-iprintf.o)