Archive member included to satisfy reference by file (symbol)

c:/program files (x86)/atmel/studio/7.0/toolchain/arm/arm-gnu-toolchain/bin/../lib/gcc/arm-none-eabi/6.3.1/thumb/v7e-m\libgcc.a(_aeabi_uldivmod.o)
                              src/softLib/nRF24.o (__aeabi_uldivmod)
c:/program files (x86)/atmel/studio/7.0/toolchain/arm/arm-gnu-toolchain/bin/../lib/gcc/arm-none-eabi/6.3.1/thumb/v7e-m\libgcc.a(_udivmoddi4.o)
                              c:/program files (x86)/atmel/studio/7.0/toolchain/arm/arm-gnu-toolchain/bin/../lib/gcc/arm-none-eabi/6.3.1/thumb/v7e-m\libgcc.a(_aeabi_uldivmod.o) (__udivmoddi4)
c:/program files (x86)/atmel/studio/7.0/toolchain/arm/arm-gnu-toolchain/bin/../lib/gcc/arm-none-eabi/6.3.1/thumb/v7e-m\libgcc.a(_dvmd_tls.o)
                              c:/program files (x86)/atmel/studio/7.0/toolchain/arm/arm-gnu-toolchain/bin/../lib/gcc/arm-none-eabi/6.3.1/thumb/v7e-m\libgcc.a(_aeabi_uldivmod.o) (__aeabi_ldiv0)
c:/program files (x86)/atmel/studio/7.0/toolchain/arm/arm-gnu-toolchain/bin/../lib/gcc/arm-none-eabi/6.3.1/../../../../arm-none-eabi/lib/thumb/v7e-m\libc.a(lib_a-exit.o)
                              c:/program files (x86)/atmel/studio/7.0/toolchain/arm/arm-gnu-toolchain/bin/../lib/gcc/arm-none-eabi/6.3.1/../../../../arm-none-eabi/lib/thumb/v7e-m/crt0.o (exit)
c:/program files (x86)/atmel/studio/7.0/toolchain/arm/arm-gnu-toolchain/bin/../lib/gcc/arm-none-eabi/6.3.1/../../../../arm-none-eabi/lib/thumb/v7e-m\libc.a(lib_a-impure.o)
                              c:/program files (x86)/atmel/studio/7.0/toolchain/arm/arm-gnu-toolchain/bin/../lib/gcc/arm-none-eabi/6.3.1/../../../../arm-none-eabi/lib/thumb/v7e-m\libc.a(lib_a-exit.o) (_global_impure_ptr)
c:/program files (x86)/atmel/studio/7.0/toolchain/arm/arm-gnu-toolchain/bin/../lib/gcc/arm-none-eabi/6.3.1/../../../../arm-none-eabi/lib/thumb/v7e-m\libc.a(lib_a-init.o)
                              c:/program files (x86)/atmel/studio/7.0/toolchain/arm/arm-gnu-toolchain/bin/../lib/gcc/arm-none-eabi/6.3.1/../../../../arm-none-eabi/lib/thumb/v7e-m/crt0.o (__libc_init_array)
c:/program files (x86)/atmel/studio/7.0/toolchain/arm/arm-gnu-toolchain/bin/../lib/gcc/arm-none-eabi/6.3.1/../../../../arm-none-eabi/lib/thumb/v7e-m\libc.a(lib_a-iprintf.o)
                              src/softLib/GMAC_Artnet.o (iprintf)
c:/program files (x86)/atmel/studio/7.0/toolchain/arm/arm-gnu-toolchain/bin/../lib/gcc/arm-none-eabi/6.3.1/../../../../arm-none-eabi/lib/thumb/v7e-m\libc.a(lib_a-memcpy.o)
                              src/ASF/sam/drivers/gmac/gmac_raw_2.o (memcpy)
c:/program files (x86)/atmel/studio/7.0/toolchain/arm/arm-gnu-toolchain/bin/../lib/gcc/arm-none-eabi/6.3.1/../../../../arm-none-eabi/lib/thumb/v7e-m\libc.a(lib_a-memset.o)
                              c:/program files (x86)/atmel/studio/7.0/toolchain/arm/arm-gnu-toolchain/bin/../lib/gcc/arm-none-eabi/6.3.1/../../../../arm-none-eabi/lib/thumb/v7e-m/crt0.o (memset)
c:/program files (x86)/atmel/studio/7.0/toolchain/arm/arm-gnu-toolchain/bin/../lib/gcc/arm-none-eabi/6.3.1/../../../../arm-none-eabi/lib/thumb/v7e-m\libc.a(lib_a-puts.o)
                              src/softLib/GMAC_Artnet.o (puts)
c:/program files (x86)/atmel/studio/7.0/toolchain/arm/arm-gnu-toolchain/bin/../lib/gcc/arm-none-eabi/6.3.1/../../../../arm-none-eabi/lib/thumb/v7e-m\libc.a(lib_a-setbuf.o)
                              src/main.o (setbuf)
c:/program files (x86)/atmel/studio/7.0/toolchain/arm/arm-gnu-toolchain/bin/../lib/gcc/arm-none-eabi/6.3.1/../../../../arm-none-eabi/lib/thumb/v7e-m\libc.a(lib_a-setvbuf.o)
                              c:/program files (x86)/atmel/studio/7.0/toolchain/arm/arm-gnu-toolchain/bin/../lib/gcc/arm-none-eabi/6.3.1/../../../../arm-none-eabi/lib/thumb/v7e-m\libc.a(lib_a-setbuf.o) (setvbuf)
c:/program files (x86)/atmel/studio/7.0/toolchain/arm/arm-gnu-toolchain/bin/../lib/gcc/arm-none-eabi/6.3.1/../../../../arm-none-eabi/lib/thumb/v7e-m\libc.a(lib_a-strlen.o)
                              c:/program files (x86)/atmel/studio/7.0/toolchain/arm/arm-gnu-toolchain/bin/../lib/gcc/arm-none-eabi/6.3.1/../../../../arm-none-eabi/lib/thumb/v7e-m\libc.a(lib_a-puts.o) (strlen)
c:/program files (x86)/atmel/studio/7.0/toolchain/arm/arm-gnu-toolchain/bin/../lib/gcc/arm-none-eabi/6.3.1/../../../../arm-none-eabi/lib/thumb/v7e-m\libc.a(lib_a-vfiprintf.o)
                              c:/program files (x86)/atmel/studio/7.0/toolchain/arm/arm-gnu-toolchain/bin/../lib/gcc/arm-none-eabi/6.3.1/../../../../arm-none-eabi/lib/thumb/v7e-m\libc.a(lib_a-iprintf.o) (_vfiprintf_r)
c:/program files (x86)/atmel/studio/7.0/toolchain/arm/arm-gnu-toolchain/bin/../lib/gcc/arm-none-eabi/6.3.1/../../../../arm-none-eabi/lib/thumb/v7e-m\libc.a(lib_a-wsetup.o)
                              c:/program files (x86)/atmel/studio/7.0/toolchain/arm/arm-gnu-toolchain/bin/../lib/gcc/arm-none-eabi/6.3.1/../../../../arm-none-eabi/lib/thumb/v7e-m\libc.a(lib_a-vfiprintf.o) (__swsetup_r)
[...]
Memory Configuration

Name             Origin             Length             Attributes
rom              0x00400000         0x00200000         xr
ram              0x20400000         0x00060000         xrw
*default*        0x00000000         0xffffffff

Linker script and memory map

LOAD c:/program files (x86)/atmel/studio/7.0/toolchain/arm/arm-gnu-toolchain/bin/../lib/gcc/arm-none-eabi/6.3.1/thumb/v7e-m/crti.o
LOAD c:/program files (x86)/atmel/studio/7.0/toolchain/arm/arm-gnu-toolchain/bin/../lib/gcc/arm-none-eabi/6.3.1/thumb/v7e-m/crtbegin.o
LOAD c:/program files (x86)/atmel/studio/7.0/toolchain/arm/arm-gnu-toolchain/bin/../lib/gcc/arm-none-eabi/6.3.1/../../../../arm-none-eabi/lib/thumb/v7e-m/crt0.o
LOAD src/ASF/common/services/spi/sam_spi/spi_master.o
LOAD src/ASF/common/utils/stdio/read.o
LOAD src/ASF/sam/drivers/gmac/gmac_raw_2.o
LOAD src/ASF/sam/drivers/spi/spi.o
LOAD src/ASF/sam/drivers/usart/usart.o
LOAD src/softLib/GMAC_Artnet.o
LOAD src/softLib/nRF24.o
LOAD src/softLib/SAM_SPI.o
LOAD src/ASF/common/utils/stdio/write.o
LOAD src/ASF/common/services/serial/usart_serial.o
LOAD src/ASF/common/services/delay/sam/cycle_counter.o
LOAD src/ASF/sam/components/ethernet_phy/ksz8081rna/ethernet_phy.o
LOAD src/ASF/sam/drivers/pwm/pwm.o
LOAD src/ASF/sam/drivers/twihs/twihs.o
LOAD src/ASF/sam/drivers/uart/uart.o
LOAD src/ASF/sam/drivers/gmac/gmac_phy.o
LOAD src/ASF/common/services/clock/same70/sysclk.o
LOAD src/ASF/common/utils/interrupt/interrupt_sam_nvic.o
LOAD src/ASF/sam/boards/same70_xplained/init.o
LOAD src/ASF/sam/drivers/mpu/mpu.o
LOAD src/ASF/sam/drivers/pio/pio.o
LOAD src/ASF/sam/drivers/pio/pio_handler.o
LOAD src/ASF/sam/drivers/pmc/pmc.o
LOAD src/ASF/sam/drivers/pmc/sleep.o
LOAD src/ASF/sam/utils/cmsis/same70/source/templates/gcc/startup_same70.o
LOAD src/ASF/sam/utils/cmsis/same70/source/templates/system_same70.o
LOAD src/ASF/sam/utils/syscalls/gcc/syscalls.o
LOAD src/main.o
START GROUP
LOAD ../src/ASF/thirdparty/CMSIS/Lib/GCC\libarm_cortexM7lfsp_math_softfp.a
LOAD c:/program files (x86)/atmel/studio/7.0/toolchain/arm/arm-gnu-toolchain/bin/../lib/gcc/arm-none-eabi/6.3.1/../../../../arm-none-eabi/lib/thumb/v7e-m\libm.a
END GROUP
START GROUP
LOAD c:/program files (x86)/atmel/studio/7.0/toolchain/arm/arm-gnu-toolchain/bin/../lib/gcc/arm-none-eabi/6.3.1/thumb/v7e-m\libgcc.a
LOAD c:/program files (x86)/atmel/studio/7.0/toolchain/arm/arm-gnu-toolchain/bin/../lib/gcc/arm-none-eabi/6.3.1/../../../../arm-none-eabi/lib/thumb/v7e-m\libc.a
END GROUP
LOAD c:/program files (x86)/atmel/studio/7.0/toolchain/arm/arm-gnu-toolchain/bin/../lib/gcc/arm-none-eabi/6.3.1/thumb/v7e-m/crtend.o
LOAD c:/program files (x86)/atmel/studio/7.0/toolchain/arm/arm-gnu-toolchain/bin/../lib/gcc/arm-none-eabi/6.3.1/thumb/v7e-m/crtn.o
                0x00002000                STACK_SIZE = DEFINED (STACK_SIZE)?STACK_SIZE:0x2000
                0x2045fffc                __ram_end__ = ((ORIGIN (ram) + LENGTH (ram)) - 0x4)
                0x00000200                HEAP_SIZE = DEFINED (HEAP_SIZE)?HEAP_SIZE:0x200

.text           0x00400000     0x6070
                0x00400000                . = ALIGN (0x4)
                0x00400000                _sfixed = .
 *(.vectors .vectors.*)
 .vectors       0x00400000      0x168 src/ASF/sam/utils/cmsis/same70/source/templates/gcc/startup_same70.o
                0x00400000                exception_table
 *(.text .text.* .gnu.linkonce.t.*)
 .text          0x00400168       0x6c c:/program files (x86)/atmel/studio/7.0/toolchain/arm/arm-gnu-toolchain/bin/../lib/gcc/arm-none-eabi/6.3.1/thumb/v7e-m/crtbegin.o
 .text._read    0x004001d4       0x3c src/ASF/common/utils/stdio/read.o
                0x004001d4                _read
 .text.circ_inc
                0x00400210       0x10 src/ASF/sam/drivers/gmac/gmac_raw_2.o
 .text.gmac_reset_tx_mem
                0x00400220       0x76 src/ASF/sam/drivers/gmac/gmac_raw_2.o
 .text.gmac_reset_rx_mem
                0x00400296       0x7a src/ASF/sam/drivers/gmac/gmac_raw_2.o
 .text.gmac_dev_init
                0x00400310      0x164 src/ASF/sam/drivers/gmac/gmac_raw_2.o
                0x00400310                gmac_dev_init
 .text.gmac_dev_read
                0x00400474      0x1c4 src/ASF/sam/drivers/gmac/gmac_raw_2.o
                0x00400474                gmac_dev_read
 .text.gmac_handler
                0x00400638      0x154 src/ASF/sam/drivers/gmac/gmac_raw_2.o
                0x00400638                gmac_handler
 .text.spi_enable_clock
                0x0040078c       0x2c src/ASF/sam/drivers/spi/spi.o
                0x0040078c                spi_enable_clock
 .text.spi_set_peripheral_chip_select_value
                0x004007b8       0x16 src/ASF/sam/drivers/spi/spi.o
                0x004007b8                spi_set_peripheral_chip_select_value
 .text.spi_set_delay_between_chip_select
                0x004007ce       0x12 src/ASF/sam/drivers/spi/spi.o
                0x004007ce                spi_set_delay_between_chip_select
 .text.spi_read
                0x004007e0       0x30 src/ASF/sam/drivers/spi/spi.o
                0x004007e0                spi_read
 .text.spi_write
                0x00400810       0x34 src/ASF/sam/drivers/spi/spi.o
                0x00400810                spi_write
 .text.spi_set_clock_polarity
                0x00400844       0x1e src/ASF/sam/drivers/spi/spi.o
                0x00400844                spi_set_clock_polarity
 .text.spi_set_clock_phase
                0x00400862       0x1e src/ASF/sam/drivers/spi/spi.o
                0x00400862                spi_set_clock_phase
 .text.spi_configure_cs_behavior
                0x00400880       0x46 src/ASF/sam/drivers/spi/spi.o
                0x00400880                spi_configure_cs_behavior
 .text.spi_set_bits_per_transfer
                0x004008c6       0x14 src/ASF/sam/drivers/spi/spi.o
                0x004008c6                spi_set_bits_per_transfer
 .text.spi_set_baudrate_div
                0x004008da       0x28 src/ASF/sam/drivers/spi/spi.o
                0x004008da                spi_set_baudrate_div
 .text.spi_set_transfer_delay
                0x00400902       0x1e src/ASF/sam/drivers/spi/spi.o
                0x00400902                spi_set_transfer_delay
 .text.usart_set_async_baudrate
                0x00400920       0x5a src/ASF/sam/drivers/usart/usart.o
                0x00400920                usart_set_async_baudrate
 *fill*         0x0040097a        0x2 
 .text.usart_reset
                0x0040097c       0x28 src/ASF/sam/drivers/usart/usart.o
                0x0040097c                usart_reset
 .text.usart_init_rs232
                0x004009a4       0x54 src/ASF/sam/drivers/usart/usart.o
                0x004009a4                usart_init_rs232
 .text.usart_enable_tx
                0x004009f8        0x6 src/ASF/sam/drivers/usart/usart.o
                0x004009f8                usart_enable_tx
 .text.usart_enable_rx
                0x004009fe        0x6 src/ASF/sam/drivers/usart/usart.o
                0x004009fe                usart_enable_rx
 .text.usart_write
                0x00400a04       0x16 src/ASF/sam/drivers/usart/usart.o
                0x00400a04                usart_write
 .text.usart_read
                0x00400a1a       0x18 src/ASF/sam/drivers/usart/usart.o
                0x00400a1a                usart_read
 *fill*         0x00400a32        0x2 
 .text.read_dev_gmac
                0x00400a34       0x2c src/softLib/GMAC_Artnet.o
                0x00400a34                read_dev_gmac
 .text.at24mac_get_mac_address
                0x00400a60       0x8c src/softLib/GMAC_Artnet.o
                0x00400a60                at24mac_get_mac_address
 .text.init_gmac_ethernet
                0x00400aec       0xf4 src/softLib/GMAC_Artnet.o
                0x00400aec                init_gmac_ethernet
 .text.GMAC_Handler
                0x00400be0       0x14 src/softLib/GMAC_Artnet.o
                0x00400be0                GMAC_Handler
 .text.compareArray
                0x00400bf4       0x34 src/softLib/GMAC_Artnet.o
                0x00400bf4                compareArray
 .text.gmac_process_eth_packet
                0x00400c28      0x170 src/softLib/GMAC_Artnet.o
                0x00400c28                gmac_process_eth_packet
 .text.print_address_register
                0x00400d98       0xd0 src/softLib/nRF24.o
 .text.writeRegister
                0x00400e68       0x4c src/softLib/nRF24.o
 .text.nRF24_readRegister
                0x00400eb4       0x28 src/softLib/nRF24.o
                0x00400eb4                nRF24_readRegister
 .text.print_byte_register
                0x00400edc       0x54 src/softLib/nRF24.o
 .text.nRF24_writeRegister
                0x00400f30       0x2c src/softLib/nRF24.o
                0x00400f30                nRF24_writeRegister
 .text.nRF24_FlushRx
                0x00400f5c       0x20 src/softLib/nRF24.o
                0x00400f5c                nRF24_FlushRx
 .text.nRF24_FlushTx
                0x00400f7c       0x20 src/softLib/nRF24.o
                0x00400f7c                nRF24_FlushTx
 .text.nRF24_getStatus
                0x00400f9c       0x20 src/softLib/nRF24.o
                0x00400f9c                nRF24_getStatus
 .text.nRF24_setDataRate
                0x00400fbc       0x44 src/softLib/nRF24.o
                0x00400fbc                nRF24_setDataRate
 .text.getDataRate
                0x00401000       0x1c src/softLib/nRF24.o
                0x00401000                getDataRate
 .text.nRF24_setCRCLength
                0x0040101c       0x2c src/softLib/nRF24.o
                0x0040101c                nRF24_setCRCLength
 .text.getCRCLength
                0x00401048       0x2c src/softLib/nRF24.o
                0x00401048                getCRCLength
 .text.nRF24_setPALevel
                0x00401074       0x30 src/softLib/nRF24.o
                0x00401074                nRF24_setPALevel
 .text.nRF24_getPALevel
                0x004010a4       0x14 src/softLib/nRF24.o
                0x004010a4                nRF24_getPALevel
 .text.printDetails
                0x004010b8      0x144 src/softLib/nRF24.o
                0x004010b8                printDetails
 .text.nRF24_setAddressWidth
                0x004011fc       0x38 src/softLib/nRF24.o
                0x004011fc                nRF24_setAddressWidth
 .text.toggle_features
                0x00401234       0x24 src/softLib/nRF24.o
                0x00401234                toggle_features
 .text.nRF24_setChannel
                0x00401258       0x18 src/softLib/nRF24.o
                0x00401258                nRF24_setChannel
 .text.nRF24_powerUp
                0x00401270       0x34 src/softLib/nRF24.o
                0x00401270                nRF24_powerUp
 .text.nRF24_stopListening
                0x004012a4       0xb4 src/softLib/nRF24.o
                0x004012a4                nRF24_stopListening
 .text.nRF24_begin
                0x00401358       0x98 src/softLib/nRF24.o
                0x00401358                nRF24_begin
 .text.nRF24_openWritingPipe
                0x004013f0       0x3c src/softLib/nRF24.o
                0x004013f0                nRF24_openWritingPipe
 .text.nRF24_write
                0x0040142c       0xb8 src/softLib/nRF24.o
                0x0040142c                nRF24_write
 .text.spi_master_initialize
                0x004014e4       0xf8 src/softLib/SAM_SPI.o
                0x004014e4                spi_master_initialize
 .text.spi_master_transfer
                0x004015dc       0x60 src/softLib/SAM_SPI.o
                0x004015dc                spi_master_transfer
 .text._write   0x0040163c       0x50 src/ASF/common/utils/stdio/write.o
                0x0040163c                _write
 .text.ethernet_phy_set_link
                0x0040168c       0xf4 src/ASF/sam/components/ethernet_phy/ksz8081rna/ethernet_phy.o
                0x0040168c                ethernet_phy_set_link
 .text.ethernet_phy_auto_negotiate
                0x00401780      0x19c src/ASF/sam/components/ethernet_phy/ksz8081rna/ethernet_phy.o
                0x00401780                ethernet_phy_auto_negotiate
 .text.ethernet_phy_reset
                0x0040191c       0x60 src/ASF/sam/components/ethernet_phy/ksz8081rna/ethernet_phy.o
                0x0040191c                ethernet_phy_reset
 .text.ethernet_phy_init
                0x0040197c      0x164 src/ASF/sam/components/ethernet_phy/ksz8081rna/ethernet_phy.o
                0x0040197c                ethernet_phy_init
 .text.twihs_set_speed
                0x00401ae0       0xb0 src/ASF/sam/drivers/twihs/twihs.o
                0x00401ae0                twihs_set_speed
 .text.twihs_master_init
                0x00401b90       0x34 src/ASF/sam/drivers/twihs/twihs.o
                0x00401b90                twihs_master_init
 .text.twihs_master_read
                0x00401bc4       0xae src/ASF/sam/drivers/twihs/twihs.o
                0x00401bc4                twihs_master_read
 .text.uart_write
                0x00401c72       0x12 src/ASF/sam/drivers/uart/uart.o
                0x00401c72                uart_write
 .text.uart_read
                0x00401c84       0x14 src/ASF/sam/drivers/uart/uart.o
                0x00401c84                uart_read
 .text.gmac_phy_read
                0x00401c98       0x60 src/ASF/sam/drivers/gmac/gmac_phy.o
                0x00401c98                gmac_phy_read
 .text.gmac_phy_write
                0x00401cf8       0x54 src/ASF/sam/drivers/gmac/gmac_phy.o
                0x00401cf8                gmac_phy_write
 .text.sysclk_init
                0x00401d4c       0x70 src/ASF/common/services/clock/same70/sysclk.o
                0x00401d4c                sysclk_init
 .text.board_init
                0x00401dbc      0x1d8 src/ASF/sam/boards/same70_xplained/init.o
                0x00401dbc                board_init
 .text.pio_set_peripheral
                0x00401f94       0x92 src/ASF/sam/drivers/pio/pio.o
                0x00401f94                pio_set_peripheral
 .text.pio_set_input
                0x00402026       0x36 src/ASF/sam/drivers/pio/pio.o
                0x00402026                pio_set_input
 .text.pio_set_output
                0x0040205c       0x28 src/ASF/sam/drivers/pio/pio.o
                0x0040205c                pio_set_output
 .text.pio_get_interrupt_status
                0x00402084        0x4 src/ASF/sam/drivers/pio/pio.o
                0x00402084                pio_get_interrupt_status
 .text.pio_get_interrupt_mask
                0x00402088        0x4 src/ASF/sam/drivers/pio/pio.o
                0x00402088                pio_get_interrupt_mask
 .text.pio_handler_process
                0x0040208c       0x50 src/ASF/sam/drivers/pio/pio_handler.o
                0x0040208c                pio_handler_process
 .text.PIOA_Handler
                0x004020dc       0x14 src/ASF/sam/drivers/pio/pio_handler.o
                0x004020dc                PIOA_Handler
 .text.PIOB_Handler
                0x004020f0       0x14 src/ASF/sam/drivers/pio/pio_handler.o
                0x004020f0                PIOB_Handler
 .text.PIOC_Handler
                0x00402104       0x14 src/ASF/sam/drivers/pio/pio_handler.o
                0x00402104                PIOC_Handler
 .text.PIOD_Handler
                0x00402118       0x14 src/ASF/sam/drivers/pio/pio_handler.o
                0x00402118                PIOD_Handler
 .text.PIOE_Handler
                0x0040212c       0x14 src/ASF/sam/drivers/pio/pio_handler.o
                0x0040212c                PIOE_Handler
 .text.pmc_mck_set_division
                0x00402140       0x38 src/ASF/sam/drivers/pmc/pmc.o
                0x00402140                pmc_mck_set_division
 .text.pmc_switch_mck_to_pllack
                0x00402178       0x64 src/ASF/sam/drivers/pmc/pmc.o
                0x00402178                pmc_switch_mck_to_pllack
 .text.pmc_switch_mainck_to_xtal
                0x004021dc       0x54 src/ASF/sam/drivers/pmc/pmc.o
                0x004021dc                pmc_switch_mainck_to_xtal
 .text.pmc_osc_is_ready_mainck
                0x00402230       0x10 src/ASF/sam/drivers/pmc/pmc.o
                0x00402230                pmc_osc_is_ready_mainck
 .text.pmc_disable_pllack
                0x00402240       0x10 src/ASF/sam/drivers/pmc/pmc.o
                0x00402240                pmc_disable_pllack
 .text.pmc_is_locked_pllack
                0x00402250       0x10 src/ASF/sam/drivers/pmc/pmc.o
                0x00402250                pmc_is_locked_pllack
 .text.pmc_enable_periph_clk
                0x00402260       0x20 src/ASF/sam/drivers/pmc/pmc.o
                0x00402260                pmc_enable_periph_clk
 .text.Dummy_Handler
                0x00402280        0x2 src/ASF/sam/utils/cmsis/same70/source/templates/gcc/startup_same70.o
                0x00402280                DACC_Handler
                0x00402280                DebugMon_Handler
                0x00402280                UART3_Handler
                0x00402280                UART2_Handler
                0x00402280                TRNG_Handler
                0x00402280                HardFault_Handler
                0x00402280                TC2_Handler
                0x00402280                SysTick_Handler
                0x00402280                AFEC1_Handler
                0x00402280                PendSV_Handler
                0x00402280                NMI_Handler
                0x00402280                TC7_Handler
                0x00402280                QSPI_Handler
                0x00402280                ISI_Handler
                0x00402280                MCAN0_INT0_Handler
                0x00402280                TC9_Handler
                0x00402280                RSWDT_Handler
                0x00402280                USART0_Handler
                0x00402280                RTT_Handler
                0x00402280                USBHS_Handler
                0x00402280                IXC_Handler
                0x00402280                CCF_Handler
                0x00402280                RTC_Handler
                0x00402280                UsageFault_Handler
                0x00402280                TC6_Handler
                0x00402280                WDT_Handler
                0x00402280                MCAN1_INT1_Handler
                0x00402280                TC4_Handler
                0x00402280                TC1_Handler
                0x00402280                HSMCI_Handler
                0x00402280                UART1_Handler
                0x00402280                TC3_Handler
                0x00402280                Dummy_Handler
                0x00402280                TWIHS1_Handler
                0x00402280                XDMAC_Handler
                0x00402280                UART4_Handler
                0x00402280                PWM1_Handler
                0x00402280                USART1_Handler
                0x00402280                PWM0_Handler
                0x00402280                AFEC0_Handler
                0x00402280                CCW_Handler
                0x00402280                SSC_Handler
                0x00402280                TC11_Handler
                0x00402280                ACC_Handler
                0x00402280                PMC_Handler
                0x00402280                MCAN0_INT1_Handler
                0x00402280                GMAC_Q5_Handler
                0x00402280                MemManage_Handler
                0x00402280                SUPC_Handler
                0x00402280                SVC_Handler
                0x00402280                TC8_Handler
                0x00402280                MCAN1_INT0_Handler
                0x00402280                EFC_Handler
                0x00402280                GMAC_Q1_Handler
                0x00402280                USART2_Handler
                0x00402280                SDRAMC_Handler
                0x00402280                GMAC_Q2_Handler
                0x00402280                SPI1_Handler
                0x00402280                TC10_Handler
                0x00402280                GMAC_Q3_Handler
                0x00402280                TWIHS2_Handler
                0x00402280                I2SC0_Handler
                0x00402280                UART0_Handler
                0x00402280                I2SC1_Handler
                0x00402280                GMAC_Q4_Handler
                0x00402280                FPU_Handler
                0x00402280                BusFault_Handler
                0x00402280                RSTC_Handler
                0x00402280                TC0_Handler
                0x00402280                TC5_Handler
                0x00402280                ICM_Handler
                0x00402280                AES_Handler
                0x00402280                TWIHS0_Handler
                0x00402280                SPI0_Handler
 *fill*         0x00402282        0x2 
 .text.Reset_Handler
                0x00402284       0xc8 src/ASF/sam/utils/cmsis/same70/source/templates/gcc/startup_same70.o
                0x00402284                Reset_Handler
 .text.SystemCoreClockUpdate
                0x0040234c      0x10c src/ASF/sam/utils/cmsis/same70/source/templates/system_same70.o
                0x0040234c                SystemCoreClockUpdate
 .text.system_init_flash
                0x00402458       0x8c src/ASF/sam/utils/cmsis/same70/source/templates/system_same70.o
                0x00402458                system_init_flash
 .text._sbrk    0x004024e4       0x38 src/ASF/sam/utils/syscalls/gcc/syscalls.o
                0x004024e4                _sbrk
 .text._close   0x0040251c        0x6 src/ASF/sam/utils/syscalls/gcc/syscalls.o
                0x0040251c                _close
 .text._fstat   0x00402522        0xa src/ASF/sam/utils/syscalls/gcc/syscalls.o
                0x00402522                _fstat
 .text._isatty  0x0040252c        0x4 src/ASF/sam/utils/syscalls/gcc/syscalls.o
                0x0040252c                _isatty
 .text._lseek   0x00402530        0x4 src/ASF/sam/utils/syscalls/gcc/syscalls.o
                0x00402530                _lseek
 .text.usart_serial_getchar
                0x00402534       0xdc src/main.o
 .text.usart_serial_putchar
                0x00402610       0xd4 src/main.o
 .text.main     0x004026e4      0x398 src/main.o
                0x004026e4                main
 .text          0x00402a7c       0x30 c:/program files (x86)/atmel/studio/7.0/toolchain/arm/arm-gnu-toolchain/bin/../lib/gcc/arm-none-eabi/6.3.1/thumb/v7e-m\libgcc.a(_aeabi_uldivmod.o)
                0x00402a7c                __aeabi_uldivmod
 .text          0x00402aac      0x2dc c:/program files (x86)/atmel/studio/7.0/toolchain/arm/arm-gnu-toolchain/bin/../lib/gcc/arm-none-eabi/6.3.1/thumb/v7e-m\libgcc.a(_udivmoddi4.o)
                0x00402aac                __udivmoddi4
 .text          0x00402d88        0x4 c:/program files (x86)/atmel/studio/7.0/toolchain/arm/arm-gnu-toolchain/bin/../lib/gcc/arm-none-eabi/6.3.1/thumb/v7e-m\libgcc.a(_dvmd_tls.o)
                0x00402d88                __aeabi_idiv0
                0x00402d88                __aeabi_ldiv0
 .text.__libc_init_array
                0x00402d8c       0x50 c:/program files (x86)/atmel/studio/7.0/toolchain/arm/arm-gnu-toolchain/bin/../lib/gcc/arm-none-eabi/6.3.1/../../../../arm-none-eabi/lib/thumb/v7e-m\libc.a(lib_a-init.o)
                0x00402d8c                __libc_init_array
 .text.iprintf  0x00402ddc       0x28 c:/program files (x86)/atmel/studio/7.0/toolchain/arm/arm-gnu-toolchain/bin/../lib/gcc/arm-none-eabi/6.3.1/../../../../arm-none-eabi/lib/thumb/v7e-m\libc.a(lib_a-iprintf.o)
                0x00402ddc                iprintf
 .text          0x00402e04      0x134 c:/program files (x86)/atmel/studio/7.0/toolchain/arm/arm-gnu-toolchain/bin/../lib/gcc/arm-none-eabi/6.3.1/../../../../arm-none-eabi/lib/thumb/v7e-m\libc.a(lib_a-memcpy.o)
                0x00402e04                memcpy
 .text.memset   0x00402f38       0x9c c:/program files (x86)/atmel/studio/7.0/toolchain/arm/arm-gnu-toolchain/bin/../lib/gcc/arm-none-eabi/6.3.1/../../../../arm-none-eabi/lib/thumb/v7e-m\libc.a(lib_a-memset.o)
                0x00402f38                memset
 .text._puts_r  0x00402fd4       0x9c c:/program files (x86)/atmel/studio/7.0/toolchain/arm/arm-gnu-toolchain/bin/../lib/gcc/arm-none-eabi/6.3.1/../../../../arm-none-eabi/lib/thumb/v7e-m\libc.a(lib_a-puts.o)
                0x00402fd4                _puts_r
 .text.puts     0x00403070       0x10 c:/program files (x86)/atmel/studio/7.0/toolchain/arm/arm-gnu-toolchain/bin/../lib/gcc/arm-none-eabi/6.3.1/../../../../arm-none-eabi/lib/thumb/v7e-m\libc.a(lib_a-puts.o)
                0x00403070                puts
 .text.setbuf   0x00403080       0x10 c:/program files (x86)/atmel/studio/7.0/toolchain/arm/arm-gnu-toolchain/bin/../lib/gcc/arm-none-eabi/6.3.1/../../../../arm-none-eabi/lib/thumb/v7e-m\libc.a(lib_a-setbuf.o)
                0x00403080                setbuf
 .text.setvbuf  0x00403090      0x190 c:/program files (x86)/atmel/studio/7.0/toolchain/arm/arm-gnu-toolchain/bin/../lib/gcc/arm-none-eabi/6.3.1/../../../../arm-none-eabi/lib/thumb/v7e-m\libc.a(lib_a-setvbuf.o)
                0x00403090                setvbuf
 *fill*         0x00403220       0x20 
 .text          0x00403240       0xdc c:/program files (x86)/atmel/studio/7.0/toolchain/arm/arm-gnu-toolchain/bin/../lib/gcc/arm-none-eabi/6.3.1/../../../../arm-none-eabi/lib/thumb/v7e-m\libc.a(lib_a-strlen.o)
                0x00403240                strlen
 .text.__sprint_r.part.0
                0x0040331c       0x80 c:/program files (x86)/atmel/studio/7.0/toolchain/arm/arm-gnu-toolchain/bin/../lib/gcc/arm-none-eabi/6.3.1/../../../../arm-none-eabi/lib/thumb/v7e-m\libc.a(lib_a-vfiprintf.o)
 .text._vfiprintf_r
                0x0040339c      0xc90 c:/program files (x86)/atmel/studio/7.0/toolchain/arm/arm-gnu-toolchain/bin/../lib/gcc/arm-none-eabi/6.3.1/../../../../arm-none-eabi/lib/thumb/v7e-m\libc.a(lib_a-vfiprintf.o)
                0x0040339c                _vfiprintf_r
 .text.__sbprintf
                0x0040402c       0x84 c:/program files (x86)/atmel/studio/7.0/toolchain/arm/arm-gnu-toolchain/bin/../lib/gcc/arm-none-eabi/6.3.1/../../../../arm-none-eabi/lib/thumb/v7e-m\libc.a(lib_a-vfiprintf.o)
 .text.__swsetup_r
                0x004040b0       0xc8 c:/program files (x86)/atmel/studio/7.0/toolchain/arm/arm-gnu-toolchain/bin/../lib/gcc/arm-none-eabi/6.3.1/../../../../arm-none-eabi/lib/thumb/v7e-m\libc.a(lib_a-wsetup.o)
                0x004040b0                __swsetup_r
 .text.startup.register_fini
                0x00404178       0x14 c:/program files (x86)/atmel/studio/7.0/toolchain/arm/arm-gnu-toolchain/bin/../lib/gcc/arm-none-eabi/6.3.1/../../../../arm-none-eabi/lib/thumb/v7e-m\libc.a(lib_a-__call_atexit.o)
 .text.atexit   0x0040418c        0xc c:/program files (x86)/atmel/studio/7.0/toolchain/arm/arm-gnu-toolchain/bin/../lib/gcc/arm-none-eabi/6.3.1/../../../../arm-none-eabi/lib/thumb/v7e-m\libc.a(lib_a-atexit.o)
                0x0040418c                atexit
 .text.__sflush_r
                0x00404198      0x140 c:/program files (x86)/atmel/studio/7.0/toolchain/arm/arm-gnu-toolchain/bin/../lib/gcc/arm-none-eabi/6.3.1/../../../../arm-none-eabi/lib/thumb/v7e-m\libc.a(lib_a-fflush.o)
                0x00404198                __sflush_r
 .text._fflush_r
                0x004042d8       0x54 c:/program files (x86)/atmel/studio/7.0/toolchain/arm/arm-gnu-toolchain/bin/../lib/gcc/arm-none-eabi/6.3.1/../../../../arm-none-eabi/lib/thumb/v7e-m\libc.a(lib_a-fflush.o)
                0x004042d8                _fflush_r
 .text._cleanup_r
                0x0040432c        0xc c:/program files (x86)/atmel/studio/7.0/toolchain/arm/arm-gnu-toolchain/bin/../lib/gcc/arm-none-eabi/6.3.1/../../../../arm-none-eabi/lib/thumb/v7e-m\libc.a(lib_a-findfp.o)
                0x0040432c                _cleanup_r
 .text.std.isra.0
                0x00404338       0x50 c:/program files (x86)/atmel/studio/7.0/toolchain/arm/arm-gnu-toolchain/bin/../lib/gcc/arm-none-eabi/6.3.1/../../../../arm-none-eabi/lib/thumb/v7e-m\libc.a(lib_a-findfp.o)
 .text.__sinit  0x00404388       0x58 c:/program files (x86)/atmel/studio/7.0/toolchain/arm/arm-gnu-toolchain/bin/../lib/gcc/arm-none-eabi/6.3.1/../../../../arm-none-eabi/lib/thumb/v7e-m\libc.a(lib_a-findfp.o)
                0x00404388                __sinit
 .text.__sfp_lock_acquire
                0x004043e0        0xc c:/program files (x86)/atmel/studio/7.0/toolchain/arm/arm-gnu-toolchain/bin/../lib/gcc/arm-none-eabi/6.3.1/../../../../arm-none-eabi/lib/thumb/v7e-m\libc.a(lib_a-findfp.o)
                0x004043e0                __sfp_lock_acquire
 .text.__sfp_lock_release
                0x004043ec        0xc c:/program files (x86)/atmel/studio/7.0/toolchain/arm/arm-gnu-toolchain/bin/../lib/gcc/arm-none-eabi/6.3.1/../../../../arm-none-eabi/lib/thumb/v7e-m\libc.a(lib_a-findfp.o)
                0x004043ec                __sfp_lock_release
 .text.__libc_fini_array
                0x004043f8       0x34 c:/program files (x86)/atmel/studio/7.0/toolchain/arm/arm-gnu-toolchain/bin/../lib/gcc/arm-none-eabi/6.3.1/../../../../arm-none-eabi/lib/thumb/v7e-m\libc.a(lib_a-fini.o)
                0x004043f8                __libc_fini_array
 .text.__fputwc
                0x0040442c       0xa0 c:/program files (x86)/atmel/studio/7.0/toolchain/arm/arm-gnu-toolchain/bin/../lib/gcc/arm-none-eabi/6.3.1/../../../../arm-none-eabi/lib/thumb/v7e-m\libc.a(lib_a-fputwc.o)
                0x0040442c                __fputwc
 .text._fputwc_r
                0x004044cc       0x68 c:/program files (x86)/atmel/studio/7.0/toolchain/arm/arm-gnu-toolchain/bin/../lib/gcc/arm-none-eabi/6.3.1/../../../../arm-none-eabi/lib/thumb/v7e-m\libc.a(lib_a-fputwc.o)
                0x004044cc                _fputwc_r
 .text._malloc_trim_r
                0x00404534       0xa0 c:/program files (x86)/atmel/studio/7.0/toolchain/arm/arm-gnu-toolchain/bin/../lib/gcc/arm-none-eabi/6.3.1/../../../../arm-none-eabi/lib/thumb/v7e-m\libc.a(lib_a-freer.o)
                0x00404534                _malloc_trim_r
 .text._free_r  0x004045d4      0x1cc c:/program files (x86)/atmel/studio/7.0/toolchain/arm/arm-gnu-toolchain/bin/../lib/gcc/arm-none-eabi/6.3.1/../../../../arm-none-eabi/lib/thumb/v7e-m\libc.a(lib_a-freer.o)
                0x004045d4                _free_r
 .text.__sfvwrite_r
                0x004047a0      0x2f0 c:/program files (x86)/atmel/studio/7.0/toolchain/arm/arm-gnu-toolchain/bin/../lib/gcc/arm-none-eabi/6.3.1/../../../../arm-none-eabi/lib/thumb/v7e-m\libc.a(lib_a-fvwrite.o)
                0x004047a0                __sfvwrite_r
 .text._fwalk_reent
                0x00404a90       0x54 c:/program files (x86)/atmel/studio/7.0/toolchain/arm/arm-gnu-toolchain/bin/../lib/gcc/arm-none-eabi/6.3.1/../../../../arm-none-eabi/lib/thumb/v7e-m\libc.a(lib_a-fwalk.o)
                0x00404a90                _fwalk_reent
 .text.__locale_mb_cur_max
                0x00404ae4       0x1c c:/program files (x86)/atmel/studio/7.0/toolchain/arm/arm-gnu-toolchain/bin/../lib/gcc/arm-none-eabi/6.3.1/../../../../arm-none-eabi/lib/thumb/v7e-m\libc.a(lib_a-locale.o)
                0x00404ae4                __locale_mb_cur_max
 .text.__retarget_lock_init_recursive
                0x00404b00        0x4 c:/program files (x86)/atmel/studio/7.0/toolchain/arm/arm-gnu-toolchain/bin/../lib/gcc/arm-none-eabi/6.3.1/../../../../arm-none-eabi/lib/thumb/v7e-m\libc.a(lib_a-lock.o)
                0x00404b00                __retarget_lock_init_recursive
 .text.__retarget_lock_close_recursive
                0x00404b04        0x4 c:/program files (x86)/atmel/studio/7.0/toolchain/arm/arm-gnu-toolchain/bin/../lib/gcc/arm-none-eabi/6.3.1/../../../../arm-none-eabi/lib/thumb/v7e-m\libc.a(lib_a-lock.o)
                0x00404b04                __retarget_lock_close_recursive
 .text.__retarget_lock_acquire_recursive
                0x00404b08        0x4 c:/program files (x86)/atmel/studio/7.0/toolchain/arm/arm-gnu-toolchain/bin/../lib/gcc/arm-none-eabi/6.3.1/../../../../arm-none-eabi/lib/thumb/v7e-m\libc.a(lib_a-lock.o)
                0x00404b08                __retarget_lock_acquire_recursive
 .text.__retarget_lock_release_recursive
                0x00404b0c        0x4 c:/program files (x86)/atmel/studio/7.0/toolchain/arm/arm-gnu-toolchain/bin/../lib/gcc/arm-none-eabi/6.3.1/../../../../arm-none-eabi/lib/thumb/v7e-m\libc.a(lib_a-lock.o)
                0x00404b0c                __retarget_lock_release_recursive
 .text.__swhatbuf_r
                0x00404b10       0x5c c:/program files (x86)/atmel/studio/7.0/toolchain/arm/arm-gnu-toolchain/bin/../lib/gcc/arm-none-eabi/6.3.1/../../../../arm-none-eabi/lib/thumb/v7e-m\libc.a(lib_a-makebuf.o)
                0x00404b10                __swhatbuf_r
 .text.__smakebuf_r
                0x00404b6c       0x94 c:/program files (x86)/atmel/studio/7.0/toolchain/arm/arm-gnu-toolchain/bin/../lib/gcc/arm-none-eabi/6.3.1/../../../../arm-none-eabi/lib/thumb/v7e-m\libc.a(lib_a-makebuf.o)
                0x00404b6c                __smakebuf_r
 .text.malloc   0x00404c00       0x10 c:/program files (x86)/atmel/studio/7.0/toolchain/arm/arm-gnu-toolchain/bin/../lib/gcc/arm-none-eabi/6.3.1/../../../../arm-none-eabi/lib/thumb/v7e-m\libc.a(lib_a-malloc.o)
                0x00404c00                malloc
 .text._malloc_r
                0x00404c10      0x560 c:/program files (x86)/atmel/studio/7.0/toolchain/arm/arm-gnu-toolchain/bin/../lib/gcc/arm-none-eabi/6.3.1/../../../../arm-none-eabi/lib/thumb/v7e-m\libc.a(lib_a-mallocr.o)
                0x00404c10                _malloc_r
 .text.__ascii_mbtowc
                0x00405170       0x2c c:/program files (x86)/atmel/studio/7.0/toolchain/arm/arm-gnu-toolchain/bin/../lib/gcc/arm-none-eabi/6.3.1/../../../../arm-none-eabi/lib/thumb/v7e-m\libc.a(lib_a-mbtowc_r.o)
                0x00405170                __ascii_mbtowc
 *fill*         0x0040519c        0x4 
 .text          0x004051a0       0xa0 c:/program files (x86)/atmel/studio/7.0/toolchain/arm/arm-gnu-toolchain/bin/../lib/gcc/arm-none-eabi/6.3.1/../../../../arm-none-eabi/lib/thumb/v7e-m\libc.a(lib_a-memchr.o)
                0x004051a0                memchr
 .text.memmove  0x00405240       0xc8 c:/program files (x86)/atmel/studio/7.0/toolchain/arm/arm-gnu-toolchain/bin/../lib/gcc/arm-none-eabi/6.3.1/../../../../arm-none-eabi/lib/thumb/v7e-m\libc.a(lib_a-memmove.o)
                0x00405240                memmove
 .text.__malloc_lock
                0x00405308        0xc c:/program files (x86)/atmel/studio/7.0/toolchain/arm/arm-gnu-toolchain/bin/../lib/gcc/arm-none-eabi/6.3.1/../../../../arm-none-eabi/lib/thumb/v7e-m\libc.a(lib_a-mlock.o)
                0x00405308                __malloc_lock
 .text.__malloc_unlock
                0x00405314        0xc c:/program files (x86)/atmel/studio/7.0/toolchain/arm/arm-gnu-toolchain/bin/../lib/gcc/arm-none-eabi/6.3.1/../../../../arm-none-eabi/lib/thumb/v7e-m\libc.a(lib_a-mlock.o)
                0x00405314                __malloc_unlock
 .text._realloc_r
                0x00405320      0x34c c:/program files (x86)/atmel/studio/7.0/toolchain/arm/arm-gnu-toolchain/bin/../lib/gcc/arm-none-eabi/6.3.1/../../../../arm-none-eabi/lib/thumb/v7e-m\libc.a(lib_a-reallocr.o)
                0x00405320                _realloc_r
 .text._sbrk_r  0x0040566c       0x24 c:/program files (x86)/atmel/studio/7.0/toolchain/arm/arm-gnu-toolchain/bin/../lib/gcc/arm-none-eabi/6.3.1/../../../../arm-none-eabi/lib/thumb/v7e-m\libc.a(lib_a-sbrkr.o)
                0x0040566c                _sbrk_r
 .text.__sread  0x00405690       0x24 c:/program files (x86)/atmel/studio/7.0/toolchain/arm/arm-gnu-toolchain/bin/../lib/gcc/arm-none-eabi/6.3.1/../../../../arm-none-eabi/lib/thumb/v7e-m\libc.a(lib_a-stdio.o)
                0x00405690                __sread
 .text.__swrite
                0x004056b4       0x3c c:/program files (x86)/atmel/studio/7.0/toolchain/arm/arm-gnu-toolchain/bin/../lib/gcc/arm-none-eabi/6.3.1/../../../../arm-none-eabi/lib/thumb/v7e-m\libc.a(lib_a-stdio.o)
                0x004056b4                __swrite
 .text.__sseek  0x004056f0       0x20 c:/program files (x86)/atmel/studio/7.0/toolchain/arm/arm-gnu-toolchain/bin/../lib/gcc/arm-none-eabi/6.3.1/../../../../arm-none-eabi/lib/thumb/v7e-m\libc.a(lib_a-stdio.o)
                0x004056f0                __sseek
 .text.__sclose
                0x00405710        0x8 c:/program files (x86)/atmel/studio/7.0/toolchain/arm/arm-gnu-toolchain/bin/../lib/gcc/arm-none-eabi/6.3.1/../../../../arm-none-eabi/lib/thumb/v7e-m\libc.a(lib_a-stdio.o)
                0x00405710                __sclose
 .text.__swbuf_r
                0x00405718       0xb0 c:/program files (x86)/atmel/studio/7.0/toolchain/arm/arm-gnu-toolchain/bin/../lib/gcc/arm-none-eabi/6.3.1/../../../../arm-none-eabi/lib/thumb/v7e-m\libc.a(lib_a-wbuf.o)
                0x00405718                __swbuf_r
 .text._wcrtomb_r
                0x004057c8       0x54 c:/program files (x86)/atmel/studio/7.0/toolchain/arm/arm-gnu-toolchain/bin/../lib/gcc/arm-none-eabi/6.3.1/../../../../arm-none-eabi/lib/thumb/v7e-m\libc.a(lib_a-wcrtomb.o)
                0x004057c8                _wcrtomb_r
 .text.__ascii_wctomb
                0x0040581c       0x1c c:/program files (x86)/atmel/studio/7.0/toolchain/arm/arm-gnu-toolchain/bin/../lib/gcc/arm-none-eabi/6.3.1/../../../../arm-none-eabi/lib/thumb/v7e-m\libc.a(lib_a-wctomb_r.o)
                0x0040581c                __ascii_wctomb
 .text._write_r
                0x00405838       0x2c c:/program files (x86)/atmel/studio/7.0/toolchain/arm/arm-gnu-toolchain/bin/../lib/gcc/arm-none-eabi/6.3.1/../../../../arm-none-eabi/lib/thumb/v7e-m\libc.a(lib_a-writer.o)
                0x00405838                _write_r
 .text.__register_exitproc
                0x00405864       0xc4 c:/program files (x86)/atmel/studio/7.0/toolchain/arm/arm-gnu-toolchain/bin/../lib/gcc/arm-none-eabi/6.3.1/../../../../arm-none-eabi/lib/thumb/v7e-m\libc.a(lib_a-__atexit.o)
                0x00405864                __register_exitproc
 .text._close_r
                0x00405928       0x24 c:/program files (x86)/atmel/studio/7.0/toolchain/arm/arm-gnu-toolchain/bin/../lib/gcc/arm-none-eabi/6.3.1/../../../../arm-none-eabi/lib/thumb/v7e-m\libc.a(lib_a-closer.o)
                0x00405928                _close_r
 .text._fclose_r
                0x0040594c       0xc4 c:/program files (x86)/atmel/studio/7.0/toolchain/arm/arm-gnu-toolchain/bin/../lib/gcc/arm-none-eabi/6.3.1/../../../../arm-none-eabi/lib/thumb/v7e-m\libc.a(lib_a-fclose.o)
                0x0040594c                _fclose_r
 .text._fstat_r
                0x00405a10       0x28 c:/program files (x86)/atmel/studio/7.0/toolchain/arm/arm-gnu-toolchain/bin/../lib/gcc/arm-none-eabi/6.3.1/../../../../arm-none-eabi/lib/thumb/v7e-m\libc.a(lib_a-fstatr.o)
                0x00405a10                _fstat_r
 .text._isatty_r
                0x00405a38       0x24 c:/program files (x86)/atmel/studio/7.0/toolchain/arm/arm-gnu-toolchain/bin/../lib/gcc/arm-none-eabi/6.3.1/../../../../arm-none-eabi/lib/thumb/v7e-m\libc.a(lib_a-isattyr.o)
                0x00405a38                _isatty_r
 .text._lseek_r
                0x00405a5c       0x2c c:/program files (x86)/atmel/studio/7.0/toolchain/arm/arm-gnu-toolchain/bin/../lib/gcc/arm-none-eabi/6.3.1/../../../../arm-none-eabi/lib/thumb/v7e-m\libc.a(lib_a-lseekr.o)
                0x00405a5c                _lseek_r
 .text._read_r  0x00405a88       0x2c c:/program files (x86)/atmel/studio/7.0/toolchain/arm/arm-gnu-toolchain/bin/../lib/gcc/arm-none-eabi/6.3.1/../../../../arm-none-eabi/lib/thumb/v7e-m\libc.a(lib_a-readr.o)
                0x00405a88                _read_r
 *(.glue_7t)
 .glue_7t       0x00405ab4        0x0 linker stubs
 *(.glue_7)
 .glue_7        0x00405ab4        0x0 linker stubs
 *(.rodata .rodata* .gnu.linkonce.r.*)
 .rodata.gmac_process_eth_packet.str1.4
                0x00405ab4       0x88 src/softLib/GMAC_Artnet.o
                                 0x8c (size before relaxing)
 .rodata.init_gmac_ethernet.str1.4
                0x00405b3c       0x41 src/softLib/GMAC_Artnet.o
 *fill*         0x00405b7d        0x3 
 .rodata        0x00405b80        0x2 src/softLib/nRF24.o
 *fill*         0x00405b82        0x2 
 .rodata.printDetails.str1.4
                0x00405b84      0x12d src/softLib/nRF24.o
 *fill*         0x00405cb1        0x3 
 .rodata.print_address_register.str1.4
                0x00405cb4        0xd src/softLib/nRF24.o
                                 0x13 (size before relaxing)
 *fill*         0x00405cc1        0x3 
 .rodata.print_byte_register.str1.4
                0x00405cc4        0x8 src/softLib/nRF24.o
 .rodata.rf24_crclength_e_str_0
                0x00405ccc        0x9 src/softLib/nRF24.o
 *fill*         0x00405cd5        0x3 
 .rodata.rf24_crclength_e_str_1
                0x00405cd8        0x7 src/softLib/nRF24.o
 *fill*         0x00405cdf        0x1 
 .rodata.rf24_crclength_e_str_2
                0x00405ce0        0x8 src/softLib/nRF24.o
 .rodata.rf24_crclength_e_str_P
                0x00405ce8        0xc src/softLib/nRF24.o
 .rodata.rf24_datarate_e_str_0
                0x00405cf4        0x6 src/softLib/nRF24.o
 *fill*         0x00405cfa        0x2 
 .rodata.rf24_datarate_e_str_1
                0x00405cfc        0x6 src/softLib/nRF24.o
 *fill*         0x00405d02        0x2 
 .rodata.rf24_datarate_e_str_2
                0x00405d04        0x8 src/softLib/nRF24.o
 .rodata.rf24_datarate_e_str_P
                0x00405d0c        0xc src/softLib/nRF24.o
 .rodata.rf24_model_e_str_1
                0x00405d18        0xa src/softLib/nRF24.o
 *fill*         0x00405d22        0x2 
 .rodata.rf24_pa_dbm_e_str_0
                0x00405d24        0x7 src/softLib/nRF24.o
 *fill*         0x00405d2b        0x1 
 .rodata.rf24_pa_dbm_e_str_1
                0x00405d2c        0x7 src/softLib/nRF24.o
 *fill*         0x00405d33        0x1 
 .rodata.rf24_pa_dbm_e_str_2
                0x00405d34        0x8 src/softLib/nRF24.o
 .rodata.rf24_pa_dbm_e_str_3
                0x00405d3c        0x7 src/softLib/nRF24.o
 *fill*         0x00405d43        0x1 
 .rodata.rf24_pa_dbm_e_str_P
                0x00405d44       0x10 src/softLib/nRF24.o
 .rodata.spi_master_initialize.str1.4
                0x00405d54       0x3e src/softLib/SAM_SPI.o
 *fill*         0x00405d92        0x2 
 .rodata.listeningPipes
                0x00405d94       0x18 src/main.o
 .rodata.main.str1.4
                0x00405dac      0x138 src/main.o
 .rodata._global_impure_ptr
                0x00405ee4        0x4 c:/program files (x86)/atmel/studio/7.0/toolchain/arm/arm-gnu-toolchain/bin/../lib/gcc/arm-none-eabi/6.3.1/../../../../arm-none-eabi/lib/thumb/v7e-m\libc.a(lib_a-impure.o)
                0x00405ee4                _global_impure_ptr
 .rodata._puts_r.str1.4
                0x00405ee8      0x138 c:/program files (x86)/atmel/studio/7.0/toolchain/arm/arm-gnu-toolchain/bin/../lib/gcc/arm-none-eabi/6.3.1/../../../../arm-none-eabi/lib/thumb/v7e-m\libc.a(lib_a-puts.o)
                                  0x2 (size before relaxing)
 .rodata._vfiprintf_r.str1.4
                0x00405ee8       0x2f c:/program files (x86)/atmel/studio/7.0/toolchain/arm/arm-gnu-toolchain/bin/../lib/gcc/arm-none-eabi/6.3.1/../../../../arm-none-eabi/lib/thumb/v7e-m\libc.a(lib_a-vfiprintf.o)
 *fill*         0x00405f17        0x1 
 .rodata.blanks.7217
                0x00405f18       0x10 c:/program files (x86)/atmel/studio/7.0/toolchain/arm/arm-gnu-toolchain/bin/../lib/gcc/arm-none-eabi/6.3.1/../../../../arm-none-eabi/lib/thumb/v7e-m\libc.a(lib_a-vfiprintf.o)
 .rodata.zeroes.7218
                0x00405f28       0x10 c:/program files (x86)/atmel/studio/7.0/toolchain/arm/arm-gnu-toolchain/bin/../lib/gcc/arm-none-eabi/6.3.1/../../../../arm-none-eabi/lib/thumb/v7e-m\libc.a(lib_a-vfiprintf.o)
 .rodata._setlocale_r.str1.4
                0x00405f38        0xa c:/program files (x86)/atmel/studio/7.0/toolchain/arm/arm-gnu-toolchain/bin/../lib/gcc/arm-none-eabi/6.3.1/../../../../arm-none-eabi/lib/thumb/v7e-m\libc.a(lib_a-locale.o)
                                  0xd (size before relaxing)
 *fill*         0x00405f42        0x2 
 .rodata.str1.4
                0x00405f44        0x4 c:/program files (x86)/atmel/studio/7.0/toolchain/arm/arm-gnu-toolchain/bin/../lib/gcc/arm-none-eabi/6.3.1/../../../../arm-none-eabi/lib/thumb/v7e-m\libc.a(lib_a-locale.o)
                                  0x2 (size before relaxing)
 .rodata._ctype_
                0x00405f48      0x101 c:/program files (x86)/atmel/studio/7.0/toolchain/arm/arm-gnu-toolchain/bin/../lib/gcc/arm-none-eabi/6.3.1/../../../../arm-none-eabi/lib/thumb/v7e-m\libc.a(lib_a-ctype_.o)
                0x00405f48                _ctype_
 *(.ARM.extab* .gnu.linkonce.armextab.*)
                0x0040604c                . = ALIGN (0x4)
 *fill*         0x00406049        0x3 
 *(.init)
 .init          0x0040604c        0x4 c:/program files (x86)/atmel/studio/7.0/toolchain/arm/arm-gnu-toolchain/bin/../lib/gcc/arm-none-eabi/6.3.1/thumb/v7e-m/crti.o
                0x0040604c                _init
 .init          0x00406050        0x8 c:/program files (x86)/atmel/studio/7.0/toolchain/arm/arm-gnu-toolchain/bin/../lib/gcc/arm-none-eabi/6.3.1/thumb/v7e-m/crtn.o
                0x00406058                . = ALIGN (0x4)
                0x00406058                __preinit_array_start = .
 *(.preinit_array)
                0x00406058                __preinit_array_end = .
                0x00406058                . = ALIGN (0x4)
                0x00406058                __init_array_start = .
 *(SORT(.init_array.*))
 .init_array.00000
                0x00406058        0x4 c:/program files (x86)/atmel/studio/7.0/toolchain/arm/arm-gnu-toolchain/bin/../lib/gcc/arm-none-eabi/6.3.1/../../../../arm-none-eabi/lib/thumb/v7e-m\libc.a(lib_a-__call_atexit.o)
 *(.init_array)
 .init_array    0x0040605c        0x4 c:/program files (x86)/atmel/studio/7.0/toolchain/arm/arm-gnu-toolchain/bin/../lib/gcc/arm-none-eabi/6.3.1/thumb/v7e-m/crtbegin.o
                0x00406060                __init_array_end = .
                0x00406060                . = ALIGN (0x4)
 *crtbegin.o(.ctors)
 *(EXCLUDE_FILE(*crtend.o) .ctors)
 *(SORT(.ctors.*))
 *crtend.o(.ctors)
                0x00406060                . = ALIGN (0x4)
 *(.fini)
 .fini          0x00406060        0x4 c:/program files (x86)/atmel/studio/7.0/toolchain/arm/arm-gnu-toolchain/bin/../lib/gcc/arm-none-eabi/6.3.1/thumb/v7e-m/crti.o
                0x00406060                _fini
 .fini          0x00406064        0x8 c:/program files (x86)/atmel/studio/7.0/toolchain/arm/arm-gnu-toolchain/bin/../lib/gcc/arm-none-eabi/6.3.1/thumb/v7e-m/crtn.o
                0x0040606c                . = ALIGN (0x4)
                0x0040606c                __fini_array_start = .
 *(.fini_array)
 .fini_array    0x0040606c        0x4 c:/program files (x86)/atmel/studio/7.0/toolchain/arm/arm-gnu-toolchain/bin/../lib/gcc/arm-none-eabi/6.3.1/thumb/v7e-m/crtbegin.o
 *(SORT(.fini_array.*))
                0x00406070                __fini_array_end = .
 *crtbegin.o(.dtors)
 *(EXCLUDE_FILE(*crtend.o) .dtors)
 *(SORT(.dtors.*))
 *crtend.o(.dtors)
                0x00406070                . = ALIGN (0x4)
                0x00406070                _efixed = .
                [!provide]                PROVIDE (__exidx_start, .)

.vfp11_veneer   0x00406070        0x0
 .vfp11_veneer  0x00406070        0x0 linker stubs

.v4_bx          0x00406070        0x0
 .v4_bx         0x00406070        0x0 linker stubs

.iplt           0x00406070        0x0
 .iplt          0x00406070        0x0 c:/program files (x86)/atmel/studio/7.0/toolchain/arm/arm-gnu-toolchain/bin/../lib/gcc/arm-none-eabi/6.3.1/thumb/v7e-m/crtbegin.o

.ARM.exidx      0x00406070        0x8
 *(.ARM.exidx* .gnu.linkonce.armexidx.*)
 .ARM.exidx     0x00406070        0x8 c:/program files (x86)/atmel/studio/7.0/toolchain/arm/arm-gnu-toolchain/bin/../lib/gcc/arm-none-eabi/6.3.1/thumb/v7e-m\libgcc.a(_udivmoddi4.o)
                [!provide]                PROVIDE (__exidx_end, .)

.eh_frame       0x00406078        0x0
 .eh_frame      0x00406078        0x0 c:/program files (x86)/atmel/studio/7.0/toolchain/arm/arm-gnu-toolchain/bin/../lib/gcc/arm-none-eabi/6.3.1/thumb/v7e-m/crtbegin.o

.rel.dyn        0x00406078        0x0
 .rel.iplt      0x00406078        0x0 c:/program files (x86)/atmel/studio/7.0/toolchain/arm/arm-gnu-toolchain/bin/../lib/gcc/arm-none-eabi/6.3.1/thumb/v7e-m/crtbegin.o

.jcr            0x00406078        0x0
 .jcr           0x00406078        0x0 c:/program files (x86)/atmel/studio/7.0/toolchain/arm/arm-gnu-toolchain/bin/../lib/gcc/arm-none-eabi/6.3.1/thumb/v7e-m/crtbegin.o

.igot.plt       0x00406078        0x0
 .igot.plt      0x00406078        0x0 c:/program files (x86)/atmel/studio/7.0/toolchain/arm/arm-gnu-toolchain/bin/../lib/gcc/arm-none-eabi/6.3.1/thumb/v7e-m/crtbegin.o
                0x00406078                . = ALIGN (0x4)
                0x00406078                _etext = .

.relocate       0x20400000      0x9d8 load address 0x00406078
                0x20400000                . = ALIGN (0x4)
                0x20400000                _srelocate = .
 *(.ramfunc .ramfunc.*)
 .ramfunc       0x20400000        0xa src/ASF/common/services/delay/sam/cycle_counter.o
                0x20400000                portable_delay_cycles
 *(.data .data.*)
 *fill*         0x2040000a        0x2 
 .data.artnet_id
                0x2040000c        0x8 src/softLib/GMAC_Artnet.o
 .data.gs_uc_ip_address
                0x20400014        0x4 src/softLib/GMAC_Artnet.o
                0x20400014                gs_uc_ip_address
 .data.gs_uc_mac_address
                0x20400018        0x6 src/softLib/GMAC_Artnet.o
                0x20400018                gs_uc_mac_address
 .data.payload_size
                0x2040001e        0x1 src/softLib/nRF24.o
                0x2040001e                payload_size
 *fill*         0x2040001f        0x1 
 .data.gs_ul_spi_clock
                0x20400020        0x4 src/softLib/SAM_SPI.o
                0x20400020                gs_ul_spi_clock
 .data.g_interrupt_enabled
                0x20400024        0x1 src/ASF/common/utils/interrupt/interrupt_sam_nvic.o
                0x20400024                g_interrupt_enabled
 *fill*         0x20400025        0x3 
 .data.SystemCoreClock
                0x20400028        0x4 src/ASF/sam/utils/cmsis/same70/source/templates/system_same70.o
                0x20400028                SystemCoreClock
 .data._impure_ptr
                0x2040002c        0x4 c:/program files (x86)/atmel/studio/7.0/toolchain/arm/arm-gnu-toolchain/bin/../lib/gcc/arm-none-eabi/6.3.1/../../../../arm-none-eabi/lib/thumb/v7e-m\libc.a(lib_a-impure.o)
                0x2040002c                _impure_ptr
 .data.impure_data
                0x20400030      0x428 c:/program files (x86)/atmel/studio/7.0/toolchain/arm/arm-gnu-toolchain/bin/../lib/gcc/arm-none-eabi/6.3.1/../../../../arm-none-eabi/lib/thumb/v7e-m\libc.a(lib_a-impure.o)
 .data.__atexit_recursive_mutex
                0x20400458        0x4 c:/program files (x86)/atmel/studio/7.0/toolchain/arm/arm-gnu-toolchain/bin/../lib/gcc/arm-none-eabi/6.3.1/../../../../arm-none-eabi/lib/thumb/v7e-m\libc.a(lib_a-__call_atexit.o)
                0x20400458                __atexit_recursive_mutex
 .data.__global_locale
                0x2040045c      0x16c c:/program files (x86)/atmel/studio/7.0/toolchain/arm/arm-gnu-toolchain/bin/../lib/gcc/arm-none-eabi/6.3.1/../../../../arm-none-eabi/lib/thumb/v7e-m\libc.a(lib_a-locale.o)
                0x2040045c                __global_locale
 .data.__malloc_av_
                0x204005c8      0x408 c:/program files (x86)/atmel/studio/7.0/toolchain/arm/arm-gnu-toolchain/bin/../lib/gcc/arm-none-eabi/6.3.1/../../../../arm-none-eabi/lib/thumb/v7e-m\libc.a(lib_a-mallocr.o)
                0x204005c8                __malloc_av_
 .data.__malloc_sbrk_base
                0x204009d0        0x4 c:/program files (x86)/atmel/studio/7.0/toolchain/arm/arm-gnu-toolchain/bin/../lib/gcc/arm-none-eabi/6.3.1/../../../../arm-none-eabi/lib/thumb/v7e-m\libc.a(lib_a-mallocr.o)
                0x204009d0                __malloc_sbrk_base
 .data.__malloc_trim_threshold
                0x204009d4        0x4 c:/program files (x86)/atmel/studio/7.0/toolchain/arm/arm-gnu-toolchain/bin/../lib/gcc/arm-none-eabi/6.3.1/../../../../arm-none-eabi/lib/thumb/v7e-m\libc.a(lib_a-mallocr.o)
                0x204009d4                __malloc_trim_threshold
                0x204009d8                . = ALIGN (0x4)
                0x204009d8                _erelocate = .

.bss            0x204009d8     0x7954 load address 0x00406a50
                0x204009d8                . = ALIGN (0x4)
                0x204009d8                _sbss = .
                0x204009d8                _szero = .
 *(.bss .bss.*)
 .bss           0x204009d8       0x1c c:/program files (x86)/atmel/studio/7.0/toolchain/arm/arm-gnu-toolchain/bin/../lib/gcc/arm-none-eabi/6.3.1/thumb/v7e-m/crtbegin.o
 *fill*         0x204009f4        0x4 
 .bss.gs_rx_desc
                0x204009f8       0x80 src/ASF/sam/drivers/gmac/gmac_raw_2.o
 .bss.gs_rx_desc_null
                0x20400a78        0x8 src/ASF/sam/drivers/gmac/gmac_raw_2.o
 .bss.gs_tx_callback
                0x20400a80       0x40 src/ASF/sam/drivers/gmac/gmac_raw_2.o
 .bss.gs_tx_desc
                0x20400ac0       0x80 src/ASF/sam/drivers/gmac/gmac_raw_2.o
 .bss.gs_tx_desc_null
                0x20400b40        0x8 src/ASF/sam/drivers/gmac/gmac_raw_2.o
 .bss.gs_uc_rx_buffer
                0x20400b48      0x800 src/ASF/sam/drivers/gmac/gmac_raw_2.o
 .bss.gs_uc_tx_buffer
                0x20401348     0x5ee0 src/ASF/sam/drivers/gmac/gmac_raw_2.o
 .bss.ul_reg_val.9514
                0x20407228        0x4 src/ASF/sam/drivers/usart/usart.o
 .bss.dynamic_payloads_enabled
                0x2040722c        0x1 src/softLib/nRF24.o
                0x2040722c                dynamic_payloads_enabled
 *fill*         0x2040722d        0x1 
 .bss.data.11580
                0x2040722e        0x2 src/softLib/SAM_SPI.o
 .bss.gs_interrupt_sources
                0x20407230       0x70 src/ASF/sam/drivers/pio/pio_handler.o
 .bss.heap.6420
                0x204072a0        0x4 src/ASF/sam/utils/syscalls/gcc/syscalls.o
 .bss.__malloc_current_mallinfo
                0x204072a4       0x28 c:/program files (x86)/atmel/studio/7.0/toolchain/arm/arm-gnu-toolchain/bin/../lib/gcc/arm-none-eabi/6.3.1/../../../../arm-none-eabi/lib/thumb/v7e-m\libc.a(lib_a-mallocr.o)
                0x204072a4                __malloc_current_mallinfo
 .bss.__malloc_max_sbrked_mem
                0x204072cc        0x4 c:/program files (x86)/atmel/studio/7.0/toolchain/arm/arm-gnu-toolchain/bin/../lib/gcc/arm-none-eabi/6.3.1/../../../../arm-none-eabi/lib/thumb/v7e-m\libc.a(lib_a-mallocr.o)
                0x204072cc                __malloc_max_sbrked_mem
 .bss.__malloc_max_total_mem
                0x204072d0        0x4 c:/program files (x86)/atmel/studio/7.0/toolchain/arm/arm-gnu-toolchain/bin/../lib/gcc/arm-none-eabi/6.3.1/../../../../arm-none-eabi/lib/thumb/v7e-m\libc.a(lib_a-mallocr.o)
                0x204072d0                __malloc_max_total_mem
 .bss.__malloc_top_pad
                0x204072d4        0x4 c:/program files (x86)/atmel/studio/7.0/toolchain/arm/arm-gnu-toolchain/bin/../lib/gcc/arm-none-eabi/6.3.1/../../../../arm-none-eabi/lib/thumb/v7e-m\libc.a(lib_a-mallocr.o)
                0x204072d4                __malloc_top_pad
 *(COMMON)
 COMMON         0x204072d8        0x4 src/ASF/common/utils/stdio/read.o
                0x204072d8                ptr_get
 COMMON         0x204072dc      0xffe src/softLib/GMAC_Artnet.o
                0x204072dc                artnet_data_buffer
                0x204074dc                gs_gmac_dev
                0x204075d0                ul_delay
                0x204075d4                gs_uc_eth_buffer_rx
                0x20407bd4                gmac_option
                0x20407bdc                p_artPollReply_packet
                0x20407ccc                ul_frm_size_tx
                0x20407cd0                gs_uc_eth_buffer_tx
                0x204082d0                ul_frm_size_rx
                0x204082d4                p_artAddr
 *fill*         0x204082da        0x2 
 COMMON         0x204082dc       0x10 src/softLib/nRF24.o
                0x204082dc                addr_width
                0x204082e0                pipe0_reading_address
                0x204082e8                txDelay
 COMMON         0x204082ec        0x8 src/ASF/common/utils/stdio/write.o
                0x204082ec                ptr_put
                0x204082f0                stdio_base
 COMMON         0x204082f4       0x10 src/main.o
                0x204082f4                dataIn
                0x204082fc                dataOut
 COMMON         0x20408304       0x21 c:/program files (x86)/atmel/studio/7.0/toolchain/arm/arm-gnu-toolchain/bin/../lib/gcc/arm-none-eabi/6.3.1/../../../../arm-none-eabi/lib/thumb/v7e-m\libc.a(lib_a-lock.o)
                0x20408304                __lock___atexit_recursive_mutex
                0x20408308                __lock___arc4random_mutex
                0x2040830c                __lock___env_recursive_mutex
                0x20408310                __lock___sinit_recursive_mutex
                0x20408314                __lock___malloc_recursive_mutex
                0x20408318                __lock___at_quick_exit_mutex
                0x2040831c                __lock___dd_hash_mutex
                0x20408320                __lock___tz_mutex
                0x20408324                __lock___sfp_recursive_mutex
 *fill*         0x20408325        0x3 
 COMMON         0x20408328        0x4 c:/program files (x86)/atmel/studio/7.0/toolchain/arm/arm-gnu-toolchain/bin/../lib/gcc/arm-none-eabi/6.3.1/../../../../arm-none-eabi/lib/thumb/v7e-m\libc.a(lib_a-reent.o)
                0x20408328                errno
                0x2040832c                . = ALIGN (0x4)
                0x2040832c                _ebss = .
                0x2040832c                _ezero = .

.stack          0x2040832c     0x2004 load address 0x0040e3a4
                0x20408330                . = ALIGN (0x8)
 *fill*         0x2040832c        0x4 
                0x20408330                _sstack = .
                0x2040a330                . = (. + STACK_SIZE)
 *fill*         0x20408330     0x2000 
                0x2040a330                . = ALIGN (0x8)
                0x2040a330                _estack = .

.heap           0x2040a330      0x200 load address 0x004103a8
                0x2040a330                . = ALIGN (0x8)
                0x2040a330                _sheap = .
                0x2040a530                . = (. + HEAP_SIZE)
 *fill*         0x2040a330      0x200 
                0x2040a530                . = ALIGN (0x8)
                0x2040a530                _eheap = .
                0x2040a530                . = ALIGN (0x4)
                0x2040a530                _end = .
                0x2045ffff                _ram_end_ = ((ORIGIN (ram) + LENGTH (ram)) - 0x1)
OUTPUT(MasterNode_Rev0-1.elf elf32-littlearm)

.ARM.attributes
                0x00000000       0x2e
 .ARM.attributes
                0x00000000       0x1e c:/program files (x86)/atmel/studio/7.0/toolchain/arm/arm-gnu-toolchain/bin/../lib/gcc/arm-none-eabi/6.3.1/thumb/v7e-m/crti.o
 .ARM.attributes
                0x0000001e       0x2e c:/program files (x86)/atmel/studio/7.0/toolchain/arm/arm-gnu-toolchain/bin/../lib/gcc/arm-none-eabi/6.3.1/thumb/v7e-m/crtbegin.o
 .ARM.attributes
                0x0000004c       0x37 src/ASF/common/utils/stdio/read.o
 .ARM.attributes
                0x00000083       0x37 src/ASF/sam/drivers/gmac/gmac_raw_2.o
 .ARM.attributes
                0x000000ba       0x37 src/ASF/sam/drivers/spi/spi.o
 .ARM.attributes
                0x000000f1       0x37 src/ASF/sam/drivers/usart/usart.o
 .ARM.attributes
                0x00000128       0x37 src/softLib/GMAC_Artnet.o
 .ARM.attributes
                0x0000015f       0x37 src/softLib/nRF24.o
 .ARM.attributes
                0x00000196       0x37 src/softLib/SAM_SPI.o
 .ARM.attributes
                0x000001cd       0x37 src/ASF/common/utils/stdio/write.o
 .ARM.attributes
                0x00000204       0x37 src/ASF/common/services/delay/sam/cycle_counter.o
 .ARM.attributes
                0x0000023b       0x37 src/ASF/sam/components/ethernet_phy/ksz8081rna/ethernet_phy.o
 .ARM.attributes
                0x00000272       0x37 src/ASF/sam/drivers/twihs/twihs.o
 .ARM.attributes
                0x000002a9       0x37 src/ASF/sam/drivers/uart/uart.o
 .ARM.attributes
                0x000002e0       0x37 src/ASF/sam/drivers/gmac/gmac_phy.o
 .ARM.attributes
                0x00000317       0x37 src/ASF/common/services/clock/same70/sysclk.o
 .ARM.attributes
                0x0000034e       0x37 src/ASF/common/utils/interrupt/interrupt_sam_nvic.o
 .ARM.attributes
                0x00000385       0x37 src/ASF/sam/boards/same70_xplained/init.o
 .ARM.attributes
                0x000003bc       0x37 src/ASF/sam/drivers/pio/pio.o
 .ARM.attributes
                0x000003f3       0x37 src/ASF/sam/drivers/pio/pio_handler.o
 .ARM.attributes
                0x0000042a       0x37 src/ASF/sam/drivers/pmc/pmc.o
 .ARM.attributes
                0x00000461       0x37 src/ASF/sam/utils/cmsis/same70/source/templates/gcc/startup_same70.o
 .ARM.attributes
                0x00000498       0x37 src/ASF/sam/utils/cmsis/same70/source/templates/system_same70.o
 .ARM.attributes
                0x000004cf       0x37 src/ASF/sam/utils/syscalls/gcc/syscalls.o
 .ARM.attributes
                0x00000506       0x37 src/main.o
 .ARM.attributes
                0x0000053d       0x1e c:/program files (x86)/atmel/studio/7.0/toolchain/arm/arm-gnu-toolchain/bin/../lib/gcc/arm-none-eabi/6.3.1/thumb/v7e-m\libgcc.a(_aeabi_uldivmod.o)
 .ARM.attributes
                0x0000055b       0x2e c:/program files (x86)/atmel/studio/7.0/toolchain/arm/arm-gnu-toolchain/bin/../lib/gcc/arm-none-eabi/6.3.1/thumb/v7e-m\libgcc.a(_udivmoddi4.o)
 .ARM.attributes
                0x00000589       0x1e c:/program files (x86)/atmel/studio/7.0/toolchain/arm/arm-gnu-toolchain/bin/../lib/gcc/arm-none-eabi/6.3.1/thumb/v7e-m\libgcc.a(_dvmd_tls.o)
 .ARM.attributes
                0x000005a7       0x2e c:/program files (x86)/atmel/studio/7.0/toolchain/arm/arm-gnu-toolchain/bin/../lib/gcc/arm-none-eabi/6.3.1/../../../../arm-none-eabi/lib/thumb/v7e-m\libc.a(lib_a-impure.o)
 .ARM.attributes
                0x000005d5       0x2e c:/program files (x86)/atmel/studio/7.0/toolchain/arm/arm-gnu-toolchain/bin/../lib/gcc/arm-none-eabi/6.3.1/../../../../arm-none-eabi/lib/thumb/v7e-m\libc.a(lib_a-init.o)
 .ARM.attributes
                0x00000603       0x2e c:/program files (x86)/atmel/studio/7.0/toolchain/arm/arm-gnu-toolchain/bin/../lib/gcc/arm-none-eabi/6.3.1/../../../../arm-none-eabi/lib/thumb/v7e-m\libc.a(lib_a-iprintf.o)
 .ARM.attributes
                0x00000631       0x1c c:/program files (x86)/atmel/studio/7.0/toolchain/arm/arm-gnu-toolchain/bin/../lib/gcc/arm-none-eabi/6.3.1/../../../../arm-none-eabi/lib/thumb/v7e-m\libc.a(lib_a-memcpy.o)
 .ARM.attributes
                0x0000064d       0x2e c:/program files (x86)/atmel/studio/7.0/toolchain/arm/arm-gnu-toolchain/bin/../lib/gcc/arm-none-eabi/6.3.1/../../../../arm-none-eabi/lib/thumb/v7e-m\libc.a(lib_a-memset.o)
 .ARM.attributes
                0x0000067b       0x2e c:/program files (x86)/atmel/studio/7.0/toolchain/arm/arm-gnu-toolchain/bin/../lib/gcc/arm-none-eabi/6.3.1/../../../../arm-none-eabi/lib/thumb/v7e-m\libc.a(lib_a-puts.o)
 .ARM.attributes
                0x000006a9       0x2e c:/program files (x86)/atmel/studio/7.0/toolchain/arm/arm-gnu-toolchain/bin/../lib/gcc/arm-none-eabi/6.3.1/../../../../arm-none-eabi/lib/thumb/v7e-m\libc.a(lib_a-setbuf.o)
 .ARM.attributes
                0x000006d7       0x2e c:/program files (x86)/atmel/studio/7.0/toolchain/arm/arm-gnu-toolchain/bin/../lib/gcc/arm-none-eabi/6.3.1/../../../../arm-none-eabi/lib/thumb/v7e-m\libc.a(lib_a-setvbuf.o)
 .ARM.attributes
                0x00000705       0x1c c:/program files (x86)/atmel/studio/7.0/toolchain/arm/arm-gnu-toolchain/bin/../lib/gcc/arm-none-eabi/6.3.1/../../../../arm-none-eabi/lib/thumb/v7e-m\libc.a(lib_a-strlen.o)
 .ARM.attributes
                0x00000721       0x2e c:/program files (x86)/atmel/studio/7.0/toolchain/arm/arm-gnu-toolchain/bin/../lib/gcc/arm-none-eabi/6.3.1/../../../../arm-none-eabi/lib/thumb/v7e-m\libc.a(lib_a-vfiprintf.o)
 .ARM.attributes
                0x0000074f       0x2e c:/program files (x86)/atmel/studio/7.0/toolchain/arm/arm-gnu-toolchain/bin/../lib/gcc/arm-none-eabi/6.3.1/../../../../arm-none-eabi/lib/thumb/v7e-m\libc.a(lib_a-wsetup.o)
 .ARM.attributes
                0x0000077d       0x2e c:/program files (x86)/atmel/studio/7.0/toolchain/arm/arm-gnu-toolchain/bin/../lib/gcc/arm-none-eabi/6.3.1/../../../../arm-none-eabi/lib/thumb/v7e-m\libc.a(lib_a-__call_atexit.o)
 .ARM.attributes
                0x000007ab       0x2e c:/program files (x86)/atmel/studio/7.0/toolchain/arm/arm-gnu-toolchain/bin/../lib/gcc/arm-none-eabi/6.3.1/../../../../arm-none-eabi/lib/thumb/v7e-m\libc.a(lib_a-atexit.o)
 .ARM.attributes
                0x000007d9       0x2e c:/program files (x86)/atmel/studio/7.0/toolchain/arm/arm-gnu-toolchain/bin/../lib/gcc/arm-none-eabi/6.3.1/../../../../arm-none-eabi/lib/thumb/v7e-m\libc.a(lib_a-fflush.o)
 .ARM.attributes
                0x00000807       0x2e c:/program files (x86)/atmel/studio/7.0/toolchain/arm/arm-gnu-toolchain/bin/../lib/gcc/arm-none-eabi/6.3.1/../../../../arm-none-eabi/lib/thumb/v7e-m\libc.a(lib_a-findfp.o)
 .ARM.attributes
                0x00000835       0x2e c:/program files (x86)/atmel/studio/7.0/toolchain/arm/arm-gnu-toolchain/bin/../lib/gcc/arm-none-eabi/6.3.1/../../../../arm-none-eabi/lib/thumb/v7e-m\libc.a(lib_a-fini.o)
 .ARM.attributes
                0x00000863       0x2e c:/program files (x86)/atmel/studio/7.0/toolchain/arm/arm-gnu-toolchain/bin/../lib/gcc/arm-none-eabi/6.3.1/../../../../arm-none-eabi/lib/thumb/v7e-m\libc.a(lib_a-fputwc.o)
 .ARM.attributes
                0x00000891       0x2e c:/program files (x86)/atmel/studio/7.0/toolchain/arm/arm-gnu-toolchain/bin/../lib/gcc/arm-none-eabi/6.3.1/../../../../arm-none-eabi/lib/thumb/v7e-m\libc.a(lib_a-freer.o)
 .ARM.attributes
                0x000008bf       0x2e c:/program files (x86)/atmel/studio/7.0/toolchain/arm/arm-gnu-toolchain/bin/../lib/gcc/arm-none-eabi/6.3.1/../../../../arm-none-eabi/lib/thumb/v7e-m\libc.a(lib_a-fvwrite.o)
 .ARM.attributes
                0x000008ed       0x2e c:/program files (x86)/atmel/studio/7.0/toolchain/arm/arm-gnu-toolchain/bin/../lib/gcc/arm-none-eabi/6.3.1/../../../../arm-none-eabi/lib/thumb/v7e-m\libc.a(lib_a-fwalk.o)
 .ARM.attributes
                0x0000091b       0x2e c:/program files (x86)/atmel/studio/7.0/toolchain/arm/arm-gnu-toolchain/bin/../lib/gcc/arm-none-eabi/6.3.1/../../../../arm-none-eabi/lib/thumb/v7e-m\libc.a(lib_a-locale.o)
 .ARM.attributes
                0x00000949       0x2e c:/program files (x86)/atmel/studio/7.0/toolchain/arm/arm-gnu-toolchain/bin/../lib/gcc/arm-none-eabi/6.3.1/../../../../arm-none-eabi/lib/thumb/v7e-m\libc.a(lib_a-lock.o)
 .ARM.attributes
                0x00000977       0x2e c:/program files (x86)/atmel/studio/7.0/toolchain/arm/arm-gnu-toolchain/bin/../lib/gcc/arm-none-eabi/6.3.1/../../../../arm-none-eabi/lib/thumb/v7e-m\libc.a(lib_a-makebuf.o)
 .ARM.attributes
                0x000009a5       0x2e c:/program files (x86)/atmel/studio/7.0/toolchain/arm/arm-gnu-toolchain/bin/../lib/gcc/arm-none-eabi/6.3.1/../../../../arm-none-eabi/lib/thumb/v7e-m\libc.a(lib_a-malloc.o)
 .ARM.attributes
                0x000009d3       0x2e c:/program files (x86)/atmel/studio/7.0/toolchain/arm/arm-gnu-toolchain/bin/../lib/gcc/arm-none-eabi/6.3.1/../../../../arm-none-eabi/lib/thumb/v7e-m\libc.a(lib_a-mallocr.o)
 .ARM.attributes
                0x00000a01       0x2e c:/program files (x86)/atmel/studio/7.0/toolchain/arm/arm-gnu-toolchain/bin/../lib/gcc/arm-none-eabi/6.3.1/../../../../arm-none-eabi/lib/thumb/v7e-m\libc.a(lib_a-mbtowc_r.o)
 .ARM.attributes
                0x00000a2f       0x1c c:/program files (x86)/atmel/studio/7.0/toolchain/arm/arm-gnu-toolchain/bin/../lib/gcc/arm-none-eabi/6.3.1/../../../../arm-none-eabi/lib/thumb/v7e-m\libc.a(lib_a-memchr.o)
 .ARM.attributes
                0x00000a4b       0x2e c:/program files (x86)/atmel/studio/7.0/toolchain/arm/arm-gnu-toolchain/bin/../lib/gcc/arm-none-eabi/6.3.1/../../../../arm-none-eabi/lib/thumb/v7e-m\libc.a(lib_a-memmove.o)
 .ARM.attributes
                0x00000a79       0x2e c:/program files (x86)/atmel/studio/7.0/toolchain/arm/arm-gnu-toolchain/bin/../lib/gcc/arm-none-eabi/6.3.1/../../../../arm-none-eabi/lib/thumb/v7e-m\libc.a(lib_a-mlock.o)
 .ARM.attributes
                0x00000aa7       0x2e c:/program files (x86)/atmel/studio/7.0/toolchain/arm/arm-gnu-toolchain/bin/../lib/gcc/arm-none-eabi/6.3.1/../../../../arm-none-eabi/lib/thumb/v7e-m\libc.a(lib_a-reallocr.o)
 .ARM.attributes
                0x00000ad5       0x2e c:/program files (x86)/atmel/studio/7.0/toolchain/arm/arm-gnu-toolchain/bin/../lib/gcc/arm-none-eabi/6.3.1/../../../../arm-none-eabi/lib/thumb/v7e-m\libc.a(lib_a-sbrkr.o)
 .ARM.attributes
                0x00000b03       0x2e c:/program files (x86)/atmel/studio/7.0/toolchain/arm/arm-gnu-toolchain/bin/../lib/gcc/arm-none-eabi/6.3.1/../../../../arm-none-eabi/lib/thumb/v7e-m\libc.a(lib_a-stdio.o)
 .ARM.attributes
                0x00000b31       0x2e c:/program files (x86)/atmel/studio/7.0/toolchain/arm/arm-gnu-toolchain/bin/../lib/gcc/arm-none-eabi/6.3.1/../../../../arm-none-eabi/lib/thumb/v7e-m\libc.a(lib_a-wbuf.o)
 .ARM.attributes
                0x00000b5f       0x2e c:/program files (x86)/atmel/studio/7.0/toolchain/arm/arm-gnu-toolchain/bin/../lib/gcc/arm-none-eabi/6.3.1/../../../../arm-none-eabi/lib/thumb/v7e-m\libc.a(lib_a-wcrtomb.o)
 .ARM.attributes
                0x00000b8d       0x2e c:/program files (x86)/atmel/studio/7.0/toolchain/arm/arm-gnu-toolchain/bin/../lib/gcc/arm-none-eabi/6.3.1/../../../../arm-none-eabi/lib/thumb/v7e-m\libc.a(lib_a-wctomb_r.o)
 .ARM.attributes
                0x00000bbb       0x2e c:/program files (x86)/atmel/studio/7.0/toolchain/arm/arm-gnu-toolchain/bin/../lib/gcc/arm-none-eabi/6.3.1/../../../../arm-none-eabi/lib/thumb/v7e-m\libc.a(lib_a-writer.o)
 .ARM.attributes
                0x00000be9       0x2e c:/program files (x86)/atmel/studio/7.0/toolchain/arm/arm-gnu-toolchain/bin/../lib/gcc/arm-none-eabi/6.3.1/../../../../arm-none-eabi/lib/thumb/v7e-m\libc.a(lib_a-__atexit.o)
 .ARM.attributes
                0x00000c17       0x2e c:/program files (x86)/atmel/studio/7.0/toolchain/arm/arm-gnu-toolchain/bin/../lib/gcc/arm-none-eabi/6.3.1/../../../../arm-none-eabi/lib/thumb/v7e-m\libc.a(lib_a-closer.o)
 .ARM.attributes
                0x00000c45       0x2e c:/program files (x86)/atmel/studio/7.0/toolchain/arm/arm-gnu-toolchain/bin/../lib/gcc/arm-none-eabi/6.3.1/../../../../arm-none-eabi/lib/thumb/v7e-m\libc.a(lib_a-ctype_.o)
 .ARM.attributes
                0x00000c73       0x2e c:/program files (x86)/atmel/studio/7.0/toolchain/arm/arm-gnu-toolchain/bin/../lib/gcc/arm-none-eabi/6.3.1/../../../../arm-none-eabi/lib/thumb/v7e-m\libc.a(lib_a-fclose.o)
 .ARM.attributes
                0x00000ca1       0x2e c:/program files (x86)/atmel/studio/7.0/toolchain/arm/arm-gnu-toolchain/bin/../lib/gcc/arm-none-eabi/6.3.1/../../../../arm-none-eabi/lib/thumb/v7e-m\libc.a(lib_a-fstatr.o)
 .ARM.attributes
                0x00000ccf       0x2e c:/program files (x86)/atmel/studio/7.0/toolchain/arm/arm-gnu-toolchain/bin/../lib/gcc/arm-none-eabi/6.3.1/../../../../arm-none-eabi/lib/thumb/v7e-m\libc.a(lib_a-isattyr.o)
 .ARM.attributes
                0x00000cfd       0x2e c:/program files (x86)/atmel/studio/7.0/toolchain/arm/arm-gnu-toolchain/bin/../lib/gcc/arm-none-eabi/6.3.1/../../../../arm-none-eabi/lib/thumb/v7e-m\libc.a(lib_a-lseekr.o)
 .ARM.attributes
                0x00000d2b       0x2e c:/program files (x86)/atmel/studio/7.0/toolchain/arm/arm-gnu-toolchain/bin/../lib/gcc/arm-none-eabi/6.3.1/../../../../arm-none-eabi/lib/thumb/v7e-m\libc.a(lib_a-readr.o)
 .ARM.attributes
                0x00000d59       0x2e c:/program files (x86)/atmel/studio/7.0/toolchain/arm/arm-gnu-toolchain/bin/../lib/gcc/arm-none-eabi/6.3.1/../../../../arm-none-eabi/lib/thumb/v7e-m\libc.a(lib_a-reent.o)
 .ARM.attributes
                0x00000d87       0x1e c:/program files (x86)/atmel/studio/7.0/toolchain/arm/arm-gnu-toolchain/bin/../lib/gcc/arm-none-eabi/6.3.1/thumb/v7e-m/crtn.o

.comment        0x00000000       0x59
 .comment       0x00000000       0x59 src/ASF/common/utils/stdio/read.o
                                 0x5a (size before relaxing)
 .comment       0x00000059       0x5a src/ASF/sam/drivers/gmac/gmac_raw_2.o
 .comment       0x00000059       0x5a src/ASF/sam/drivers/spi/spi.o
 .comment       0x00000059       0x5a src/ASF/sam/drivers/usart/usart.o
 .comment       0x00000059       0x5a src/softLib/GMAC_Artnet.o
 .comment       0x00000059       0x5a src/softLib/nRF24.o
 .comment       0x00000059       0x5a src/softLib/SAM_SPI.o
 .comment       0x00000059       0x5a src/ASF/common/utils/stdio/write.o
 .comment       0x00000059       0x5a src/ASF/common/services/delay/sam/cycle_counter.o
 .comment       0x00000059       0x5a src/ASF/sam/components/ethernet_phy/ksz8081rna/ethernet_phy.o
 .comment       0x00000059       0x5a src/ASF/sam/drivers/twihs/twihs.o
 .comment       0x00000059       0x5a src/ASF/sam/drivers/uart/uart.o
 .comment       0x00000059       0x5a src/ASF/sam/drivers/gmac/gmac_phy.o
 .comment       0x00000059       0x5a src/ASF/common/services/clock/same70/sysclk.o
 .comment       0x00000059       0x5a src/ASF/common/utils/interrupt/interrupt_sam_nvic.o
 .comment       0x00000059       0x5a src/ASF/sam/boards/same70_xplained/init.o
 .comment       0x00000059       0x5a src/ASF/sam/drivers/pio/pio.o
 .comment       0x00000059       0x5a src/ASF/sam/drivers/pio/pio_handler.o
 .comment       0x00000059       0x5a src/ASF/sam/drivers/pmc/pmc.o
 .comment       0x00000059       0x5a src/ASF/sam/utils/cmsis/same70/source/templates/gcc/startup_same70.o
 .comment       0x00000059       0x5a src/ASF/sam/utils/cmsis/same70/source/templates/system_same70.o
 .comment       0x00000059       0x5a src/ASF/sam/utils/syscalls/gcc/syscalls.o
 .comment       0x00000059       0x5a src/main.o

.debug_info     0x00000000    0x2594e
 .debug_info    0x00000000      0xac9 src/ASF/common/utils/stdio/read.o
 .debug_info    0x00000ac9     0x314d src/ASF/sam/drivers/gmac/gmac_raw_2.o
 .debug_info    0x00003c16     0x1181 src/ASF/sam/drivers/spi/spi.o
 .debug_info    0x00004d97     0x23ac src/ASF/sam/drivers/usart/usart.o
 .debug_info    0x00007143     0x3252 src/softLib/GMAC_Artnet.o
 .debug_info    0x0000a395     0x2b7c src/softLib/nRF24.o
 .debug_info    0x0000cf11     0x199a src/softLib/SAM_SPI.o
 .debug_info    0x0000e8ab      0xac6 src/ASF/common/utils/stdio/write.o
 .debug_info    0x0000f371      0xa45 src/ASF/common/services/delay/sam/cycle_counter.o
 .debug_info    0x0000fdb6     0x2798 src/ASF/sam/components/ethernet_phy/ksz8081rna/ethernet_phy.o
 .debug_info    0x0001254e     0x1599 src/ASF/sam/drivers/twihs/twihs.o
 .debug_info    0x00013ae7     0x1072 src/ASF/sam/drivers/uart/uart.o
 .debug_info    0x00014b59     0x19b6 src/ASF/sam/drivers/gmac/gmac_phy.o
 .debug_info    0x0001650f     0x12a4 src/ASF/common/services/clock/same70/sysclk.o
 .debug_info    0x000177b3      0xaff src/ASF/common/utils/interrupt/interrupt_sam_nvic.o
 .debug_info    0x000182b2     0x237b src/ASF/sam/boards/same70_xplained/init.o
 .debug_info    0x0001a62d     0x2174 src/ASF/sam/drivers/pio/pio.o
 .debug_info    0x0001c7a1     0x1bb2 src/ASF/sam/drivers/pio/pio_handler.o
 .debug_info    0x0001e353     0x1f1c src/ASF/sam/drivers/pmc/pmc.o
 .debug_info    0x0002026f     0x15fe src/ASF/sam/utils/cmsis/same70/source/templates/gcc/startup_same70.o
 .debug_info    0x0002186d      0x5d0 src/ASF/sam/utils/cmsis/same70/source/templates/system_same70.o
 .debug_info    0x00021e3d      0xdb0 src/ASF/sam/utils/syscalls/gcc/syscalls.o
 .debug_info    0x00022bed     0x2d61 src/main.o

.debug_abbrev   0x00000000     0x497c
 .debug_abbrev  0x00000000      0x1fe src/ASF/common/utils/stdio/read.o
 .debug_abbrev  0x000001fe      0x482 src/ASF/sam/drivers/gmac/gmac_raw_2.o
 .debug_abbrev  0x00000680      0x3b2 src/ASF/sam/drivers/spi/spi.o
 .debug_abbrev  0x00000a32      0x3ca src/ASF/sam/drivers/usart/usart.o
 .debug_abbrev  0x00000dfc      0x4a6 src/softLib/GMAC_Artnet.o
 .debug_abbrev  0x000012a2      0x543 src/softLib/nRF24.o
 .debug_abbrev  0x000017e5      0x35e src/softLib/SAM_SPI.o
 .debug_abbrev  0x00001b43      0x1e9 src/ASF/common/utils/stdio/write.o
 .debug_abbrev  0x00001d2c      0x1b3 src/ASF/common/services/delay/sam/cycle_counter.o
 .debug_abbrev  0x00001edf      0x3b2 src/ASF/sam/components/ethernet_phy/ksz8081rna/ethernet_phy.o
 .debug_abbrev  0x00002291      0x39f src/ASF/sam/drivers/twihs/twihs.o
 .debug_abbrev  0x00002630      0x27b src/ASF/sam/drivers/uart/uart.o
 .debug_abbrev  0x000028ab      0x2a5 src/ASF/sam/drivers/gmac/gmac_phy.o
 .debug_abbrev  0x00002b50      0x31f src/ASF/common/services/clock/same70/sysclk.o
 .debug_abbrev  0x00002e6f      0x221 src/ASF/common/utils/interrupt/interrupt_sam_nvic.o
 .debug_abbrev  0x00003090      0x32f src/ASF/sam/boards/same70_xplained/init.o
 .debug_abbrev  0x000033bf      0x410 src/ASF/sam/drivers/pio/pio.o
 .debug_abbrev  0x000037cf      0x34d src/ASF/sam/drivers/pio/pio_handler.o
 .debug_abbrev  0x00003b1c      0x398 src/ASF/sam/drivers/pmc/pmc.o
 .debug_abbrev  0x00003eb4      0x2f3 src/ASF/sam/utils/cmsis/same70/source/templates/gcc/startup_same70.o
 .debug_abbrev  0x000041a7      0x102 src/ASF/sam/utils/cmsis/same70/source/templates/system_same70.o
 .debug_abbrev  0x000042a9      0x264 src/ASF/sam/utils/syscalls/gcc/syscalls.o
 .debug_abbrev  0x0000450d      0x46f src/main.o

.debug_loc      0x00000000     0x997a
 .debug_loc     0x00000000       0xb3 src/ASF/common/utils/stdio/read.o
 .debug_loc     0x000000b3     0x1c2d src/ASF/sam/drivers/gmac/gmac_raw_2.o
 .debug_loc     0x00001ce0      0x610 src/ASF/sam/drivers/spi/spi.o
 .debug_loc     0x000022f0      0xf35 src/ASF/sam/drivers/usart/usart.o
 .debug_loc     0x00003225      0x89d src/softLib/GMAC_Artnet.o
 .debug_loc     0x00003ac2     0x11dc src/softLib/nRF24.o
 .debug_loc     0x00004c9e      0x203 src/softLib/SAM_SPI.o
 .debug_loc     0x00004ea1      0x12b src/ASF/common/utils/stdio/write.o
 .debug_loc     0x00004fcc      0xc51 src/ASF/sam/components/ethernet_phy/ksz8081rna/ethernet_phy.o
 .debug_loc     0x00005c1d      0xc2c src/ASF/sam/drivers/twihs/twihs.o
 .debug_loc     0x00006849      0x2a3 src/ASF/sam/drivers/uart/uart.o
 .debug_loc     0x00006aec      0x245 src/ASF/sam/drivers/gmac/gmac_phy.o
 .debug_loc     0x00006d31      0x183 src/ASF/common/services/clock/same70/sysclk.o
 .debug_loc     0x00006eb4      0x339 src/ASF/sam/boards/same70_xplained/init.o
 .debug_loc     0x000071ed      0xea4 src/ASF/sam/drivers/pio/pio.o
 .debug_loc     0x00008091      0x59f src/ASF/sam/drivers/pio/pio_handler.o
 .debug_loc     0x00008630      0xc33 src/ASF/sam/drivers/pmc/pmc.o
 .debug_loc     0x00009263       0x77 src/ASF/sam/utils/cmsis/same70/source/templates/gcc/startup_same70.o
 .debug_loc     0x000092da       0xfd src/ASF/sam/utils/syscalls/gcc/syscalls.o
 .debug_loc     0x000093d7      0x5a3 src/main.o

.debug_aranges  0x00000000      0xdd8
 .debug_aranges
                0x00000000       0x20 src/ASF/common/utils/stdio/read.o
 .debug_aranges
                0x00000020       0x90 src/ASF/sam/drivers/gmac/gmac_raw_2.o
 .debug_aranges
                0x000000b0       0x90 src/ASF/sam/drivers/spi/spi.o
 .debug_aranges
                0x00000140      0x2a8 src/ASF/sam/drivers/usart/usart.o
 .debug_aranges
                0x000003e8       0x60 src/softLib/GMAC_Artnet.o
 .debug_aranges
                0x00000448      0x118 src/softLib/nRF24.o
 .debug_aranges
                0x00000560       0x28 src/softLib/SAM_SPI.o
 .debug_aranges
                0x00000588       0x20 src/ASF/common/utils/stdio/write.o
 .debug_aranges
                0x000005a8       0x20 src/ASF/common/services/delay/sam/cycle_counter.o
 .debug_aranges
                0x000005c8       0x38 src/ASF/sam/components/ethernet_phy/ksz8081rna/ethernet_phy.o
 .debug_aranges
                0x00000600       0xe8 src/ASF/sam/drivers/twihs/twihs.o
 .debug_aranges
                0x000006e8       0xd8 src/ASF/sam/drivers/uart/uart.o
 .debug_aranges
                0x000007c0       0x28 src/ASF/sam/drivers/gmac/gmac_phy.o
 .debug_aranges
                0x000007e8       0x40 src/ASF/common/services/clock/same70/sysclk.o
 .debug_aranges
                0x00000828       0x28 src/ASF/common/utils/interrupt/interrupt_sam_nvic.o
 .debug_aranges
                0x00000850       0x20 src/ASF/sam/boards/same70_xplained/init.o
 .debug_aranges
                0x00000870      0x1a8 src/ASF/sam/drivers/pio/pio.o
 .debug_aranges
                0x00000a18       0x60 src/ASF/sam/drivers/pio/pio_handler.o
 .debug_aranges
                0x00000a78      0x270 src/ASF/sam/drivers/pmc/pmc.o
 .debug_aranges
                0x00000ce8       0x28 src/ASF/sam/utils/cmsis/same70/source/templates/gcc/startup_same70.o
 .debug_aranges
                0x00000d10       0x30 src/ASF/sam/utils/cmsis/same70/source/templates/system_same70.o
 .debug_aranges
                0x00000d40       0x60 src/ASF/sam/utils/syscalls/gcc/syscalls.o
 .debug_aranges
                0x00000da0       0x38 src/main.o

.debug_ranges   0x00000000      0xed8
 .debug_ranges  0x00000000       0x10 src/ASF/common/utils/stdio/read.o
 .debug_ranges  0x00000010       0xb0 src/ASF/sam/drivers/gmac/gmac_raw_2.o
 .debug_ranges  0x000000c0       0x80 src/ASF/sam/drivers/spi/spi.o
 .debug_ranges  0x00000140      0x298 src/ASF/sam/drivers/usart/usart.o
 .debug_ranges  0x000003d8       0x50 src/softLib/GMAC_Artnet.o
 .debug_ranges  0x00000428      0x150 src/softLib/nRF24.o
 .debug_ranges  0x00000578       0x18 src/softLib/SAM_SPI.o
 .debug_ranges  0x00000590       0x10 src/ASF/common/utils/stdio/write.o
 .debug_ranges  0x000005a0       0x10 src/ASF/common/services/delay/sam/cycle_counter.o
 .debug_ranges  0x000005b0       0xe8 src/ASF/sam/components/ethernet_phy/ksz8081rna/ethernet_phy.o
 .debug_ranges  0x00000698       0xd8 src/ASF/sam/drivers/twihs/twihs.o
 .debug_ranges  0x00000770       0xc8 src/ASF/sam/drivers/uart/uart.o
 .debug_ranges  0x00000838       0x18 src/ASF/sam/drivers/gmac/gmac_phy.o
 .debug_ranges  0x00000850       0x30 src/ASF/common/services/clock/same70/sysclk.o
 .debug_ranges  0x00000880       0x18 src/ASF/common/utils/interrupt/interrupt_sam_nvic.o
 .debug_ranges  0x00000898       0x10 src/ASF/sam/boards/same70_xplained/init.o
 .debug_ranges  0x000008a8      0x2a0 src/ASF/sam/drivers/pio/pio.o
 .debug_ranges  0x00000b48       0x68 src/ASF/sam/drivers/pio/pio_handler.o
 .debug_ranges  0x00000bb0      0x260 src/ASF/sam/drivers/pmc/pmc.o
 .debug_ranges  0x00000e10       0x18 src/ASF/sam/utils/cmsis/same70/source/templates/gcc/startup_same70.o
 .debug_ranges  0x00000e28       0x20 src/ASF/sam/utils/cmsis/same70/source/templates/system_same70.o
 .debug_ranges  0x00000e48       0x50 src/ASF/sam/utils/syscalls/gcc/syscalls.o
 .debug_ranges  0x00000e98       0x40 src/main.o

.debug_macro    0x00000000     0xeb8d
 .debug_macro   0x00000000      0x68a src/ASF/common/utils/stdio/read.o
 .debug_macro   0x0000068a      0x6f2 src/ASF/sam/drivers/gmac/gmac_raw_2.o
 .debug_macro   0x00000d7c      0x12a src/ASF/sam/drivers/gmac/gmac_raw_2.o
 .debug_macro   0x00000ea6       0x16 src/ASF/sam/drivers/gmac/gmac_raw_2.o
 .debug_macro   0x00000ebc       0x8e src/ASF/sam/drivers/gmac/gmac_raw_2.o
 .debug_macro   0x00000f4a      0x70f src/ASF/sam/drivers/spi/spi.o
 .debug_macro   0x00001659       0x10 src/ASF/sam/drivers/spi/spi.o
 .debug_macro   0x00001669      0x6d1 src/ASF/sam/drivers/usart/usart.o
 .debug_macro   0x00001d3a       0x28 src/ASF/sam/drivers/usart/usart.o
 .debug_macro   0x00001d62      0x89d src/softLib/GMAC_Artnet.o
 .debug_macro   0x000025ff       0x28 src/softLib/GMAC_Artnet.o
 .debug_macro   0x00002627       0x22 src/softLib/GMAC_Artnet.o
 .debug_macro   0x00002649      0x17b src/softLib/GMAC_Artnet.o
 .debug_macro   0x000027c4       0x94 src/softLib/GMAC_Artnet.o
 .debug_macro   0x00002858       0x40 src/softLib/GMAC_Artnet.o
 .debug_macro   0x00002898       0x88 src/softLib/GMAC_Artnet.o
 .debug_macro   0x00002920      0x1cf src/softLib/GMAC_Artnet.o
 .debug_macro   0x00002aef       0x34 src/softLib/GMAC_Artnet.o
 .debug_macro   0x00002b23       0x10 src/softLib/GMAC_Artnet.o
 .debug_macro   0x00002b33       0x16 src/softLib/GMAC_Artnet.o
 .debug_macro   0x00002b49       0x1c src/softLib/GMAC_Artnet.o
 .debug_macro   0x00002b65       0x1c src/softLib/GMAC_Artnet.o
 .debug_macro   0x00002b81       0x2e src/softLib/GMAC_Artnet.o
 .debug_macro   0x00002baf       0x28 src/softLib/GMAC_Artnet.o
 .debug_macro   0x00002bd7       0x4c src/softLib/GMAC_Artnet.o
 .debug_macro   0x00002c23      0x110 src/softLib/GMAC_Artnet.o
 .debug_macro   0x00002d33       0x94 src/softLib/GMAC_Artnet.o
 .debug_macro   0x00002dc7      0x84a src/softLib/GMAC_Artnet.o
 .debug_macro   0x00003611     0x27a8 src/softLib/GMAC_Artnet.o
 .debug_macro   0x00005db9      0x54f src/softLib/GMAC_Artnet.o
 .debug_macro   0x00006308      0x87e src/softLib/nRF24.o
 .debug_macro   0x00006b86      0x227 src/softLib/nRF24.o
 .debug_macro   0x00006dad       0x4c src/softLib/nRF24.o
 .debug_macro   0x00006df9      0x846 src/softLib/SAM_SPI.o
 .debug_macro   0x0000763f       0x46 src/softLib/SAM_SPI.o
 .debug_macro   0x00007685      0x68a src/ASF/common/utils/stdio/write.o
 .debug_macro   0x00007d0f      0x69b src/ASF/common/services/delay/sam/cycle_counter.o
 .debug_macro   0x000083aa       0x22 src/ASF/common/services/delay/sam/cycle_counter.o
 .debug_macro   0x000083cc      0x6e0 src/ASF/sam/components/ethernet_phy/ksz8081rna/ethernet_phy.o
 .debug_macro   0x00008aac      0x175 src/ASF/sam/components/ethernet_phy/ksz8081rna/ethernet_phy.o
 .debug_macro   0x00008c21      0x6bf src/ASF/sam/drivers/twihs/twihs.o
 .debug_macro   0x000092e0       0x46 src/ASF/sam/drivers/twihs/twihs.o
 .debug_macro   0x00009326      0x69b src/ASF/sam/drivers/uart/uart.o
 .debug_macro   0x000099c1       0x16 src/ASF/sam/drivers/uart/uart.o
 .debug_macro   0x000099d7      0x6cd src/ASF/sam/drivers/gmac/gmac_phy.o
 .debug_macro   0x0000a0a4      0x706 src/ASF/common/services/clock/same70/sysclk.o
 .debug_macro   0x0000a7aa      0x2d2 src/ASF/common/services/clock/same70/sysclk.o
 .debug_macro   0x0000aa7c      0x68a src/ASF/common/utils/interrupt/interrupt_sam_nvic.o
 .debug_macro   0x0000b106      0x742 src/ASF/sam/boards/same70_xplained/init.o
 .debug_macro   0x0000b848       0x2e src/ASF/sam/boards/same70_xplained/init.o
 .debug_macro   0x0000b876       0x82 src/ASF/sam/boards/same70_xplained/init.o
 .debug_macro   0x0000b8f8      0x6a1 src/ASF/sam/drivers/pio/pio.o
 .debug_macro   0x0000bf99       0x8e src/ASF/sam/drivers/pio/pio.o
 .debug_macro   0x0000c027      0x6ac src/ASF/sam/drivers/pio/pio_handler.o
 .debug_macro   0x0000c6d3      0x6a1 src/ASF/sam/drivers/pmc/pmc.o
 .debug_macro   0x0000cd74       0x6a src/ASF/sam/drivers/pmc/pmc.o
 .debug_macro   0x0000cdde      0x69a src/ASF/sam/utils/cmsis/same70/source/templates/gcc/startup_same70.o
 .debug_macro   0x0000d478       0x10 src/ASF/sam/utils/cmsis/same70/source/templates/gcc/startup_same70.o
 .debug_macro   0x0000d488      0x486 src/ASF/sam/utils/cmsis/same70/source/templates/system_same70.o
 .debug_macro   0x0000d90e      0x1d6 src/ASF/sam/utils/syscalls/gcc/syscalls.o
 .debug_macro   0x0000dae4       0x52 src/ASF/sam/utils/syscalls/gcc/syscalls.o
 .debug_macro   0x0000db36       0x8d src/ASF/sam/utils/syscalls/gcc/syscalls.o
 .debug_macro   0x0000dbc3       0x57 src/ASF/sam/utils/syscalls/gcc/syscalls.o
 .debug_macro   0x0000dc1a       0x97 src/ASF/sam/utils/syscalls/gcc/syscalls.o
 .debug_macro   0x0000dcb1      0x353 src/ASF/sam/utils/syscalls/gcc/syscalls.o
 .debug_macro   0x0000e004       0xf6 src/ASF/sam/utils/syscalls/gcc/syscalls.o
 .debug_macro   0x0000e0fa       0x4c src/ASF/sam/utils/syscalls/gcc/syscalls.o
 .debug_macro   0x0000e146       0x16 src/ASF/sam/utils/syscalls/gcc/syscalls.o
 .debug_macro   0x0000e15c       0x10 src/ASF/sam/utils/syscalls/gcc/syscalls.o
 .debug_macro   0x0000e16c       0x10 src/ASF/sam/utils/syscalls/gcc/syscalls.o
 .debug_macro   0x0000e17c       0x35 src/ASF/sam/utils/syscalls/gcc/syscalls.o
 .debug_macro   0x0000e1b1      0x122 src/ASF/sam/utils/syscalls/gcc/syscalls.o
 .debug_macro   0x0000e2d3      0x8ba src/main.o

.debug_line     0x00000000    0x12217
 .debug_line    0x00000000      0xa1a src/ASF/common/utils/stdio/read.o
 .debug_line    0x00000a1a      0xdd9 src/ASF/sam/drivers/gmac/gmac_raw_2.o
 .debug_line    0x000017f3      0xc73 src/ASF/sam/drivers/spi/spi.o
 .debug_line    0x00002466     0x10a9 src/ASF/sam/drivers/usart/usart.o
 .debug_line    0x0000350f     0x1109 src/softLib/GMAC_Artnet.o
 .debug_line    0x00004618     0x12e4 src/softLib/nRF24.o
 .debug_line    0x000058fc      0xfd8 src/softLib/SAM_SPI.o
 .debug_line    0x000068d4      0xa12 src/ASF/common/utils/stdio/write.o
 .debug_line    0x000072e6      0xa20 src/ASF/common/services/delay/sam/cycle_counter.o
 .debug_line    0x00007d06      0xcf6 src/ASF/sam/components/ethernet_phy/ksz8081rna/ethernet_phy.o
 .debug_line    0x000089fc      0xcbc src/ASF/sam/drivers/twihs/twihs.o
 .debug_line    0x000096b8      0xbac src/ASF/sam/drivers/uart/uart.o
 .debug_line    0x0000a264      0xab1 src/ASF/sam/drivers/gmac/gmac_phy.o
 .debug_line    0x0000ad15      0xb82 src/ASF/common/services/clock/same70/sysclk.o
 .debug_line    0x0000b897      0xa2f src/ASF/common/utils/interrupt/interrupt_sam_nvic.o
 .debug_line    0x0000c2c6      0xc77 src/ASF/sam/boards/same70_xplained/init.o
 .debug_line    0x0000cf3d      0xf16 src/ASF/sam/drivers/pio/pio.o
 .debug_line    0x0000de53      0xafe src/ASF/sam/drivers/pio/pio_handler.o
 .debug_line    0x0000e951     0x10da src/ASF/sam/drivers/pmc/pmc.o
 .debug_line    0x0000fa2b      0xa9f src/ASF/sam/utils/cmsis/same70/source/templates/gcc/startup_same70.o
 .debug_line    0x000104ca      0x81b src/ASF/sam/utils/cmsis/same70/source/templates/system_same70.o
 .debug_line    0x00010ce5      0x40b src/ASF/sam/utils/syscalls/gcc/syscalls.o
 .debug_line    0x000110f0     0x1127 src/main.o

.debug_str      0x00000000    0xa4d09
 .debug_str     0x00000000    0x89e41 src/ASF/common/utils/stdio/read.o
                              0x8a524 (size before relaxing)
 .debug_str     0x00089e41     0x1b23 src/ASF/sam/drivers/gmac/gmac_raw_2.o
                              0x8bfe7 (size before relaxing)
 .debug_str     0x0008b964     0x4653 src/ASF/sam/drivers/spi/spi.o
                              0x8ebb9 (size before relaxing)
 .debug_str     0x0008ffb7      0xb5d src/ASF/sam/drivers/usart/usart.o
                              0x8b0b6 (size before relaxing)
 .debug_str     0x00090b14     0xff15 src/softLib/GMAC_Artnet.o
                              0x9fc86 (size before relaxing)
 .debug_str     0x000a0a29      0xdc8 src/softLib/nRF24.o
                              0x9204d (size before relaxing)
 .debug_str     0x000a17f1      0x200 src/softLib/SAM_SPI.o
                              0x91a7f (size before relaxing)
 .debug_str     0x000a19f1       0x26 src/ASF/common/utils/stdio/write.o
                              0x8a525 (size before relaxing)
 .debug_str     0x000a1a17       0x35 src/ASF/common/services/delay/sam/cycle_counter.o
                              0x8a6ab (size before relaxing)
 .debug_str     0x000a1a4c      0x278 src/ASF/sam/components/ethernet_phy/ksz8081rna/ethernet_phy.o
                              0x8fae2 (size before relaxing)
 .debug_str     0x000a1cc4      0x399 src/ASF/sam/drivers/twihs/twihs.o
                              0x8ab56 (size before relaxing)
 .debug_str     0x000a205d      0x29f src/ASF/sam/drivers/uart/uart.o
                              0x8a842 (size before relaxing)
 .debug_str     0x000a22fc       0x98 src/ASF/sam/drivers/gmac/gmac_phy.o
                              0x8b617 (size before relaxing)
 .debug_str     0x000a2394      0x41b src/ASF/common/services/clock/same70/sysclk.o
                              0x8ec51 (size before relaxing)
 .debug_str     0x000a27af       0x94 src/ASF/common/utils/interrupt/interrupt_sam_nvic.o
                              0x8a57b (size before relaxing)
 .debug_str     0x000a2843      0x58d src/ASF/sam/boards/same70_xplained/init.o
                              0x8f843 (size before relaxing)
 .debug_str     0x000a2dd0      0x549 src/ASF/sam/drivers/pio/pio.o
                              0x8b0dd (size before relaxing)
 .debug_str     0x000a3319      0x101 src/ASF/sam/drivers/pio/pio_handler.o
                              0x8b2b8 (size before relaxing)
 .debug_str     0x000a341a      0x6bf src/ASF/sam/drivers/pmc/pmc.o
                              0x8b2b3 (size before relaxing)
 .debug_str     0x000a3ad9      0x718 src/ASF/sam/utils/cmsis/same70/source/templates/gcc/startup_same70.o
                              0x8ae14 (size before relaxing)
 .debug_str     0x000a41f1      0x130 src/ASF/sam/utils/cmsis/same70/source/templates/system_same70.o
                              0x7a0ce (size before relaxing)
 .debug_str     0x000a4321      0x773 src/ASF/sam/utils/syscalls/gcc/syscalls.o
                               0x7486 (size before relaxing)
 .debug_str     0x000a4a94      0x275 src/main.o
                              0x9307f (size before relaxing)

.debug_frame    0x00000000     0x2d40
 .debug_frame   0x00000000       0x30 src/ASF/common/utils/stdio/read.o
 .debug_frame   0x00000030      0x1f0 src/ASF/sam/drivers/gmac/gmac_raw_2.o
 .debug_frame   0x00000220      0x140 src/ASF/sam/drivers/spi/spi.o
 .debug_frame   0x00000360      0x5c0 src/ASF/sam/drivers/usart/usart.o
 .debug_frame   0x00000920      0x13c src/softLib/GMAC_Artnet.o
 .debug_frame   0x00000a5c      0x3a4 src/softLib/nRF24.o
 .debug_frame   0x00000e00       0x54 src/softLib/SAM_SPI.o
 .debug_frame   0x00000e54       0x48 src/ASF/common/utils/stdio/write.o
 .debug_frame   0x00000e9c       0x20 src/ASF/common/services/delay/sam/cycle_counter.o