Archive member included to satisfy reference by file (symbol)

c:/program files (x86)/atmel/studio/7.0/toolchain/arm/arm-gnu-toolchain/bin/../lib/gcc/arm-none-eabi/6.3.1/thumb/v7e-m\libgcc.a(_aeabi_uldivmod.o)
                              src/softLib/nRF24.o (__aeabi_uldivmod)
c:/program files (x86)/atmel/studio/7.0/toolchain/arm/arm-gnu-toolchain/bin/../lib/gcc/arm-none-eabi/6.3.1/thumb/v7e-m\libgcc.a(_udivmoddi4.o)
                              c:/program files (x86)/atmel/studio/7.0/toolchain/arm/arm-gnu-toolchain/bin/../lib/gcc/arm-none-eabi/6.3.1/thumb/v7e-m\libgcc.a(_aeabi_uldivmod.o) (__udivmoddi4)
c:/program files (x86)/atmel/studio/7.0/toolchain/arm/arm-gnu-toolchain/bin/../lib/gcc/arm-none-eabi/6.3.1/thumb/v7e-m\libgcc.a(_dvmd_tls.o)
                              c:/program files (x86)/atmel/studio/7.0/toolchain/arm/arm-gnu-toolchain/bin/../lib/gcc/arm-none-eabi/6.3.1/thumb/v7e-m\libgcc.a(_aeabi_uldivmod.o) (__aeabi_ldiv0)
c:/program files (x86)/atmel/studio/7.0/toolchain/arm/arm-gnu-toolchain/bin/../lib/gcc/arm-none-eabi/6.3.1/../../../../arm-none-eabi/lib/thumb/v7e-m\libc.a(lib_a-exit.o)
                              c:/program files (x86)/atmel/studio/7.0/toolchain/arm/arm-gnu-toolchain/bin/../lib/gcc/arm-none-eabi/6.3.1/../../../../arm-none-eabi/lib/thumb/v7e-m/crt0.o (exit)
c:/program files (x86)/atmel/studio/7.0/toolchain/arm/arm-gnu-toolchain/bin/../lib/gcc/arm-none-eabi/6.3.1/../../../../arm-none-eabi/lib/thumb/v7e-m\libc.a(lib_a-impure.o)
                              c:/program files (x86)/atmel/studio/7.0/toolchain/arm/arm-gnu-toolchain/bin/../lib/gcc/arm-none-eabi/6.3.1/../../../../arm-none-eabi/lib/thumb/v7e-m\libc.a(lib_a-exit.o) (_global_impure_ptr)
c:/program files (x86)/atmel/studio/7.0/toolchain/arm/arm-gnu-toolchain/bin/../lib/gcc/arm-none-eabi/6.3.1/../../../../arm-none-eabi/lib/thumb/v7e-m\libc.a(lib_a-init.o)
                              c:/program files (x86)/atmel/studio/7.0/toolchain/arm/arm-gnu-toolchain/bin/../lib/gcc/arm-none-eabi/6.3.1/../../../../arm-none-eabi/lib/thumb/v7e-m/crt0.o (__libc_init_array)
c:/program files (x86)/atmel/studio/7.0/toolchain/arm/arm-gnu-toolchain/bin/../lib/gcc/arm-none-eabi/6.3.1/../../../../arm-none-eabi/lib/thumb/v7e-m\libc.a(lib_a-iprintf.o)
                              src/softLib/GMAC_Artnet.o (iprintf)
c:/program files (x86)/atmel/studio/7.0/toolchain/arm/arm-gnu-toolchain/bin/../lib/gcc/arm-none-eabi/6.3.1/../../../../arm-none-eabi/lib/thumb/v7e-m\libc.a(lib_a-memcmp.o)
                              src/main.o (memcmp)
c:/program files (x86)/atmel/studio/7.0/toolchain/arm/arm-gnu-toolchain/bin/../lib/gcc/arm-none-eabi/6.3.1/../../../../arm-none-eabi/lib/thumb/v7e-m\libc.a(lib_a-memcpy.o)
                              src/ASF/sam/drivers/gmac/gmac_raw_2.o (memcpy)
c:/program files (x86)/atmel/studio/7.0/toolchain/arm/arm-gnu-toolchain/bin/../lib/gcc/arm-none-eabi/6.3.1/../../../../arm-none-eabi/lib/thumb/v7e-m\libc.a(lib_a-memset.o)
                              c:/program files (x86)/atmel/studio/7.0/toolchain/arm/arm-gnu-toolchain/bin/../lib/gcc/arm-none-eabi/6.3.1/../../../../arm-none-eabi/lib/thumb/v7e-m/crt0.o (memset)
c:/program files (x86)/atmel/studio/7.0/toolchain/arm/arm-gnu-toolchain/bin/../lib/gcc/arm-none-eabi/6.3.1/../../../../arm-none-eabi/lib/thumb/v7e-m\libc.a(lib_a-puts.o)
                              src/softLib/GMAC_Artnet.o (puts)
c:/program files (x86)/atmel/studio/7.0/toolchain/arm/arm-gnu-toolchain/bin/../lib/gcc/arm-none-eabi/6.3.1/../../../../arm-none-eabi/lib/thumb/v7e-m\libc.a(lib_a-setbuf.o)
                              src/main.o (setbuf)
c:/program files (x86)/atmel/studio/7.0/toolchain/arm/arm-gnu-toolchain/bin/../lib/gcc/arm-none-eabi/6.3.1/../../../../arm-none-eabi/lib/thumb/v7e-m\libc.a(lib_a-setvbuf.o)
                              c:/program files (x86)/atmel/studio/7.0/toolchain/arm/arm-gnu-toolchain/bin/../lib/gcc/arm-none-eabi/6.3.1/../../../../arm-none-eabi/lib/thumb/v7e-m\libc.a(lib_a-setbuf.o) (setvbuf)
c:/program files (x86)/atmel/studio/7.0/toolchain/arm/arm-gnu-toolchain/bin/../lib/gcc/arm-none-eabi/6.3.1/../../../../arm-none-eabi/lib/thumb/v7e-m\libc.a(lib_a-strlen.o)
                              c:/program files (x86)/atmel/studio/7.0/toolchain/arm/arm-gnu-toolchain/bin/../lib/gcc/arm-none-eabi/6.3.1/../../../../arm-none-eabi/lib/thumb/v7e-m\libc.a(lib_a-puts.o) (strlen)
c:/program files (x86)/atmel/studio/7.0/toolchain/arm/arm-gnu-toolchain/bin/../lib/gcc/arm-none-eabi/6.3.1/../../../../arm-none-eabi/lib/thumb/v7e-m\libc.a(lib_a-vfiprintf.o)
                              c:/program files (x86)/atmel/studio/7.0/toolchain/arm/arm-gnu-toolchain/bin/../lib/gcc/arm-none-eabi/6.3.1/../../../../arm-none-eabi/lib/thumb/v7e-m\libc.a(lib_a-iprintf.o) (_vfiprintf_r)
c:/program files (x86)/atmel/studio/7.0/toolchain/arm/arm-gnu-toolchain/bin/../lib/gcc/arm-none-eabi/6.3.1/../../../../arm-none-eabi/lib/thumb/v7e-m\libc.a(lib_a-wsetup.o)
[...]
Memory Configuration

Name             Origin             Length             Attributes
rom              0x00400000         0x00200000         xr
ram              0x20400000         0x00060000         xrw
*default*        0x00000000         0xffffffff

Linker script and memory map

LOAD c:/program files (x86)/atmel/studio/7.0/toolchain/arm/arm-gnu-toolchain/bin/../lib/gcc/arm-none-eabi/6.3.1/thumb/v7e-m/crti.o
LOAD c:/program files (x86)/atmel/studio/7.0/toolchain/arm/arm-gnu-toolchain/bin/../lib/gcc/arm-none-eabi/6.3.1/thumb/v7e-m/crtbegin.o
LOAD c:/program files (x86)/atmel/studio/7.0/toolchain/arm/arm-gnu-toolchain/bin/../lib/gcc/arm-none-eabi/6.3.1/../../../../arm-none-eabi/lib/thumb/v7e-m/crt0.o
LOAD src/ASF/common/services/spi/sam_spi/spi_master.o
LOAD src/ASF/common/utils/stdio/read.o
LOAD src/ASF/sam/drivers/gmac/gmac_raw_2.o
LOAD src/ASF/sam/drivers/spi/spi.o
LOAD src/ASF/sam/drivers/usart/usart.o
LOAD src/softLib/GMAC_Artnet.o
LOAD src/softLib/nRF24.o
LOAD src/softLib/SAM_SPI.o
LOAD src/ASF/common/utils/stdio/write.o
LOAD src/ASF/common/services/serial/usart_serial.o
LOAD src/ASF/common/services/delay/sam/cycle_counter.o
LOAD src/ASF/sam/components/ethernet_phy/ksz8081rna/ethernet_phy.o
LOAD src/ASF/sam/drivers/pwm/pwm.o
LOAD src/ASF/sam/drivers/twihs/twihs.o
LOAD src/ASF/sam/drivers/uart/uart.o
LOAD src/ASF/sam/drivers/gmac/gmac_phy.o
LOAD src/ASF/common/services/clock/same70/sysclk.o
LOAD src/ASF/common/utils/interrupt/interrupt_sam_nvic.o
LOAD src/ASF/sam/boards/same70_xplained/init.o
LOAD src/ASF/sam/drivers/mpu/mpu.o
LOAD src/ASF/sam/drivers/pio/pio.o
LOAD src/ASF/sam/drivers/pio/pio_handler.o
LOAD src/ASF/sam/drivers/pmc/pmc.o
LOAD src/ASF/sam/drivers/pmc/sleep.o
LOAD src/ASF/sam/utils/cmsis/same70/source/templates/gcc/startup_same70.o
LOAD src/ASF/sam/utils/cmsis/same70/source/templates/system_same70.o
LOAD src/ASF/sam/utils/syscalls/gcc/syscalls.o
LOAD src/main.o
START GROUP
LOAD ../src/ASF/thirdparty/CMSIS/Lib/GCC\libarm_cortexM7lfsp_math_softfp.a
LOAD c:/program files (x86)/atmel/studio/7.0/toolchain/arm/arm-gnu-toolchain/bin/../lib/gcc/arm-none-eabi/6.3.1/../../../../arm-none-eabi/lib/thumb/v7e-m\libm.a
END GROUP
START GROUP
LOAD c:/program files (x86)/atmel/studio/7.0/toolchain/arm/arm-gnu-toolchain/bin/../lib/gcc/arm-none-eabi/6.3.1/thumb/v7e-m\libgcc.a
LOAD c:/program files (x86)/atmel/studio/7.0/toolchain/arm/arm-gnu-toolchain/bin/../lib/gcc/arm-none-eabi/6.3.1/../../../../arm-none-eabi/lib/thumb/v7e-m\libc.a
END GROUP
LOAD c:/program files (x86)/atmel/studio/7.0/toolchain/arm/arm-gnu-toolchain/bin/../lib/gcc/arm-none-eabi/6.3.1/thumb/v7e-m/crtend.o
LOAD c:/program files (x86)/atmel/studio/7.0/toolchain/arm/arm-gnu-toolchain/bin/../lib/gcc/arm-none-eabi/6.3.1/thumb/v7e-m/crtn.o
                0x00002000                STACK_SIZE = DEFINED (STACK_SIZE)?STACK_SIZE:0x2000
                0x2045fffc                __ram_end__ = ((ORIGIN (ram) + LENGTH (ram)) - 0x4)
                0x00000200                HEAP_SIZE = DEFINED (HEAP_SIZE)?HEAP_SIZE:0x200

.text           0x00400000     0x5cf0
                0x00400000                . = ALIGN (0x4)
                0x00400000                _sfixed = .
 *(.vectors .vectors.*)
 .vectors       0x00400000      0x168 src/ASF/sam/utils/cmsis/same70/source/templates/gcc/startup_same70.o
                0x00400000                exception_table
 *(.text .text.* .gnu.linkonce.t.*)
 .text          0x00400168       0x6c c:/program files (x86)/atmel/studio/7.0/toolchain/arm/arm-gnu-toolchain/bin/../lib/gcc/arm-none-eabi/6.3.1/thumb/v7e-m/crtbegin.o
 .text._read    0x004001d4       0x3c src/ASF/common/utils/stdio/read.o
                0x004001d4                _read
 .text.circ_inc
                0x00400210       0x10 src/ASF/sam/drivers/gmac/gmac_raw_2.o
 .text.gmac_reset_tx_mem
                0x00400220       0x76 src/ASF/sam/drivers/gmac/gmac_raw_2.o
 .text.gmac_reset_rx_mem
                0x00400296       0x7a src/ASF/sam/drivers/gmac/gmac_raw_2.o
 .text.gmac_dev_init
                0x00400310      0x164 src/ASF/sam/drivers/gmac/gmac_raw_2.o
                0x00400310                gmac_dev_init
 .text.gmac_dev_read
                0x00400474      0x1c4 src/ASF/sam/drivers/gmac/gmac_raw_2.o
                0x00400474                gmac_dev_read
 .text.gmac_handler
                0x00400638      0x154 src/ASF/sam/drivers/gmac/gmac_raw_2.o
                0x00400638                gmac_handler
 .text.spi_enable_clock
                0x0040078c       0x2c src/ASF/sam/drivers/spi/spi.o
                0x0040078c                spi_enable_clock
 .text.spi_set_peripheral_chip_select_value
                0x004007b8       0x16 src/ASF/sam/drivers/spi/spi.o
                0x004007b8                spi_set_peripheral_chip_select_value
 .text.spi_set_delay_between_chip_select
                0x004007ce       0x12 src/ASF/sam/drivers/spi/spi.o
                0x004007ce                spi_set_delay_between_chip_select
 .text.spi_read
                0x004007e0       0x30 src/ASF/sam/drivers/spi/spi.o
                0x004007e0                spi_read
 .text.spi_write
                0x00400810       0x34 src/ASF/sam/drivers/spi/spi.o
                0x00400810                spi_write
 .text.spi_set_clock_polarity
                0x00400844       0x1e src/ASF/sam/drivers/spi/spi.o
                0x00400844                spi_set_clock_polarity
 .text.spi_set_clock_phase
                0x00400862       0x1e src/ASF/sam/drivers/spi/spi.o
                0x00400862                spi_set_clock_phase
 .text.spi_configure_cs_behavior
                0x00400880       0x46 src/ASF/sam/drivers/spi/spi.o
                0x00400880                spi_configure_cs_behavior
 .text.spi_set_bits_per_transfer
                0x004008c6       0x14 src/ASF/sam/drivers/spi/spi.o
                0x004008c6                spi_set_bits_per_transfer
 .text.spi_set_baudrate_div
                0x004008da       0x28 src/ASF/sam/drivers/spi/spi.o
                0x004008da                spi_set_baudrate_div
 .text.spi_set_transfer_delay
                0x00400902       0x1e src/ASF/sam/drivers/spi/spi.o
                0x00400902                spi_set_transfer_delay
 .text.usart_set_async_baudrate
                0x00400920       0x5a src/ASF/sam/drivers/usart/usart.o
                0x00400920                usart_set_async_baudrate
 *fill*         0x0040097a        0x2 
 .text.usart_reset
                0x0040097c       0x28 src/ASF/sam/drivers/usart/usart.o
                0x0040097c                usart_reset
 .text.usart_init_rs232
                0x004009a4       0x54 src/ASF/sam/drivers/usart/usart.o
                0x004009a4                usart_init_rs232
 .text.usart_enable_tx
                0x004009f8        0x6 src/ASF/sam/drivers/usart/usart.o
                0x004009f8                usart_enable_tx
 .text.usart_enable_rx
                0x004009fe        0x6 src/ASF/sam/drivers/usart/usart.o
                0x004009fe                usart_enable_rx
 .text.usart_write
                0x00400a04       0x16 src/ASF/sam/drivers/usart/usart.o
                0x00400a04                usart_write
 .text.usart_read
                0x00400a1a       0x18 src/ASF/sam/drivers/usart/usart.o
                0x00400a1a                usart_read
 *fill*         0x00400a32        0x2 
 .text.read_dev_gmac
                0x00400a34       0x2c src/softLib/GMAC_Artnet.o
                0x00400a34                read_dev_gmac
 .text.at24mac_get_mac_address
                0x00400a60       0x8c src/softLib/GMAC_Artnet.o
                0x00400a60                at24mac_get_mac_address
 .text.init_gmac_ethernet
                0x00400aec       0xf4 src/softLib/GMAC_Artnet.o
                0x00400aec                init_gmac_ethernet
 .text.GMAC_Handler
                0x00400be0       0x14 src/softLib/GMAC_Artnet.o
                0x00400be0                GMAC_Handler
 .text.print_address_register
                0x00400bf4       0xd0 src/softLib/nRF24.o
 .text.writeRegister
                0x00400cc4       0x4c src/softLib/nRF24.o
 .text.nRF24_readRegister
                0x00400d10       0x28 src/softLib/nRF24.o
                0x00400d10                nRF24_readRegister
 .text.print_byte_register
                0x00400d38       0x54 src/softLib/nRF24.o
 .text.nRF24_writeRegister
                0x00400d8c       0x2c src/softLib/nRF24.o
                0x00400d8c                nRF24_writeRegister
 .text.nRF24_FlushRx
                0x00400db8       0x20 src/softLib/nRF24.o
                0x00400db8                nRF24_FlushRx
 .text.nRF24_FlushTx
                0x00400dd8       0x20 src/softLib/nRF24.o
                0x00400dd8                nRF24_FlushTx
 .text.nRF24_getStatus
                0x00400df8       0x20 src/softLib/nRF24.o
                0x00400df8                nRF24_getStatus
 .text.nRF24_setDataRate
                0x00400e18       0x44 src/softLib/nRF24.o
                0x00400e18                nRF24_setDataRate
 .text.getDataRate
                0x00400e5c       0x1c src/softLib/nRF24.o
                0x00400e5c                getDataRate
 .text.nRF24_setCRCLength
                0x00400e78       0x2c src/softLib/nRF24.o
                0x00400e78                nRF24_setCRCLength
 .text.getCRCLength
                0x00400ea4       0x2c src/softLib/nRF24.o
                0x00400ea4                getCRCLength
 .text.nRF24_setPALevel
                0x00400ed0       0x30 src/softLib/nRF24.o
                0x00400ed0                nRF24_setPALevel
 .text.nRF24_getPALevel
                0x00400f00       0x14 src/softLib/nRF24.o
                0x00400f00                nRF24_getPALevel
 .text.printDetails
                0x00400f14      0x144 src/softLib/nRF24.o
                0x00400f14                printDetails
 .text.nRF24_setAddressWidth
                0x00401058       0x38 src/softLib/nRF24.o
                0x00401058                nRF24_setAddressWidth
 .text.toggle_features
                0x00401090       0x24 src/softLib/nRF24.o
                0x00401090                toggle_features
 .text.nRF24_setChannel
                0x004010b4       0x18 src/softLib/nRF24.o
                0x004010b4                nRF24_setChannel
 .text.nRF24_powerUp
                0x004010cc       0x34 src/softLib/nRF24.o
                0x004010cc                nRF24_powerUp
 .text.nRF24_stopListening
                0x00401100       0xb4 src/softLib/nRF24.o
                0x00401100                nRF24_stopListening
 .text.nRF24_begin
                0x004011b4       0x98 src/softLib/nRF24.o
                0x004011b4                nRF24_begin
 .text.nRF24_openWritingPipe
                0x0040124c       0x3c src/softLib/nRF24.o
                0x0040124c                nRF24_openWritingPipe
 .text.nRF24_write
                0x00401288       0xb8 src/softLib/nRF24.o
                0x00401288                nRF24_write
 .text.spi_master_initialize
                0x00401340       0xf8 src/softLib/SAM_SPI.o
                0x00401340                spi_master_initialize
 .text.spi_master_transfer
                0x00401438       0x60 src/softLib/SAM_SPI.o
                0x00401438                spi_master_transfer
 .text._write   0x00401498       0x50 src/ASF/common/utils/stdio/write.o
                0x00401498                _write
 .text.ethernet_phy_set_link
                0x004014e8       0xf4 src/ASF/sam/components/ethernet_phy/ksz8081rna/ethernet_phy.o
                0x004014e8                ethernet_phy_set_link
 .text.ethernet_phy_auto_negotiate
                0x004015dc      0x19c src/ASF/sam/components/ethernet_phy/ksz8081rna/ethernet_phy.o
                0x004015dc                ethernet_phy_auto_negotiate
 .text.ethernet_phy_reset
                0x00401778       0x60 src/ASF/sam/components/ethernet_phy/ksz8081rna/ethernet_phy.o
                0x00401778                ethernet_phy_reset
 .text.ethernet_phy_init
                0x004017d8      0x164 src/ASF/sam/components/ethernet_phy/ksz8081rna/ethernet_phy.o
                0x004017d8                ethernet_phy_init
 .text.twihs_set_speed
                0x0040193c       0xb0 src/ASF/sam/drivers/twihs/twihs.o
                0x0040193c                twihs_set_speed
 .text.twihs_master_init
                0x004019ec       0x34 src/ASF/sam/drivers/twihs/twihs.o
                0x004019ec                twihs_master_init
 .text.twihs_master_read
                0x00401a20       0xae src/ASF/sam/drivers/twihs/twihs.o
                0x00401a20                twihs_master_read
 .text.uart_write
                0x00401ace       0x12 src/ASF/sam/drivers/uart/uart.o
                0x00401ace                uart_write
 .text.uart_read
                0x00401ae0       0x14 src/ASF/sam/drivers/uart/uart.o
                0x00401ae0                uart_read
 .text.gmac_phy_read
                0x00401af4       0x60 src/ASF/sam/drivers/gmac/gmac_phy.o
                0x00401af4                gmac_phy_read
 .text.gmac_phy_write
                0x00401b54       0x54 src/ASF/sam/drivers/gmac/gmac_phy.o
                0x00401b54                gmac_phy_write
 .text.sysclk_init
                0x00401ba8       0x70 src/ASF/common/services/clock/same70/sysclk.o
                0x00401ba8                sysclk_init
 .text.board_init
                0x00401c18      0x1d8 src/ASF/sam/boards/same70_xplained/init.o
                0x00401c18                board_init
 .text.pio_set_peripheral
                0x00401df0       0x92 src/ASF/sam/drivers/pio/pio.o
                0x00401df0                pio_set_peripheral
 .text.pio_set_input
                0x00401e82       0x36 src/ASF/sam/drivers/pio/pio.o
                0x00401e82                pio_set_input
 .text.pio_set_output
                0x00401eb8       0x28 src/ASF/sam/drivers/pio/pio.o
                0x00401eb8                pio_set_output
 .text.pio_get_interrupt_status
                0x00401ee0        0x4 src/ASF/sam/drivers/pio/pio.o
                0x00401ee0                pio_get_interrupt_status
 .text.pio_get_interrupt_mask
                0x00401ee4        0x4 src/ASF/sam/drivers/pio/pio.o
                0x00401ee4                pio_get_interrupt_mask
 .text.pio_handler_process
                0x00401ee8       0x50 src/ASF/sam/drivers/pio/pio_handler.o
                0x00401ee8                pio_handler_process
 .text.PIOA_Handler
                0x00401f38       0x14 src/ASF/sam/drivers/pio/pio_handler.o
                0x00401f38                PIOA_Handler
 .text.PIOB_Handler
                0x00401f4c       0x14 src/ASF/sam/drivers/pio/pio_handler.o
                0x00401f4c                PIOB_Handler
 .text.PIOC_Handler
                0x00401f60       0x14 src/ASF/sam/drivers/pio/pio_handler.o
                0x00401f60                PIOC_Handler
 .text.PIOD_Handler
                0x00401f74       0x14 src/ASF/sam/drivers/pio/pio_handler.o
                0x00401f74                PIOD_Handler
 .text.PIOE_Handler
                0x00401f88       0x14 src/ASF/sam/drivers/pio/pio_handler.o
                0x00401f88                PIOE_Handler
 .text.pmc_mck_set_division
                0x00401f9c       0x38 src/ASF/sam/drivers/pmc/pmc.o
                0x00401f9c                pmc_mck_set_division
 .text.pmc_switch_mck_to_pllack
                0x00401fd4       0x64 src/ASF/sam/drivers/pmc/pmc.o
                0x00401fd4                pmc_switch_mck_to_pllack
 .text.pmc_switch_mainck_to_xtal
                0x00402038       0x54 src/ASF/sam/drivers/pmc/pmc.o
                0x00402038                pmc_switch_mainck_to_xtal
 .text.pmc_osc_is_ready_mainck
                0x0040208c       0x10 src/ASF/sam/drivers/pmc/pmc.o
                0x0040208c                pmc_osc_is_ready_mainck
 .text.pmc_disable_pllack
                0x0040209c       0x10 src/ASF/sam/drivers/pmc/pmc.o
                0x0040209c                pmc_disable_pllack
 .text.pmc_is_locked_pllack
                0x004020ac       0x10 src/ASF/sam/drivers/pmc/pmc.o
                0x004020ac                pmc_is_locked_pllack
 .text.pmc_enable_periph_clk
                0x004020bc       0x20 src/ASF/sam/drivers/pmc/pmc.o
                0x004020bc                pmc_enable_periph_clk
 .text.Dummy_Handler
                0x004020dc        0x2 src/ASF/sam/utils/cmsis/same70/source/templates/gcc/startup_same70.o
                0x004020dc                DACC_Handler
                0x004020dc                DebugMon_Handler
                0x004020dc                UART3_Handler
                0x004020dc                UART2_Handler
                0x004020dc                TRNG_Handler
                0x004020dc                HardFault_Handler
                0x004020dc                TC2_Handler
                0x004020dc                SysTick_Handler
                0x004020dc                AFEC1_Handler
                0x004020dc                PendSV_Handler
                0x004020dc                NMI_Handler
                0x004020dc                TC7_Handler
                0x004020dc                QSPI_Handler
                0x004020dc                ISI_Handler
                0x004020dc                MCAN0_INT0_Handler
                0x004020dc                TC9_Handler
                0x004020dc                RSWDT_Handler
                0x004020dc                USART0_Handler
                0x004020dc                RTT_Handler
                0x004020dc                USBHS_Handler
                0x004020dc                IXC_Handler
                0x004020dc                CCF_Handler
                0x004020dc                RTC_Handler
                0x004020dc                UsageFault_Handler
                0x004020dc                TC6_Handler
                0x004020dc                WDT_Handler
                0x004020dc                MCAN1_INT1_Handler
                0x004020dc                TC4_Handler
                0x004020dc                TC1_Handler
                0x004020dc                HSMCI_Handler
                0x004020dc                UART1_Handler
                0x004020dc                TC3_Handler
                0x004020dc                Dummy_Handler
                0x004020dc                TWIHS1_Handler
                0x004020dc                XDMAC_Handler
                0x004020dc                UART4_Handler
                0x004020dc                PWM1_Handler
                0x004020dc                USART1_Handler
                0x004020dc                PWM0_Handler
                0x004020dc                AFEC0_Handler
                0x004020dc                CCW_Handler
                0x004020dc                SSC_Handler
                0x004020dc                TC11_Handler
                0x004020dc                ACC_Handler
                0x004020dc                PMC_Handler
                0x004020dc                MCAN0_INT1_Handler
                0x004020dc                GMAC_Q5_Handler
                0x004020dc                MemManage_Handler
                0x004020dc                SUPC_Handler
                0x004020dc                SVC_Handler
                0x004020dc                TC8_Handler
                0x004020dc                MCAN1_INT0_Handler
                0x004020dc                EFC_Handler
                0x004020dc                GMAC_Q1_Handler
                0x004020dc                USART2_Handler
                0x004020dc                SDRAMC_Handler
                0x004020dc                GMAC_Q2_Handler
                0x004020dc                SPI1_Handler
                0x004020dc                TC10_Handler
                0x004020dc                GMAC_Q3_Handler
                0x004020dc                TWIHS2_Handler
                0x004020dc                I2SC0_Handler
                0x004020dc                UART0_Handler
                0x004020dc                I2SC1_Handler
                0x004020dc                GMAC_Q4_Handler
                0x004020dc                FPU_Handler
                0x004020dc                BusFault_Handler
                0x004020dc                RSTC_Handler
                0x004020dc                TC0_Handler
                0x004020dc                TC5_Handler
                0x004020dc                ICM_Handler
                0x004020dc                AES_Handler
                0x004020dc                TWIHS0_Handler
                0x004020dc                SPI0_Handler
 *fill*         0x004020de        0x2 
 .text.Reset_Handler
                0x004020e0       0xc8 src/ASF/sam/utils/cmsis/same70/source/templates/gcc/startup_same70.o
                0x004020e0                Reset_Handler
 .text.SystemCoreClockUpdate
                0x004021a8      0x10c src/ASF/sam/utils/cmsis/same70/source/templates/system_same70.o
                0x004021a8                SystemCoreClockUpdate
 .text.system_init_flash
                0x004022b4       0x8c src/ASF/sam/utils/cmsis/same70/source/templates/system_same70.o
                0x004022b4                system_init_flash
 .text._sbrk    0x00402340       0x38 src/ASF/sam/utils/syscalls/gcc/syscalls.o
                0x00402340                _sbrk
 .text._close   0x00402378        0x6 src/ASF/sam/utils/syscalls/gcc/syscalls.o
                0x00402378                _close
 .text._fstat   0x0040237e        0xa src/ASF/sam/utils/syscalls/gcc/syscalls.o
                0x0040237e                _fstat
 .text._isatty  0x00402388        0x4 src/ASF/sam/utils/syscalls/gcc/syscalls.o
                0x00402388                _isatty
 .text._lseek   0x0040238c        0x4 src/ASF/sam/utils/syscalls/gcc/syscalls.o
                0x0040238c                _lseek
 .text.usart_serial_getchar
                0x00402390       0xdc src/main.o
 .text.usart_serial_putchar
                0x0040246c       0xd4 src/main.o
 .text.get_packet_type
                0x00402540       0x28 src/main.o
                0x00402540                get_packet_type
 .text.handleGMAC_Packet
                0x00402568       0x34 src/main.o
                0x00402568                handleGMAC_Packet
 *fill*         0x0040259c        0x4 
 .text.main     0x004025a0      0x208 src/main.o
                0x004025a0                main
 .text          0x004027a8       0x30 c:/program files (x86)/atmel/studio/7.0/toolchain/arm/arm-gnu-toolchain/bin/../lib/gcc/arm-none-eabi/6.3.1/thumb/v7e-m\libgcc.a(_aeabi_uldivmod.o)
                0x004027a8                __aeabi_uldivmod
 .text          0x004027d8      0x2dc c:/program files (x86)/atmel/studio/7.0/toolchain/arm/arm-gnu-toolchain/bin/../lib/gcc/arm-none-eabi/6.3.1/thumb/v7e-m\libgcc.a(_udivmoddi4.o)
                0x004027d8                __udivmoddi4
 .text          0x00402ab4        0x4 c:/program files (x86)/atmel/studio/7.0/toolchain/arm/arm-gnu-toolchain/bin/../lib/gcc/arm-none-eabi/6.3.1/thumb/v7e-m\libgcc.a(_dvmd_tls.o)
                0x00402ab4                __aeabi_idiv0
                0x00402ab4                __aeabi_ldiv0
 .text.__libc_init_array
                0x00402ab8       0x50 c:/program files (x86)/atmel/studio/7.0/toolchain/arm/arm-gnu-toolchain/bin/../lib/gcc/arm-none-eabi/6.3.1/../../../../arm-none-eabi/lib/thumb/v7e-m\libc.a(lib_a-init.o)
                0x00402ab8                __libc_init_array
 .text.iprintf  0x00402b08       0x28 c:/program files (x86)/atmel/studio/7.0/toolchain/arm/arm-gnu-toolchain/bin/../lib/gcc/arm-none-eabi/6.3.1/../../../../arm-none-eabi/lib/thumb/v7e-m\libc.a(lib_a-iprintf.o)
                0x00402b08                iprintf
 .text.memcmp   0x00402b30       0x60 c:/program files (x86)/atmel/studio/7.0/toolchain/arm/arm-gnu-toolchain/bin/../lib/gcc/arm-none-eabi/6.3.1/../../../../arm-none-eabi/lib/thumb/v7e-m\libc.a(lib_a-memcmp.o)
                0x00402b30                memcmp
 .text          0x00402b90      0x134 c:/program files (x86)/atmel/studio/7.0/toolchain/arm/arm-gnu-toolchain/bin/../lib/gcc/arm-none-eabi/6.3.1/../../../../arm-none-eabi/lib/thumb/v7e-m\libc.a(lib_a-memcpy.o)
                0x00402b90                memcpy
 .text.memset   0x00402cc4       0x9c c:/program files (x86)/atmel/studio/7.0/toolchain/arm/arm-gnu-toolchain/bin/../lib/gcc/arm-none-eabi/6.3.1/../../../../arm-none-eabi/lib/thumb/v7e-m\libc.a(lib_a-memset.o)
                0x00402cc4                memset
 .text._puts_r  0x00402d60       0x9c c:/program files (x86)/atmel/studio/7.0/toolchain/arm/arm-gnu-toolchain/bin/../lib/gcc/arm-none-eabi/6.3.1/../../../../arm-none-eabi/lib/thumb/v7e-m\libc.a(lib_a-puts.o)
                0x00402d60                _puts_r
 .text.puts     0x00402dfc       0x10 c:/program files (x86)/atmel/studio/7.0/toolchain/arm/arm-gnu-toolchain/bin/../lib/gcc/arm-none-eabi/6.3.1/../../../../arm-none-eabi/lib/thumb/v7e-m\libc.a(lib_a-puts.o)
                0x00402dfc                puts
 .text.setbuf   0x00402e0c       0x10 c:/program files (x86)/atmel/studio/7.0/toolchain/arm/arm-gnu-toolchain/bin/../lib/gcc/arm-none-eabi/6.3.1/../../../../arm-none-eabi/lib/thumb/v7e-m\libc.a(lib_a-setbuf.o)
                0x00402e0c                setbuf
 .text.setvbuf  0x00402e1c      0x190 c:/program files (x86)/atmel/studio/7.0/toolchain/arm/arm-gnu-toolchain/bin/../lib/gcc/arm-none-eabi/6.3.1/../../../../arm-none-eabi/lib/thumb/v7e-m\libc.a(lib_a-setvbuf.o)
                0x00402e1c                setvbuf
 *fill*         0x00402fac       0x14 
 .text          0x00402fc0       0xdc c:/program files (x86)/atmel/studio/7.0/toolchain/arm/arm-gnu-toolchain/bin/../lib/gcc/arm-none-eabi/6.3.1/../../../../arm-none-eabi/lib/thumb/v7e-m\libc.a(lib_a-strlen.o)
                0x00402fc0                strlen
 .text.__sprint_r.part.0
                0x0040309c       0x80 c:/program files (x86)/atmel/studio/7.0/toolchain/arm/arm-gnu-toolchain/bin/../lib/gcc/arm-none-eabi/6.3.1/../../../../arm-none-eabi/lib/thumb/v7e-m\libc.a(lib_a-vfiprintf.o)
 .text._vfiprintf_r
                0x0040311c      0xc90 c:/program files (x86)/atmel/studio/7.0/toolchain/arm/arm-gnu-toolchain/bin/../lib/gcc/arm-none-eabi/6.3.1/../../../../arm-none-eabi/lib/thumb/v7e-m\libc.a(lib_a-vfiprintf.o)
                0x0040311c                _vfiprintf_r
 .text.__sbprintf
                0x00403dac       0x84 c:/program files (x86)/atmel/studio/7.0/toolchain/arm/arm-gnu-toolchain/bin/../lib/gcc/arm-none-eabi/6.3.1/../../../../arm-none-eabi/lib/thumb/v7e-m\libc.a(lib_a-vfiprintf.o)
 .text.__swsetup_r
                0x00403e30       0xc8 c:/program files (x86)/atmel/studio/7.0/toolchain/arm/arm-gnu-toolchain/bin/../lib/gcc/arm-none-eabi/6.3.1/../../../../arm-none-eabi/lib/thumb/v7e-m\libc.a(lib_a-wsetup.o)
                0x00403e30                __swsetup_r
 .text.startup.register_fini
                0x00403ef8       0x14 c:/program files (x86)/atmel/studio/7.0/toolchain/arm/arm-gnu-toolchain/bin/../lib/gcc/arm-none-eabi/6.3.1/../../../../arm-none-eabi/lib/thumb/v7e-m\libc.a(lib_a-__call_atexit.o)
 .text.atexit   0x00403f0c        0xc c:/program files (x86)/atmel/studio/7.0/toolchain/arm/arm-gnu-toolchain/bin/../lib/gcc/arm-none-eabi/6.3.1/../../../../arm-none-eabi/lib/thumb/v7e-m\libc.a(lib_a-atexit.o)
                0x00403f0c                atexit
 .text.__sflush_r
                0x00403f18      0x140 c:/program files (x86)/atmel/studio/7.0/toolchain/arm/arm-gnu-toolchain/bin/../lib/gcc/arm-none-eabi/6.3.1/../../../../arm-none-eabi/lib/thumb/v7e-m\libc.a(lib_a-fflush.o)
                0x00403f18                __sflush_r
 .text._fflush_r
                0x00404058       0x54 c:/program files (x86)/atmel/studio/7.0/toolchain/arm/arm-gnu-toolchain/bin/../lib/gcc/arm-none-eabi/6.3.1/../../../../arm-none-eabi/lib/thumb/v7e-m\libc.a(lib_a-fflush.o)
                0x00404058                _fflush_r
 .text._cleanup_r
                0x004040ac        0xc c:/program files (x86)/atmel/studio/7.0/toolchain/arm/arm-gnu-toolchain/bin/../lib/gcc/arm-none-eabi/6.3.1/../../../../arm-none-eabi/lib/thumb/v7e-m\libc.a(lib_a-findfp.o)
                0x004040ac                _cleanup_r
 .text.std.isra.0
                0x004040b8       0x50 c:/program files (x86)/atmel/studio/7.0/toolchain/arm/arm-gnu-toolchain/bin/../lib/gcc/arm-none-eabi/6.3.1/../../../../arm-none-eabi/lib/thumb/v7e-m\libc.a(lib_a-findfp.o)
 .text.__sinit  0x00404108       0x58 c:/program files (x86)/atmel/studio/7.0/toolchain/arm/arm-gnu-toolchain/bin/../lib/gcc/arm-none-eabi/6.3.1/../../../../arm-none-eabi/lib/thumb/v7e-m\libc.a(lib_a-findfp.o)
                0x00404108                __sinit
 .text.__sfp_lock_acquire
                0x00404160        0xc c:/program files (x86)/atmel/studio/7.0/toolchain/arm/arm-gnu-toolchain/bin/../lib/gcc/arm-none-eabi/6.3.1/../../../../arm-none-eabi/lib/thumb/v7e-m\libc.a(lib_a-findfp.o)
                0x00404160                __sfp_lock_acquire
 .text.__sfp_lock_release
                0x0040416c        0xc c:/program files (x86)/atmel/studio/7.0/toolchain/arm/arm-gnu-toolchain/bin/../lib/gcc/arm-none-eabi/6.3.1/../../../../arm-none-eabi/lib/thumb/v7e-m\libc.a(lib_a-findfp.o)
                0x0040416c                __sfp_lock_release
 .text.__libc_fini_array
                0x00404178       0x34 c:/program files (x86)/atmel/studio/7.0/toolchain/arm/arm-gnu-toolchain/bin/../lib/gcc/arm-none-eabi/6.3.1/../../../../arm-none-eabi/lib/thumb/v7e-m\libc.a(lib_a-fini.o)
                0x00404178                __libc_fini_array
 .text.__fputwc
                0x004041ac       0xa0 c:/program files (x86)/atmel/studio/7.0/toolchain/arm/arm-gnu-toolchain/bin/../lib/gcc/arm-none-eabi/6.3.1/../../../../arm-none-eabi/lib/thumb/v7e-m\libc.a(lib_a-fputwc.o)
                0x004041ac                __fputwc
 .text._fputwc_r
                0x0040424c       0x68 c:/program files (x86)/atmel/studio/7.0/toolchain/arm/arm-gnu-toolchain/bin/../lib/gcc/arm-none-eabi/6.3.1/../../../../arm-none-eabi/lib/thumb/v7e-m\libc.a(lib_a-fputwc.o)
                0x0040424c                _fputwc_r
 .text._malloc_trim_r
                0x004042b4       0xa0 c:/program files (x86)/atmel/studio/7.0/toolchain/arm/arm-gnu-toolchain/bin/../lib/gcc/arm-none-eabi/6.3.1/../../../../arm-none-eabi/lib/thumb/v7e-m\libc.a(lib_a-freer.o)
                0x004042b4                _malloc_trim_r
 .text._free_r  0x00404354      0x1cc c:/program files (x86)/atmel/studio/7.0/toolchain/arm/arm-gnu-toolchain/bin/../lib/gcc/arm-none-eabi/6.3.1/../../../../arm-none-eabi/lib/thumb/v7e-m\libc.a(lib_a-freer.o)
                0x00404354                _free_r
 .text.__sfvwrite_r
                0x00404520      0x2f0 c:/program files (x86)/atmel/studio/7.0/toolchain/arm/arm-gnu-toolchain/bin/../lib/gcc/arm-none-eabi/6.3.1/../../../../arm-none-eabi/lib/thumb/v7e-m\libc.a(lib_a-fvwrite.o)
                0x00404520                __sfvwrite_r
 .text._fwalk_reent
                0x00404810       0x54 c:/program files (x86)/atmel/studio/7.0/toolchain/arm/arm-gnu-toolchain/bin/../lib/gcc/arm-none-eabi/6.3.1/../../../../arm-none-eabi/lib/thumb/v7e-m\libc.a(lib_a-fwalk.o)
                0x00404810                _fwalk_reent
 .text.__locale_mb_cur_max
                0x00404864       0x1c c:/program files (x86)/atmel/studio/7.0/toolchain/arm/arm-gnu-toolchain/bin/../lib/gcc/arm-none-eabi/6.3.1/../../../../arm-none-eabi/lib/thumb/v7e-m\libc.a(lib_a-locale.o)
                0x00404864                __locale_mb_cur_max
 .text.__retarget_lock_init_recursive
                0x00404880        0x4 c:/program files (x86)/atmel/studio/7.0/toolchain/arm/arm-gnu-toolchain/bin/../lib/gcc/arm-none-eabi/6.3.1/../../../../arm-none-eabi/lib/thumb/v7e-m\libc.a(lib_a-lock.o)
                0x00404880                __retarget_lock_init_recursive
 .text.__retarget_lock_close_recursive
                0x00404884        0x4 c:/program files (x86)/atmel/studio/7.0/toolchain/arm/arm-gnu-toolchain/bin/../lib/gcc/arm-none-eabi/6.3.1/../../../../arm-none-eabi/lib/thumb/v7e-m\libc.a(lib_a-lock.o)
                0x00404884                __retarget_lock_close_recursive
 .text.__retarget_lock_acquire_recursive
                0x00404888        0x4 c:/program files (x86)/atmel/studio/7.0/toolchain/arm/arm-gnu-toolchain/bin/../lib/gcc/arm-none-eabi/6.3.1/../../../../arm-none-eabi/lib/thumb/v7e-m\libc.a(lib_a-lock.o)
                0x00404888                __retarget_lock_acquire_recursive
 .text.__retarget_lock_release_recursive
                0x0040488c        0x4 c:/program files (x86)/atmel/studio/7.0/toolchain/arm/arm-gnu-toolchain/bin/../lib/gcc/arm-none-eabi/6.3.1/../../../../arm-none-eabi/lib/thumb/v7e-m\libc.a(lib_a-lock.o)
                0x0040488c                __retarget_lock_release_recursive
 .text.__swhatbuf_r
                0x00404890       0x5c c:/program files (x86)/atmel/studio/7.0/toolchain/arm/arm-gnu-toolchain/bin/../lib/gcc/arm-none-eabi/6.3.1/../../../../arm-none-eabi/lib/thumb/v7e-m\libc.a(lib_a-makebuf.o)
                0x00404890                __swhatbuf_r
 .text.__smakebuf_r
                0x004048ec       0x94 c:/program files (x86)/atmel/studio/7.0/toolchain/arm/arm-gnu-toolchain/bin/../lib/gcc/arm-none-eabi/6.3.1/../../../../arm-none-eabi/lib/thumb/v7e-m\libc.a(lib_a-makebuf.o)
                0x004048ec                __smakebuf_r
 .text.malloc   0x00404980       0x10 c:/program files (x86)/atmel/studio/7.0/toolchain/arm/arm-gnu-toolchain/bin/../lib/gcc/arm-none-eabi/6.3.1/../../../../arm-none-eabi/lib/thumb/v7e-m\libc.a(lib_a-malloc.o)
                0x00404980                malloc
 .text._malloc_r
                0x00404990      0x560 c:/program files (x86)/atmel/studio/7.0/toolchain/arm/arm-gnu-toolchain/bin/../lib/gcc/arm-none-eabi/6.3.1/../../../../arm-none-eabi/lib/thumb/v7e-m\libc.a(lib_a-mallocr.o)
                0x00404990                _malloc_r
 .text.__ascii_mbtowc
                0x00404ef0       0x2c c:/program files (x86)/atmel/studio/7.0/toolchain/arm/arm-gnu-toolchain/bin/../lib/gcc/arm-none-eabi/6.3.1/../../../../arm-none-eabi/lib/thumb/v7e-m\libc.a(lib_a-mbtowc_r.o)
                0x00404ef0                __ascii_mbtowc
 *fill*         0x00404f1c        0x4 
 .text          0x00404f20       0xa0 c:/program files (x86)/atmel/studio/7.0/toolchain/arm/arm-gnu-toolchain/bin/../lib/gcc/arm-none-eabi/6.3.1/../../../../arm-none-eabi/lib/thumb/v7e-m\libc.a(lib_a-memchr.o)
                0x00404f20                memchr
 .text.memmove  0x00404fc0       0xc8 c:/program files (x86)/atmel/studio/7.0/toolchain/arm/arm-gnu-toolchain/bin/../lib/gcc/arm-none-eabi/6.3.1/../../../../arm-none-eabi/lib/thumb/v7e-m\libc.a(lib_a-memmove.o)
                0x00404fc0                memmove
 .text.__malloc_lock
                0x00405088        0xc c:/program files (x86)/atmel/studio/7.0/toolchain/arm/arm-gnu-toolchain/bin/../lib/gcc/arm-none-eabi/6.3.1/../../../../arm-none-eabi/lib/thumb/v7e-m\libc.a(lib_a-mlock.o)
                0x00405088                __malloc_lock
 .text.__malloc_unlock
                0x00405094        0xc c:/program files (x86)/atmel/studio/7.0/toolchain/arm/arm-gnu-toolchain/bin/../lib/gcc/arm-none-eabi/6.3.1/../../../../arm-none-eabi/lib/thumb/v7e-m\libc.a(lib_a-mlock.o)
                0x00405094                __malloc_unlock
 .text._realloc_r
                0x004050a0      0x34c c:/program files (x86)/atmel/studio/7.0/toolchain/arm/arm-gnu-toolchain/bin/../lib/gcc/arm-none-eabi/6.3.1/../../../../arm-none-eabi/lib/thumb/v7e-m\libc.a(lib_a-reallocr.o)
                0x004050a0                _realloc_r
 .text._sbrk_r  0x004053ec       0x24 c:/program files (x86)/atmel/studio/7.0/toolchain/arm/arm-gnu-toolchain/bin/../lib/gcc/arm-none-eabi/6.3.1/../../../../arm-none-eabi/lib/thumb/v7e-m\libc.a(lib_a-sbrkr.o)
                0x004053ec                _sbrk_r
 .text.__sread  0x00405410       0x24 c:/program files (x86)/atmel/studio/7.0/toolchain/arm/arm-gnu-toolchain/bin/../lib/gcc/arm-none-eabi/6.3.1/../../../../arm-none-eabi/lib/thumb/v7e-m\libc.a(lib_a-stdio.o)
                0x00405410                __sread
 .text.__swrite
                0x00405434       0x3c c:/program files (x86)/atmel/studio/7.0/toolchain/arm/arm-gnu-toolchain/bin/../lib/gcc/arm-none-eabi/6.3.1/../../../../arm-none-eabi/lib/thumb/v7e-m\libc.a(lib_a-stdio.o)
                0x00405434                __swrite
 .text.__sseek  0x00405470       0x20 c:/program files (x86)/atmel/studio/7.0/toolchain/arm/arm-gnu-toolchain/bin/../lib/gcc/arm-none-eabi/6.3.1/../../../../arm-none-eabi/lib/thumb/v7e-m\libc.a(lib_a-stdio.o)
                0x00405470                __sseek
 .text.__sclose
                0x00405490        0x8 c:/program files (x86)/atmel/studio/7.0/toolchain/arm/arm-gnu-toolchain/bin/../lib/gcc/arm-none-eabi/6.3.1/../../../../arm-none-eabi/lib/thumb/v7e-m\libc.a(lib_a-stdio.o)
                0x00405490                __sclose
 .text.__swbuf_r
                0x00405498       0xb0 c:/program files (x86)/atmel/studio/7.0/toolchain/arm/arm-gnu-toolchain/bin/../lib/gcc/arm-none-eabi/6.3.1/../../../../arm-none-eabi/lib/thumb/v7e-m\libc.a(lib_a-wbuf.o)
                0x00405498                __swbuf_r
 .text._wcrtomb_r
                0x00405548       0x54 c:/program files (x86)/atmel/studio/7.0/toolchain/arm/arm-gnu-toolchain/bin/../lib/gcc/arm-none-eabi/6.3.1/../../../../arm-none-eabi/lib/thumb/v7e-m\libc.a(lib_a-wcrtomb.o)
                0x00405548                _wcrtomb_r
 .text.__ascii_wctomb
                0x0040559c       0x1c c:/program files (x86)/atmel/studio/7.0/toolchain/arm/arm-gnu-toolchain/bin/../lib/gcc/arm-none-eabi/6.3.1/../../../../arm-none-eabi/lib/thumb/v7e-m\libc.a(lib_a-wctomb_r.o)
                0x0040559c                __ascii_wctomb
 .text._write_r
                0x004055b8       0x2c c:/program files (x86)/atmel/studio/7.0/toolchain/arm/arm-gnu-toolchain/bin/../lib/gcc/arm-none-eabi/6.3.1/../../../../arm-none-eabi/lib/thumb/v7e-m\libc.a(lib_a-writer.o)
                0x004055b8                _write_r
 .text.__register_exitproc
                0x004055e4       0xc4 c:/program files (x86)/atmel/studio/7.0/toolchain/arm/arm-gnu-toolchain/bin/../lib/gcc/arm-none-eabi/6.3.1/../../../../arm-none-eabi/lib/thumb/v7e-m\libc.a(lib_a-__atexit.o)
                0x004055e4                __register_exitproc
 .text._close_r
                0x004056a8       0x24 c:/program files (x86)/atmel/studio/7.0/toolchain/arm/arm-gnu-toolchain/bin/../lib/gcc/arm-none-eabi/6.3.1/../../../../arm-none-eabi/lib/thumb/v7e-m\libc.a(lib_a-closer.o)
                0x004056a8                _close_r
 .text._fclose_r
                0x004056cc       0xc4 c:/program files (x86)/atmel/studio/7.0/toolchain/arm/arm-gnu-toolchain/bin/../lib/gcc/arm-none-eabi/6.3.1/../../../../arm-none-eabi/lib/thumb/v7e-m\libc.a(lib_a-fclose.o)
                0x004056cc                _fclose_r
 .text._fstat_r
                0x00405790       0x28 c:/program files (x86)/atmel/studio/7.0/toolchain/arm/arm-gnu-toolchain/bin/../lib/gcc/arm-none-eabi/6.3.1/../../../../arm-none-eabi/lib/thumb/v7e-m\libc.a(lib_a-fstatr.o)
                0x00405790                _fstat_r
 .text._isatty_r
                0x004057b8       0x24 c:/program files (x86)/atmel/studio/7.0/toolchain/arm/arm-gnu-toolchain/bin/../lib/gcc/arm-none-eabi/6.3.1/../../../../arm-none-eabi/lib/thumb/v7e-m\libc.a(lib_a-isattyr.o)
                0x004057b8                _isatty_r
 .text._lseek_r
                0x004057dc       0x2c c:/program files (x86)/atmel/studio/7.0/toolchain/arm/arm-gnu-toolchain/bin/../lib/gcc/arm-none-eabi/6.3.1/../../../../arm-none-eabi/lib/thumb/v7e-m\libc.a(lib_a-lseekr.o)
                0x004057dc                _lseek_r
 .text._read_r  0x00405808       0x2c c:/program files (x86)/atmel/studio/7.0/toolchain/arm/arm-gnu-toolchain/bin/../lib/gcc/arm-none-eabi/6.3.1/../../../../arm-none-eabi/lib/thumb/v7e-m\libc.a(lib_a-readr.o)
                0x00405808                _read_r
 *(.glue_7t)
 .glue_7t       0x00405834        0x0 linker stubs
 *(.glue_7)
 .glue_7        0x00405834        0x0 linker stubs
 *(.rodata .rodata* .gnu.linkonce.r.*)
 .rodata.init_gmac_ethernet.str1.4
                0x00405834       0x41 src/softLib/GMAC_Artnet.o
 *fill*         0x00405875        0x3 
 .rodata        0x00405878        0x2 src/softLib/nRF24.o
 *fill*         0x0040587a        0x2 
 .rodata.printDetails.str1.4
                0x0040587c      0x12d src/softLib/nRF24.o
 *fill*         0x004059a9        0x3 
 .rodata.print_address_register.str1.4
                0x004059ac        0xd src/softLib/nRF24.o
                                 0x13 (size before relaxing)
 *fill*         0x004059b9        0x3 
 .rodata.print_byte_register.str1.4
                0x004059bc        0x8 src/softLib/nRF24.o
 .rodata.rf24_crclength_e_str_0
                0x004059c4        0x9 src/softLib/nRF24.o
 *fill*         0x004059cd        0x3 
 .rodata.rf24_crclength_e_str_1
                0x004059d0        0x7 src/softLib/nRF24.o
 *fill*         0x004059d7        0x1 
 .rodata.rf24_crclength_e_str_2
                0x004059d8        0x8 src/softLib/nRF24.o
 .rodata.rf24_crclength_e_str_P
                0x004059e0        0xc src/softLib/nRF24.o
 .rodata.rf24_datarate_e_str_0
                0x004059ec        0x6 src/softLib/nRF24.o
 *fill*         0x004059f2        0x2 
 .rodata.rf24_datarate_e_str_1
                0x004059f4        0x6 src/softLib/nRF24.o
 *fill*         0x004059fa        0x2 
 .rodata.rf24_datarate_e_str_2
                0x004059fc        0x8 src/softLib/nRF24.o
 .rodata.rf24_datarate_e_str_P
                0x00405a04        0xc src/softLib/nRF24.o
 .rodata.rf24_model_e_str_1
                0x00405a10        0xa src/softLib/nRF24.o
 *fill*         0x00405a1a        0x2 
 .rodata.rf24_pa_dbm_e_str_0
                0x00405a1c        0x7 src/softLib/nRF24.o
 *fill*         0x00405a23        0x1 
 .rodata.rf24_pa_dbm_e_str_1
                0x00405a24        0x7 src/softLib/nRF24.o
 *fill*         0x00405a2b        0x1 
 .rodata.rf24_pa_dbm_e_str_2
                0x00405a2c        0x8 src/softLib/nRF24.o
 .rodata.rf24_pa_dbm_e_str_3
                0x00405a34        0x7 src/softLib/nRF24.o
 *fill*         0x00405a3b        0x1 
 .rodata.rf24_pa_dbm_e_str_P
                0x00405a3c       0x10 src/softLib/nRF24.o
 .rodata.spi_master_initialize.str1.4
                0x00405a4c       0x3e src/softLib/SAM_SPI.o
 *fill*         0x00405a8a        0x2 
 .rodata.main.str1.4
                0x00405a8c       0xd5 src/main.o
 *fill*         0x00405b61        0x3 
 .rodata._global_impure_ptr
                0x00405b64        0x4 c:/program files (x86)/atmel/studio/7.0/toolchain/arm/arm-gnu-toolchain/bin/../lib/gcc/arm-none-eabi/6.3.1/../../../../arm-none-eabi/lib/thumb/v7e-m\libc.a(lib_a-impure.o)
                0x00405b64                _global_impure_ptr
 .rodata._puts_r.str1.4
                0x00405b68       0xd5 c:/program files (x86)/atmel/studio/7.0/toolchain/arm/arm-gnu-toolchain/bin/../lib/gcc/arm-none-eabi/6.3.1/../../../../arm-none-eabi/lib/thumb/v7e-m\libc.a(lib_a-puts.o)
                                  0x2 (size before relaxing)
 .rodata._vfiprintf_r.str1.4
                0x00405b68       0x2f c:/program files (x86)/atmel/studio/7.0/toolchain/arm/arm-gnu-toolchain/bin/../lib/gcc/arm-none-eabi/6.3.1/../../../../arm-none-eabi/lib/thumb/v7e-m\libc.a(lib_a-vfiprintf.o)
 *fill*         0x00405b97        0x1 
 .rodata.blanks.7217
                0x00405b98       0x10 c:/program files (x86)/atmel/studio/7.0/toolchain/arm/arm-gnu-toolchain/bin/../lib/gcc/arm-none-eabi/6.3.1/../../../../arm-none-eabi/lib/thumb/v7e-m\libc.a(lib_a-vfiprintf.o)
 .rodata.zeroes.7218
                0x00405ba8       0x10 c:/program files (x86)/atmel/studio/7.0/toolchain/arm/arm-gnu-toolchain/bin/../lib/gcc/arm-none-eabi/6.3.1/../../../../arm-none-eabi/lib/thumb/v7e-m\libc.a(lib_a-vfiprintf.o)
 .rodata._setlocale_r.str1.4
                0x00405bb8        0xa c:/program files (x86)/atmel/studio/7.0/toolchain/arm/arm-gnu-toolchain/bin/../lib/gcc/arm-none-eabi/6.3.1/../../../../arm-none-eabi/lib/thumb/v7e-m\libc.a(lib_a-locale.o)
                                  0xd (size before relaxing)
 *fill*         0x00405bc2        0x2 
 .rodata.str1.4
                0x00405bc4        0x4 c:/program files (x86)/atmel/studio/7.0/toolchain/arm/arm-gnu-toolchain/bin/../lib/gcc/arm-none-eabi/6.3.1/../../../../arm-none-eabi/lib/thumb/v7e-m\libc.a(lib_a-locale.o)
                                  0x2 (size before relaxing)
 .rodata._ctype_
                0x00405bc8      0x101 c:/program files (x86)/atmel/studio/7.0/toolchain/arm/arm-gnu-toolchain/bin/../lib/gcc/arm-none-eabi/6.3.1/../../../../arm-none-eabi/lib/thumb/v7e-m\libc.a(lib_a-ctype_.o)
                0x00405bc8                _ctype_
 *(.ARM.extab* .gnu.linkonce.armextab.*)
                0x00405ccc                . = ALIGN (0x4)
 *fill*         0x00405cc9        0x3 
 *(.init)
 .init          0x00405ccc        0x4 c:/program files (x86)/atmel/studio/7.0/toolchain/arm/arm-gnu-toolchain/bin/../lib/gcc/arm-none-eabi/6.3.1/thumb/v7e-m/crti.o
                0x00405ccc                _init
 .init          0x00405cd0        0x8 c:/program files (x86)/atmel/studio/7.0/toolchain/arm/arm-gnu-toolchain/bin/../lib/gcc/arm-none-eabi/6.3.1/thumb/v7e-m/crtn.o
                0x00405cd8                . = ALIGN (0x4)
                0x00405cd8                __preinit_array_start = .
 *(.preinit_array)
                0x00405cd8                __preinit_array_end = .
                0x00405cd8                . = ALIGN (0x4)
                0x00405cd8                __init_array_start = .
 *(SORT(.init_array.*))
 .init_array.00000
                0x00405cd8        0x4 c:/program files (x86)/atmel/studio/7.0/toolchain/arm/arm-gnu-toolchain/bin/../lib/gcc/arm-none-eabi/6.3.1/../../../../arm-none-eabi/lib/thumb/v7e-m\libc.a(lib_a-__call_atexit.o)
 *(.init_array)
 .init_array    0x00405cdc        0x4 c:/program files (x86)/atmel/studio/7.0/toolchain/arm/arm-gnu-toolchain/bin/../lib/gcc/arm-none-eabi/6.3.1/thumb/v7e-m/crtbegin.o
                0x00405ce0                __init_array_end = .
                0x00405ce0                . = ALIGN (0x4)
 *crtbegin.o(.ctors)
 *(EXCLUDE_FILE(*crtend.o) .ctors)
 *(SORT(.ctors.*))
 *crtend.o(.ctors)
                0x00405ce0                . = ALIGN (0x4)
 *(.fini)
 .fini          0x00405ce0        0x4 c:/program files (x86)/atmel/studio/7.0/toolchain/arm/arm-gnu-toolchain/bin/../lib/gcc/arm-none-eabi/6.3.1/thumb/v7e-m/crti.o
                0x00405ce0                _fini
 .fini          0x00405ce4        0x8 c:/program files (x86)/atmel/studio/7.0/toolchain/arm/arm-gnu-toolchain/bin/../lib/gcc/arm-none-eabi/6.3.1/thumb/v7e-m/crtn.o
                0x00405cec                . = ALIGN (0x4)
                0x00405cec                __fini_array_start = .
 *(.fini_array)
 .fini_array    0x00405cec        0x4 c:/program files (x86)/atmel/studio/7.0/toolchain/arm/arm-gnu-toolchain/bin/../lib/gcc/arm-none-eabi/6.3.1/thumb/v7e-m/crtbegin.o
 *(SORT(.fini_array.*))
                0x00405cf0                __fini_array_end = .
 *crtbegin.o(.dtors)
 *(EXCLUDE_FILE(*crtend.o) .dtors)
 *(SORT(.dtors.*))
 *crtend.o(.dtors)
                0x00405cf0                . = ALIGN (0x4)
                0x00405cf0                _efixed = .
                [!provide]                PROVIDE (__exidx_start, .)

.vfp11_veneer   0x00405cf0        0x0
 .vfp11_veneer  0x00405cf0        0x0 linker stubs

.v4_bx          0x00405cf0        0x0
 .v4_bx         0x00405cf0        0x0 linker stubs

.iplt           0x00405cf0        0x0
 .iplt          0x00405cf0        0x0 c:/program files (x86)/atmel/studio/7.0/toolchain/arm/arm-gnu-toolchain/bin/../lib/gcc/arm-none-eabi/6.3.1/thumb/v7e-m/crtbegin.o

.ARM.exidx      0x00405cf0        0x8
 *(.ARM.exidx* .gnu.linkonce.armexidx.*)
 .ARM.exidx     0x00405cf0        0x8 c:/program files (x86)/atmel/studio/7.0/toolchain/arm/arm-gnu-toolchain/bin/../lib/gcc/arm-none-eabi/6.3.1/thumb/v7e-m\libgcc.a(_udivmoddi4.o)
                [!provide]                PROVIDE (__exidx_end, .)

.eh_frame       0x00405cf8        0x0
 .eh_frame      0x00405cf8        0x0 c:/program files (x86)/atmel/studio/7.0/toolchain/arm/arm-gnu-toolchain/bin/../lib/gcc/arm-none-eabi/6.3.1/thumb/v7e-m/crtbegin.o

.rel.dyn        0x00405cf8        0x0
 .rel.iplt      0x00405cf8        0x0 c:/program files (x86)/atmel/studio/7.0/toolchain/arm/arm-gnu-toolchain/bin/../lib/gcc/arm-none-eabi/6.3.1/thumb/v7e-m/crtbegin.o

.jcr            0x00405cf8        0x0
 .jcr           0x00405cf8        0x0 c:/program files (x86)/atmel/studio/7.0/toolchain/arm/arm-gnu-toolchain/bin/../lib/gcc/arm-none-eabi/6.3.1/thumb/v7e-m/crtbegin.o

.igot.plt       0x00405cf8        0x0
 .igot.plt      0x00405cf8        0x0 c:/program files (x86)/atmel/studio/7.0/toolchain/arm/arm-gnu-toolchain/bin/../lib/gcc/arm-none-eabi/6.3.1/thumb/v7e-m/crtbegin.o
                0x00405cf8                . = ALIGN (0x4)
                0x00405cf8                _etext = .

.relocate       0x20400000      0x9d0 load address 0x00405cf8
                0x20400000                . = ALIGN (0x4)
                0x20400000                _srelocate = .
 *(.ramfunc .ramfunc.*)
 .ramfunc       0x20400000        0xa src/ASF/common/services/delay/sam/cycle_counter.o
                0x20400000                portable_delay_cycles
 *(.data .data.*)
 *fill*         0x2040000a        0x2 
 .data.gs_uc_ip_address
                0x2040000c        0x4 src/softLib/GMAC_Artnet.o
                0x2040000c                gs_uc_ip_address
 .data.gs_uc_mac_address
                0x20400010        0x6 src/softLib/GMAC_Artnet.o
                0x20400010                gs_uc_mac_address
 .data.payload_size
                0x20400016        0x1 src/softLib/nRF24.o
                0x20400016                payload_size
 *fill*         0x20400017        0x1 
 .data.gs_ul_spi_clock
                0x20400018        0x4 src/softLib/SAM_SPI.o
                0x20400018                gs_ul_spi_clock
 .data.g_interrupt_enabled
                0x2040001c        0x1 src/ASF/common/utils/interrupt/interrupt_sam_nvic.o
                0x2040001c                g_interrupt_enabled
 *fill*         0x2040001d        0x3 
 .data.SystemCoreClock
                0x20400020        0x4 src/ASF/sam/utils/cmsis/same70/source/templates/system_same70.o
                0x20400020                SystemCoreClock
 .data._impure_ptr
                0x20400024        0x4 c:/program files (x86)/atmel/studio/7.0/toolchain/arm/arm-gnu-toolchain/bin/../lib/gcc/arm-none-eabi/6.3.1/../../../../arm-none-eabi/lib/thumb/v7e-m\libc.a(lib_a-impure.o)
                0x20400024                _impure_ptr
 .data.impure_data
                0x20400028      0x428 c:/program files (x86)/atmel/studio/7.0/toolchain/arm/arm-gnu-toolchain/bin/../lib/gcc/arm-none-eabi/6.3.1/../../../../arm-none-eabi/lib/thumb/v7e-m\libc.a(lib_a-impure.o)
 .data.__atexit_recursive_mutex
                0x20400450        0x4 c:/program files (x86)/atmel/studio/7.0/toolchain/arm/arm-gnu-toolchain/bin/../lib/gcc/arm-none-eabi/6.3.1/../../../../arm-none-eabi/lib/thumb/v7e-m\libc.a(lib_a-__call_atexit.o)
                0x20400450                __atexit_recursive_mutex
 .data.__global_locale
                0x20400454      0x16c c:/program files (x86)/atmel/studio/7.0/toolchain/arm/arm-gnu-toolchain/bin/../lib/gcc/arm-none-eabi/6.3.1/../../../../arm-none-eabi/lib/thumb/v7e-m\libc.a(lib_a-locale.o)
                0x20400454                __global_locale
 .data.__malloc_av_
                0x204005c0      0x408 c:/program files (x86)/atmel/studio/7.0/toolchain/arm/arm-gnu-toolchain/bin/../lib/gcc/arm-none-eabi/6.3.1/../../../../arm-none-eabi/lib/thumb/v7e-m\libc.a(lib_a-mallocr.o)
                0x204005c0                __malloc_av_
 .data.__malloc_sbrk_base
                0x204009c8        0x4 c:/program files (x86)/atmel/studio/7.0/toolchain/arm/arm-gnu-toolchain/bin/../lib/gcc/arm-none-eabi/6.3.1/../../../../arm-none-eabi/lib/thumb/v7e-m\libc.a(lib_a-mallocr.o)
                0x204009c8                __malloc_sbrk_base
 .data.__malloc_trim_threshold
                0x204009cc        0x4 c:/program files (x86)/atmel/studio/7.0/toolchain/arm/arm-gnu-toolchain/bin/../lib/gcc/arm-none-eabi/6.3.1/../../../../arm-none-eabi/lib/thumb/v7e-m\libc.a(lib_a-mallocr.o)
                0x204009cc                __malloc_trim_threshold
                0x204009d0                . = ALIGN (0x4)
                0x204009d0                _erelocate = .

.bss            0x204009d0     0x7b2c load address 0x004066c8
                0x204009d0                . = ALIGN (0x4)
                0x204009d0                _sbss = .
                0x204009d0                _szero = .
 *(.bss .bss.*)
 .bss           0x204009d0       0x1c c:/program files (x86)/atmel/studio/7.0/toolchain/arm/arm-gnu-toolchain/bin/../lib/gcc/arm-none-eabi/6.3.1/thumb/v7e-m/crtbegin.o
 *fill*         0x204009ec        0x4 
 .bss.gs_rx_desc
                0x204009f0       0x80 src/ASF/sam/drivers/gmac/gmac_raw_2.o
 .bss.gs_rx_desc_null
                0x20400a70        0x8 src/ASF/sam/drivers/gmac/gmac_raw_2.o
 .bss.gs_tx_callback
                0x20400a78       0x40 src/ASF/sam/drivers/gmac/gmac_raw_2.o
 .bss.gs_tx_desc
                0x20400ab8       0x80 src/ASF/sam/drivers/gmac/gmac_raw_2.o
 .bss.gs_tx_desc_null
                0x20400b38        0x8 src/ASF/sam/drivers/gmac/gmac_raw_2.o
 .bss.gs_uc_rx_buffer
                0x20400b40      0x800 src/ASF/sam/drivers/gmac/gmac_raw_2.o
 .bss.gs_uc_tx_buffer
                0x20401340     0x5ee0 src/ASF/sam/drivers/gmac/gmac_raw_2.o
 .bss.ul_reg_val.9514
                0x20407220        0x4 src/ASF/sam/drivers/usart/usart.o
 .bss.dynamic_payloads_enabled
                0x20407224        0x1 src/softLib/nRF24.o
                0x20407224                dynamic_payloads_enabled
 *fill*         0x20407225        0x1 
 .bss.data.11580
                0x20407226        0x2 src/softLib/SAM_SPI.o
 .bss.gs_interrupt_sources
                0x20407228       0x70 src/ASF/sam/drivers/pio/pio_handler.o
 .bss.heap.6420
                0x20407298        0x4 src/ASF/sam/utils/syscalls/gcc/syscalls.o
 .bss.__malloc_current_mallinfo
                0x2040729c       0x28 c:/program files (x86)/atmel/studio/7.0/toolchain/arm/arm-gnu-toolchain/bin/../lib/gcc/arm-none-eabi/6.3.1/../../../../arm-none-eabi/lib/thumb/v7e-m\libc.a(lib_a-mallocr.o)
                0x2040729c                __malloc_current_mallinfo
 .bss.__malloc_max_sbrked_mem
                0x204072c4        0x4 c:/program files (x86)/atmel/studio/7.0/toolchain/arm/arm-gnu-toolchain/bin/../lib/gcc/arm-none-eabi/6.3.1/../../../../arm-none-eabi/lib/thumb/v7e-m\libc.a(lib_a-mallocr.o)
                0x204072c4                __malloc_max_sbrked_mem
 .bss.__malloc_max_total_mem
                0x204072c8        0x4 c:/program files (x86)/atmel/studio/7.0/toolchain/arm/arm-gnu-toolchain/bin/../lib/gcc/arm-none-eabi/6.3.1/../../../../arm-none-eabi/lib/thumb/v7e-m\libc.a(lib_a-mallocr.o)
                0x204072c8                __malloc_max_total_mem
 .bss.__malloc_top_pad
                0x204072cc        0x4 c:/program files (x86)/atmel/studio/7.0/toolchain/arm/arm-gnu-toolchain/bin/../lib/gcc/arm-none-eabi/6.3.1/../../../../arm-none-eabi/lib/thumb/v7e-m\libc.a(lib_a-mallocr.o)
                0x204072cc                __malloc_top_pad
 *(COMMON)
 COMMON         0x204072d0        0x4 src/ASF/common/utils/stdio/read.o
                0x204072d0                ptr_get
 COMMON         0x204072d4      0xffe src/softLib/GMAC_Artnet.o
                0x204072d4                artnet_data_buffer
                0x204074d4                gs_gmac_dev
                0x204075c8                ul_delay
                0x204075cc                gs_uc_eth_buffer_rx
                0x20407bcc                gmac_option
                0x20407bd4                p_artPollReply_packet
                0x20407cc4                ul_frm_size_tx
                0x20407cc8                gs_uc_eth_buffer_tx
                0x204082c8                ul_frm_size_rx
                0x204082cc                p_artAddr
 *fill*         0x204082d2        0x2 
 COMMON         0x204082d4       0x10 src/softLib/nRF24.o
                0x204082d4                addr_width
                0x204082d8                pipe0_reading_address
                0x204082e0                txDelay
 COMMON         0x204082e4        0x8 src/ASF/common/utils/stdio/write.o
                0x204082e4                ptr_put
                0x204082e8                stdio_base
 COMMON         0x204082ec      0x1e8 src/main.o
                0x204082ec                PacketType
                0x204082f0                dataIn
                0x204082f8                dataOut
                0x20408300                ArtNode
                0x204083e4                ArtPollReply
 COMMON         0x204084d4       0x21 c:/program files (x86)/atmel/studio/7.0/toolchain/arm/arm-gnu-toolchain/bin/../lib/gcc/arm-none-eabi/6.3.1/../../../../arm-none-eabi/lib/thumb/v7e-m\libc.a(lib_a-lock.o)
                0x204084d4                __lock___atexit_recursive_mutex
                0x204084d8                __lock___arc4random_mutex
                0x204084dc                __lock___env_recursive_mutex
                0x204084e0                __lock___sinit_recursive_mutex
                0x204084e4                __lock___malloc_recursive_mutex
                0x204084e8                __lock___at_quick_exit_mutex
                0x204084ec                __lock___dd_hash_mutex
                0x204084f0                __lock___tz_mutex
                0x204084f4                __lock___sfp_recursive_mutex
 *fill*         0x204084f5        0x3 
 COMMON         0x204084f8        0x4 c:/program files (x86)/atmel/studio/7.0/toolchain/arm/arm-gnu-toolchain/bin/../lib/gcc/arm-none-eabi/6.3.1/../../../../arm-none-eabi/lib/thumb/v7e-m\libc.a(lib_a-reent.o)
                0x204084f8                errno
                0x204084fc                . = ALIGN (0x4)
                0x204084fc                _ebss = .
                0x204084fc                _ezero = .

.stack          0x204084fc     0x2004 load address 0x0040e1f4
                0x20408500                . = ALIGN (0x8)
 *fill*         0x204084fc        0x4 
                0x20408500                _sstack = .
                0x2040a500                . = (. + STACK_SIZE)
 *fill*         0x20408500     0x2000 
                0x2040a500                . = ALIGN (0x8)
                0x2040a500                _estack = .

.heap           0x2040a500      0x200 load address 0x004101f8
                0x2040a500                . = ALIGN (0x8)
                0x2040a500                _sheap = .
                0x2040a700                . = (. + HEAP_SIZE)
 *fill*         0x2040a500      0x200 
                0x2040a700                . = ALIGN (0x8)
                0x2040a700                _eheap = .
                0x2040a700                . = ALIGN (0x4)
                0x2040a700                _end = .
                0x2045ffff                _ram_end_ = ((ORIGIN (ram) + LENGTH (ram)) - 0x1)
OUTPUT(MasterNode_Rev0-1.elf elf32-littlearm)

.ARM.attributes
                0x00000000       0x2e
 .ARM.attributes
                0x00000000       0x1e c:/program files (x86)/atmel/studio/7.0/toolchain/arm/arm-gnu-toolchain/bin/../lib/gcc/arm-none-eabi/6.3.1/thumb/v7e-m/crti.o
 .ARM.attributes
                0x0000001e       0x2e c:/program files (x86)/atmel/studio/7.0/toolchain/arm/arm-gnu-toolchain/bin/../lib/gcc/arm-none-eabi/6.3.1/thumb/v7e-m/crtbegin.o
 .ARM.attributes
                0x0000004c       0x37 src/ASF/common/utils/stdio/read.o
 .ARM.attributes
                0x00000083       0x37 src/ASF/sam/drivers/gmac/gmac_raw_2.o
 .ARM.attributes
                0x000000ba       0x37 src/ASF/sam/drivers/spi/spi.o
 .ARM.attributes
                0x000000f1       0x37 src/ASF/sam/drivers/usart/usart.o
 .ARM.attributes
                0x00000128       0x37 src/softLib/GMAC_Artnet.o
 .ARM.attributes
                0x0000015f       0x37 src/softLib/nRF24.o
 .ARM.attributes
                0x00000196       0x37 src/softLib/SAM_SPI.o
 .ARM.attributes
                0x000001cd       0x37 src/ASF/common/utils/stdio/write.o
 .ARM.attributes
                0x00000204       0x37 src/ASF/common/services/delay/sam/cycle_counter.o
 .ARM.attributes
                0x0000023b       0x37 src/ASF/sam/components/ethernet_phy/ksz8081rna/ethernet_phy.o
 .ARM.attributes
                0x00000272       0x37 src/ASF/sam/drivers/twihs/twihs.o
 .ARM.attributes
                0x000002a9       0x37 src/ASF/sam/drivers/uart/uart.o
 .ARM.attributes
                0x000002e0       0x37 src/ASF/sam/drivers/gmac/gmac_phy.o
 .ARM.attributes
                0x00000317       0x37 src/ASF/common/services/clock/same70/sysclk.o
 .ARM.attributes
                0x0000034e       0x37 src/ASF/common/utils/interrupt/interrupt_sam_nvic.o
 .ARM.attributes
                0x00000385       0x37 src/ASF/sam/boards/same70_xplained/init.o
 .ARM.attributes
                0x000003bc       0x37 src/ASF/sam/drivers/pio/pio.o
 .ARM.attributes
                0x000003f3       0x37 src/ASF/sam/drivers/pio/pio_handler.o
 .ARM.attributes
                0x0000042a       0x37 src/ASF/sam/drivers/pmc/pmc.o
 .ARM.attributes
                0x00000461       0x37 src/ASF/sam/utils/cmsis/same70/source/templates/gcc/startup_same70.o
 .ARM.attributes
                0x00000498       0x37 src/ASF/sam/utils/cmsis/same70/source/templates/system_same70.o
 .ARM.attributes
                0x000004cf       0x37 src/ASF/sam/utils/syscalls/gcc/syscalls.o
 .ARM.attributes
                0x00000506       0x37 src/main.o
 .ARM.attributes
                0x0000053d       0x1e c:/program files (x86)/atmel/studio/7.0/toolchain/arm/arm-gnu-toolchain/bin/../lib/gcc/arm-none-eabi/6.3.1/thumb/v7e-m\libgcc.a(_aeabi_uldivmod.o)
 .ARM.attributes
                0x0000055b       0x2e c:/program files (x86)/atmel/studio/7.0/toolchain/arm/arm-gnu-toolchain/bin/../lib/gcc/arm-none-eabi/6.3.1/thumb/v7e-m\libgcc.a(_udivmoddi4.o)
 .ARM.attributes
                0x00000589       0x1e c:/program files (x86)/atmel/studio/7.0/toolchain/arm/arm-gnu-toolchain/bin/../lib/gcc/arm-none-eabi/6.3.1/thumb/v7e-m\libgcc.a(_dvmd_tls.o)
 .ARM.attributes
                0x000005a7       0x2e c:/program files (x86)/atmel/studio/7.0/toolchain/arm/arm-gnu-toolchain/bin/../lib/gcc/arm-none-eabi/6.3.1/../../../../arm-none-eabi/lib/thumb/v7e-m\libc.a(lib_a-impure.o)
 .ARM.attributes
                0x000005d5       0x2e c:/program files (x86)/atmel/studio/7.0/toolchain/arm/arm-gnu-toolchain/bin/../lib/gcc/arm-none-eabi/6.3.1/../../../../arm-none-eabi/lib/thumb/v7e-m\libc.a(lib_a-init.o)
 .ARM.attributes
                0x00000603       0x2e c:/program files (x86)/atmel/studio/7.0/toolchain/arm/arm-gnu-toolchain/bin/../lib/gcc/arm-none-eabi/6.3.1/../../../../arm-none-eabi/lib/thumb/v7e-m\libc.a(lib_a-iprintf.o)
 .ARM.attributes
                0x00000631       0x2e c:/program files (x86)/atmel/studio/7.0/toolchain/arm/arm-gnu-toolchain/bin/../lib/gcc/arm-none-eabi/6.3.1/../../../../arm-none-eabi/lib/thumb/v7e-m\libc.a(lib_a-memcmp.o)
 .ARM.attributes
                0x0000065f       0x1c c:/program files (x86)/atmel/studio/7.0/toolchain/arm/arm-gnu-toolchain/bin/../lib/gcc/arm-none-eabi/6.3.1/../../../../arm-none-eabi/lib/thumb/v7e-m\libc.a(lib_a-memcpy.o)
 .ARM.attributes
                0x0000067b       0x2e c:/program files (x86)/atmel/studio/7.0/toolchain/arm/arm-gnu-toolchain/bin/../lib/gcc/arm-none-eabi/6.3.1/../../../../arm-none-eabi/lib/thumb/v7e-m\libc.a(lib_a-memset.o)
 .ARM.attributes
                0x000006a9       0x2e c:/program files (x86)/atmel/studio/7.0/toolchain/arm/arm-gnu-toolchain/bin/../lib/gcc/arm-none-eabi/6.3.1/../../../../arm-none-eabi/lib/thumb/v7e-m\libc.a(lib_a-puts.o)
 .ARM.attributes
                0x000006d7       0x2e c:/program files (x86)/atmel/studio/7.0/toolchain/arm/arm-gnu-toolchain/bin/../lib/gcc/arm-none-eabi/6.3.1/../../../../arm-none-eabi/lib/thumb/v7e-m\libc.a(lib_a-setbuf.o)
 .ARM.attributes
                0x00000705       0x2e c:/program files (x86)/atmel/studio/7.0/toolchain/arm/arm-gnu-toolchain/bin/../lib/gcc/arm-none-eabi/6.3.1/../../../../arm-none-eabi/lib/thumb/v7e-m\libc.a(lib_a-setvbuf.o)
 .ARM.attributes
                0x00000733       0x1c c:/program files (x86)/atmel/studio/7.0/toolchain/arm/arm-gnu-toolchain/bin/../lib/gcc/arm-none-eabi/6.3.1/../../../../arm-none-eabi/lib/thumb/v7e-m\libc.a(lib_a-strlen.o)
 .ARM.attributes
                0x0000074f       0x2e c:/program files (x86)/atmel/studio/7.0/toolchain/arm/arm-gnu-toolchain/bin/../lib/gcc/arm-none-eabi/6.3.1/../../../../arm-none-eabi/lib/thumb/v7e-m\libc.a(lib_a-vfiprintf.o)
 .ARM.attributes
                0x0000077d       0x2e c:/program files (x86)/atmel/studio/7.0/toolchain/arm/arm-gnu-toolchain/bin/../lib/gcc/arm-none-eabi/6.3.1/../../../../arm-none-eabi/lib/thumb/v7e-m\libc.a(lib_a-wsetup.o)
 .ARM.attributes
                0x000007ab       0x2e c:/program files (x86)/atmel/studio/7.0/toolchain/arm/arm-gnu-toolchain/bin/../lib/gcc/arm-none-eabi/6.3.1/../../../../arm-none-eabi/lib/thumb/v7e-m\libc.a(lib_a-__call_atexit.o)
 .ARM.attributes
                0x000007d9       0x2e c:/program files (x86)/atmel/studio/7.0/toolchain/arm/arm-gnu-toolchain/bin/../lib/gcc/arm-none-eabi/6.3.1/../../../../arm-none-eabi/lib/thumb/v7e-m\libc.a(lib_a-atexit.o)
 .ARM.attributes
                0x00000807       0x2e c:/program files (x86)/atmel/studio/7.0/toolchain/arm/arm-gnu-toolchain/bin/../lib/gcc/arm-none-eabi/6.3.1/../../../../arm-none-eabi/lib/thumb/v7e-m\libc.a(lib_a-fflush.o)
 .ARM.attributes
                0x00000835       0x2e c:/program files (x86)/atmel/studio/7.0/toolchain/arm/arm-gnu-toolchain/bin/../lib/gcc/arm-none-eabi/6.3.1/../../../../arm-none-eabi/lib/thumb/v7e-m\libc.a(lib_a-findfp.o)
 .ARM.attributes
                0x00000863       0x2e c:/program files (x86)/atmel/studio/7.0/toolchain/arm/arm-gnu-toolchain/bin/../lib/gcc/arm-none-eabi/6.3.1/../../../../arm-none-eabi/lib/thumb/v7e-m\libc.a(lib_a-fini.o)
 .ARM.attributes
                0x00000891       0x2e c:/program files (x86)/atmel/studio/7.0/toolchain/arm/arm-gnu-toolchain/bin/../lib/gcc/arm-none-eabi/6.3.1/../../../../arm-none-eabi/lib/thumb/v7e-m\libc.a(lib_a-fputwc.o)
 .ARM.attributes
                0x000008bf       0x2e c:/program files (x86)/atmel/studio/7.0/toolchain/arm/arm-gnu-toolchain/bin/../lib/gcc/arm-none-eabi/6.3.1/../../../../arm-none-eabi/lib/thumb/v7e-m\libc.a(lib_a-freer.o)
 .ARM.attributes
                0x000008ed       0x2e c:/program files (x86)/atmel/studio/7.0/toolchain/arm/arm-gnu-toolchain/bin/../lib/gcc/arm-none-eabi/6.3.1/../../../../arm-none-eabi/lib/thumb/v7e-m\libc.a(lib_a-fvwrite.o)
 .ARM.attributes
                0x0000091b       0x2e c:/program files (x86)/atmel/studio/7.0/toolchain/arm/arm-gnu-toolchain/bin/../lib/gcc/arm-none-eabi/6.3.1/../../../../arm-none-eabi/lib/thumb/v7e-m\libc.a(lib_a-fwalk.o)
 .ARM.attributes
                0x00000949       0x2e c:/program files (x86)/atmel/studio/7.0/toolchain/arm/arm-gnu-toolchain/bin/../lib/gcc/arm-none-eabi/6.3.1/../../../../arm-none-eabi/lib/thumb/v7e-m\libc.a(lib_a-locale.o)
 .ARM.attributes
                0x00000977       0x2e c:/program files (x86)/atmel/studio/7.0/toolchain/arm/arm-gnu-toolchain/bin/../lib/gcc/arm-none-eabi/6.3.1/../../../../arm-none-eabi/lib/thumb/v7e-m\libc.a(lib_a-lock.o)
 .ARM.attributes
                0x000009a5       0x2e c:/program files (x86)/atmel/studio/7.0/toolchain/arm/arm-gnu-toolchain/bin/../lib/gcc/arm-none-eabi/6.3.1/../../../../arm-none-eabi/lib/thumb/v7e-m\libc.a(lib_a-makebuf.o)
 .ARM.attributes
                0x000009d3       0x2e c:/program files (x86)/atmel/studio/7.0/toolchain/arm/arm-gnu-toolchain/bin/../lib/gcc/arm-none-eabi/6.3.1/../../../../arm-none-eabi/lib/thumb/v7e-m\libc.a(lib_a-malloc.o)
 .ARM.attributes
                0x00000a01       0x2e c:/program files (x86)/atmel/studio/7.0/toolchain/arm/arm-gnu-toolchain/bin/../lib/gcc/arm-none-eabi/6.3.1/../../../../arm-none-eabi/lib/thumb/v7e-m\libc.a(lib_a-mallocr.o)
 .ARM.attributes
                0x00000a2f       0x2e c:/program files (x86)/atmel/studio/7.0/toolchain/arm/arm-gnu-toolchain/bin/../lib/gcc/arm-none-eabi/6.3.1/../../../../arm-none-eabi/lib/thumb/v7e-m\libc.a(lib_a-mbtowc_r.o)
 .ARM.attributes
                0x00000a5d       0x1c c:/program files (x86)/atmel/studio/7.0/toolchain/arm/arm-gnu-toolchain/bin/../lib/gcc/arm-none-eabi/6.3.1/../../../../arm-none-eabi/lib/thumb/v7e-m\libc.a(lib_a-memchr.o)
 .ARM.attributes
                0x00000a79       0x2e c:/program files (x86)/atmel/studio/7.0/toolchain/arm/arm-gnu-toolchain/bin/../lib/gcc/arm-none-eabi/6.3.1/../../../../arm-none-eabi/lib/thumb/v7e-m\libc.a(lib_a-memmove.o)
 .ARM.attributes
                0x00000aa7       0x2e c:/program files (x86)/atmel/studio/7.0/toolchain/arm/arm-gnu-toolchain/bin/../lib/gcc/arm-none-eabi/6.3.1/../../../../arm-none-eabi/lib/thumb/v7e-m\libc.a(lib_a-mlock.o)
 .ARM.attributes
                0x00000ad5       0x2e c:/program files (x86)/atmel/studio/7.0/toolchain/arm/arm-gnu-toolchain/bin/../lib/gcc/arm-none-eabi/6.3.1/../../../../arm-none-eabi/lib/thumb/v7e-m\libc.a(lib_a-reallocr.o)
 .ARM.attributes
                0x00000b03       0x2e c:/program files (x86)/atmel/studio/7.0/toolchain/arm/arm-gnu-toolchain/bin/../lib/gcc/arm-none-eabi/6.3.1/../../../../arm-none-eabi/lib/thumb/v7e-m\libc.a(lib_a-sbrkr.o)
 .ARM.attributes
                0x00000b31       0x2e c:/program files (x86)/atmel/studio/7.0/toolchain/arm/arm-gnu-toolchain/bin/../lib/gcc/arm-none-eabi/6.3.1/../../../../arm-none-eabi/lib/thumb/v7e-m\libc.a(lib_a-stdio.o)
 .ARM.attributes
                0x00000b5f       0x2e c:/program files (x86)/atmel/studio/7.0/toolchain/arm/arm-gnu-toolchain/bin/../lib/gcc/arm-none-eabi/6.3.1/../../../../arm-none-eabi/lib/thumb/v7e-m\libc.a(lib_a-wbuf.o)
 .ARM.attributes
                0x00000b8d       0x2e c:/program files (x86)/atmel/studio/7.0/toolchain/arm/arm-gnu-toolchain/bin/../lib/gcc/arm-none-eabi/6.3.1/../../../../arm-none-eabi/lib/thumb/v7e-m\libc.a(lib_a-wcrtomb.o)
 .ARM.attributes
                0x00000bbb       0x2e c:/program files (x86)/atmel/studio/7.0/toolchain/arm/arm-gnu-toolchain/bin/../lib/gcc/arm-none-eabi/6.3.1/../../../../arm-none-eabi/lib/thumb/v7e-m\libc.a(lib_a-wctomb_r.o)
 .ARM.attributes
                0x00000be9       0x2e c:/program files (x86)/atmel/studio/7.0/toolchain/arm/arm-gnu-toolchain/bin/../lib/gcc/arm-none-eabi/6.3.1/../../../../arm-none-eabi/lib/thumb/v7e-m\libc.a(lib_a-writer.o)
 .ARM.attributes
                0x00000c17       0x2e c:/program files (x86)/atmel/studio/7.0/toolchain/arm/arm-gnu-toolchain/bin/../lib/gcc/arm-none-eabi/6.3.1/../../../../arm-none-eabi/lib/thumb/v7e-m\libc.a(lib_a-__atexit.o)
 .ARM.attributes
                0x00000c45       0x2e c:/program files (x86)/atmel/studio/7.0/toolchain/arm/arm-gnu-toolchain/bin/../lib/gcc/arm-none-eabi/6.3.1/../../../../arm-none-eabi/lib/thumb/v7e-m\libc.a(lib_a-closer.o)
 .ARM.attributes
                0x00000c73       0x2e c:/program files (x86)/atmel/studio/7.0/toolchain/arm/arm-gnu-toolchain/bin/../lib/gcc/arm-none-eabi/6.3.1/../../../../arm-none-eabi/lib/thumb/v7e-m\libc.a(lib_a-ctype_.o)
 .ARM.attributes
                0x00000ca1       0x2e c:/program files (x86)/atmel/studio/7.0/toolchain/arm/arm-gnu-toolchain/bin/../lib/gcc/arm-none-eabi/6.3.1/../../../../arm-none-eabi/lib/thumb/v7e-m\libc.a(lib_a-fclose.o)
 .ARM.attributes
                0x00000ccf       0x2e c:/program files (x86)/atmel/studio/7.0/toolchain/arm/arm-gnu-toolchain/bin/../lib/gcc/arm-none-eabi/6.3.1/../../../../arm-none-eabi/lib/thumb/v7e-m\libc.a(lib_a-fstatr.o)
 .ARM.attributes
                0x00000cfd       0x2e c:/program files (x86)/atmel/studio/7.0/toolchain/arm/arm-gnu-toolchain/bin/../lib/gcc/arm-none-eabi/6.3.1/../../../../arm-none-eabi/lib/thumb/v7e-m\libc.a(lib_a-isattyr.o)
 .ARM.attributes
                0x00000d2b       0x2e c:/program files (x86)/atmel/studio/7.0/toolchain/arm/arm-gnu-toolchain/bin/../lib/gcc/arm-none-eabi/6.3.1/../../../../arm-none-eabi/lib/thumb/v7e-m\libc.a(lib_a-lseekr.o)
 .ARM.attributes
                0x00000d59       0x2e c:/program files (x86)/atmel/studio/7.0/toolchain/arm/arm-gnu-toolchain/bin/../lib/gcc/arm-none-eabi/6.3.1/../../../../arm-none-eabi/lib/thumb/v7e-m\libc.a(lib_a-readr.o)
 .ARM.attributes
                0x00000d87       0x2e c:/program files (x86)/atmel/studio/7.0/toolchain/arm/arm-gnu-toolchain/bin/../lib/gcc/arm-none-eabi/6.3.1/../../../../arm-none-eabi/lib/thumb/v7e-m\libc.a(lib_a-reent.o)
 .ARM.attributes
                0x00000db5       0x1e c:/program files (x86)/atmel/studio/7.0/toolchain/arm/arm-gnu-toolchain/bin/../lib/gcc/arm-none-eabi/6.3.1/thumb/v7e-m/crtn.o

.comment        0x00000000       0x59
 .comment       0x00000000       0x59 src/ASF/common/utils/stdio/read.o
                                 0x5a (size before relaxing)
 .comment       0x00000059       0x5a src/ASF/sam/drivers/gmac/gmac_raw_2.o
 .comment       0x00000059       0x5a src/ASF/sam/drivers/spi/spi.o
 .comment       0x00000059       0x5a src/ASF/sam/drivers/usart/usart.o
 .comment       0x00000059       0x5a src/softLib/GMAC_Artnet.o
 .comment       0x00000059       0x5a src/softLib/nRF24.o
 .comment       0x00000059       0x5a src/softLib/SAM_SPI.o
 .comment       0x00000059       0x5a src/ASF/common/utils/stdio/write.o
 .comment       0x00000059       0x5a src/ASF/common/services/delay/sam/cycle_counter.o
 .comment       0x00000059       0x5a src/ASF/sam/components/ethernet_phy/ksz8081rna/ethernet_phy.o
 .comment       0x00000059       0x5a src/ASF/sam/drivers/twihs/twihs.o
 .comment       0x00000059       0x5a src/ASF/sam/drivers/uart/uart.o
 .comment       0x00000059       0x5a src/ASF/sam/drivers/gmac/gmac_phy.o
 .comment       0x00000059       0x5a src/ASF/common/services/clock/same70/sysclk.o
 .comment       0x00000059       0x5a src/ASF/common/utils/interrupt/interrupt_sam_nvic.o
 .comment       0x00000059       0x5a src/ASF/sam/boards/same70_xplained/init.o
 .comment       0x00000059       0x5a src/ASF/sam/drivers/pio/pio.o
 .comment       0x00000059       0x5a src/ASF/sam/drivers/pio/pio_handler.o
 .comment       0x00000059       0x5a src/ASF/sam/drivers/pmc/pmc.o
 .comment       0x00000059       0x5a src/ASF/sam/utils/cmsis/same70/source/templates/gcc/startup_same70.o
 .comment       0x00000059       0x5a src/ASF/sam/utils/cmsis/same70/source/templates/system_same70.o
 .comment       0x00000059       0x5a src/ASF/sam/utils/syscalls/gcc/syscalls.o
 .comment       0x00000059       0x5a src/main.o

.debug_info     0x00000000    0x26065
 .debug_info    0x00000000      0xac9 src/ASF/common/utils/stdio/read.o
 .debug_info    0x00000ac9     0x314d src/ASF/sam/drivers/gmac/gmac_raw_2.o
 .debug_info    0x00003c16     0x1181 src/ASF/sam/drivers/spi/spi.o
 .debug_info    0x00004d97     0x23ac src/ASF/sam/drivers/usart/usart.o
 .debug_info    0x00007143     0x3269 src/softLib/GMAC_Artnet.o
 .debug_info    0x0000a3ac     0x2b7c src/softLib/nRF24.o
 .debug_info    0x0000cf28     0x199a src/softLib/SAM_SPI.o
 .debug_info    0x0000e8c2      0xac6 src/ASF/common/utils/stdio/write.o
 .debug_info    0x0000f388      0xa45 src/ASF/common/services/delay/sam/cycle_counter.o
 .debug_info    0x0000fdcd     0x2798 src/ASF/sam/components/ethernet_phy/ksz8081rna/ethernet_phy.o
 .debug_info    0x00012565     0x1599 src/ASF/sam/drivers/twihs/twihs.o
 .debug_info    0x00013afe     0x1072 src/ASF/sam/drivers/uart/uart.o
 .debug_info    0x00014b70     0x19b6 src/ASF/sam/drivers/gmac/gmac_phy.o
 .debug_info    0x00016526     0x12a4 src/ASF/common/services/clock/same70/sysclk.o
 .debug_info    0x000177ca      0xaff src/ASF/common/utils/interrupt/interrupt_sam_nvic.o
 .debug_info    0x000182c9     0x237b src/ASF/sam/boards/same70_xplained/init.o
 .debug_info    0x0001a644     0x2174 src/ASF/sam/drivers/pio/pio.o
 .debug_info    0x0001c7b8     0x1bb2 src/ASF/sam/drivers/pio/pio_handler.o
 .debug_info    0x0001e36a     0x1f1c src/ASF/sam/drivers/pmc/pmc.o
 .debug_info    0x00020286     0x15fe src/ASF/sam/utils/cmsis/same70/source/templates/gcc/startup_same70.o
 .debug_info    0x00021884      0x5d0 src/ASF/sam/utils/cmsis/same70/source/templates/system_same70.o
 .debug_info    0x00021e54      0xdb0 src/ASF/sam/utils/syscalls/gcc/syscalls.o
 .debug_info    0x00022c04     0x3461 src/main.o

.debug_abbrev   0x00000000     0x4a1c
 .debug_abbrev  0x00000000      0x1fe src/ASF/common/utils/stdio/read.o
 .debug_abbrev  0x000001fe      0x482 src/ASF/sam/drivers/gmac/gmac_raw_2.o
 .debug_abbrev  0x00000680      0x3b2 src/ASF/sam/drivers/spi/spi.o
 .debug_abbrev  0x00000a32      0x3ca src/ASF/sam/drivers/usart/usart.o
 .debug_abbrev  0x00000dfc      0x4a6 src/softLib/GMAC_Artnet.o
 .debug_abbrev  0x000012a2      0x543 src/softLib/nRF24.o
 .debug_abbrev  0x000017e5      0x35e src/softLib/SAM_SPI.o
 .debug_abbrev  0x00001b43      0x1e9 src/ASF/common/utils/stdio/write.o
 .debug_abbrev  0x00001d2c      0x1b3 src/ASF/common/services/delay/sam/cycle_counter.o
 .debug_abbrev  0x00001edf      0x3b2 src/ASF/sam/components/ethernet_phy/ksz8081rna/ethernet_phy.o
 .debug_abbrev  0x00002291      0x39f src/ASF/sam/drivers/twihs/twihs.o
 .debug_abbrev  0x00002630      0x27b src/ASF/sam/drivers/uart/uart.o
 .debug_abbrev  0x000028ab      0x2a5 src/ASF/sam/drivers/gmac/gmac_phy.o
 .debug_abbrev  0x00002b50      0x31f src/ASF/common/services/clock/same70/sysclk.o
 .debug_abbrev  0x00002e6f      0x221 src/ASF/common/utils/interrupt/interrupt_sam_nvic.o
 .debug_abbrev  0x00003090      0x32f src/ASF/sam/boards/same70_xplained/init.o
 .debug_abbrev  0x000033bf      0x410 src/ASF/sam/drivers/pio/pio.o
 .debug_abbrev  0x000037cf      0x34d src/ASF/sam/drivers/pio/pio_handler.o
 .debug_abbrev  0x00003b1c      0x398 src/ASF/sam/drivers/pmc/pmc.o
 .debug_abbrev  0x00003eb4      0x2f3 src/ASF/sam/utils/cmsis/same70/source/templates/gcc/startup_same70.o
 .debug_abbrev  0x000041a7      0x102 src/ASF/sam/utils/cmsis/same70/source/templates/system_same70.o
 .debug_abbrev  0x000042a9      0x264 src/ASF/sam/utils/syscalls/gcc/syscalls.o
 .debug_abbrev  0x0000450d      0x50f src/main.o

.debug_loc      0x00000000     0x9ace
 .debug_loc     0x00000000       0xb3 src/ASF/common/utils/stdio/read.o
 .debug_loc     0x000000b3     0x1c2d src/ASF/sam/drivers/gmac/gmac_raw_2.o
 .debug_loc     0x00001ce0      0x610 src/ASF/sam/drivers/spi/spi.o
 .debug_loc     0x000022f0      0xf35 src/ASF/sam/drivers/usart/usart.o
 .debug_loc     0x00003225      0x89d src/softLib/GMAC_Artnet.o
 .debug_loc     0x00003ac2     0x11dc src/softLib/nRF24.o
 .debug_loc     0x00004c9e      0x203 src/softLib/SAM_SPI.o
 .debug_loc     0x00004ea1      0x12b src/ASF/common/utils/stdio/write.o
 .debug_loc     0x00004fcc      0xc51 src/ASF/sam/components/ethernet_phy/ksz8081rna/ethernet_phy.o
 .debug_loc     0x00005c1d      0xc2c src/ASF/sam/drivers/twihs/twihs.o
 .debug_loc     0x00006849      0x2a3 src/ASF/sam/drivers/uart/uart.o
 .debug_loc     0x00006aec      0x245 src/ASF/sam/drivers/gmac/gmac_phy.o
 .debug_loc     0x00006d31      0x183 src/ASF/common/services/clock/same70/sysclk.o
 .debug_loc     0x00006eb4      0x339 src/ASF/sam/boards/same70_xplained/init.o
 .debug_loc     0x000071ed      0xea4 src/ASF/sam/drivers/pio/pio.o
 .debug_loc     0x00008091      0x59f src/ASF/sam/drivers/pio/pio_handler.o
 .debug_loc     0x00008630      0xc33 src/ASF/sam/drivers/pmc/pmc.o
 .debug_loc     0x00009263       0x77 src/ASF/sam/utils/cmsis/same70/source/templates/gcc/startup_same70.o
 .debug_loc     0x000092da       0xfd src/ASF/sam/utils/syscalls/gcc/syscalls.o
 .debug_loc     0x000093d7      0x6f7 src/main.o

.debug_aranges  0x00000000      0xdf0
 .debug_aranges
                0x00000000       0x20 src/ASF/common/utils/stdio/read.o
 .debug_aranges
                0x00000020       0x90 src/ASF/sam/drivers/gmac/gmac_raw_2.o
 .debug_aranges
                0x000000b0       0x90 src/ASF/sam/drivers/spi/spi.o
 .debug_aranges
                0x00000140      0x2a8 src/ASF/sam/drivers/usart/usart.o
 .debug_aranges
                0x000003e8       0x60 src/softLib/GMAC_Artnet.o
 .debug_aranges
                0x00000448      0x118 src/softLib/nRF24.o
 .debug_aranges
                0x00000560       0x28 src/softLib/SAM_SPI.o
 .debug_aranges
                0x00000588       0x20 src/ASF/common/utils/stdio/write.o
 .debug_aranges
                0x000005a8       0x20 src/ASF/common/services/delay/sam/cycle_counter.o
 .debug_aranges
                0x000005c8       0x38 src/ASF/sam/components/ethernet_phy/ksz8081rna/ethernet_phy.o
 .debug_aranges
                0x00000600       0xe8 src/ASF/sam/drivers/twihs/twihs.o
 .debug_aranges
                0x000006e8       0xd8 src/ASF/sam/drivers/uart/uart.o
 .debug_aranges
                0x000007c0       0x28 src/ASF/sam/drivers/gmac/gmac_phy.o
 .debug_aranges
                0x000007e8       0x40 src/ASF/common/services/clock/same70/sysclk.o
 .debug_aranges
                0x00000828       0x28 src/ASF/common/utils/interrupt/interrupt_sam_nvic.o
 .debug_aranges
                0x00000850       0x20 src/ASF/sam/boards/same70_xplained/init.o
 .debug_aranges
                0x00000870      0x1a8 src/ASF/sam/drivers/pio/pio.o
 .debug_aranges
                0x00000a18       0x60 src/ASF/sam/drivers/pio/pio_handler.o
 .debug_aranges
                0x00000a78      0x270 src/ASF/sam/drivers/pmc/pmc.o
 .debug_aranges
                0x00000ce8       0x28 src/ASF/sam/utils/cmsis/same70/source/templates/gcc/startup_same70.o
 .debug_aranges
                0x00000d10       0x30 src/ASF/sam/utils/cmsis/same70/source/templates/system_same70.o
 .debug_aranges
                0x00000d40       0x60 src/ASF/sam/utils/syscalls/gcc/syscalls.o
 .debug_aranges
                0x00000da0       0x50 src/main.o

.debug_ranges   0x00000000      0xf20
 .debug_ranges  0x00000000       0x10 src/ASF/common/utils/stdio/read.o
 .debug_ranges  0x00000010       0xb0 src/ASF/sam/drivers/gmac/gmac_raw_2.o
 .debug_ranges  0x000000c0       0x80 src/ASF/sam/drivers/spi/spi.o
 .debug_ranges  0x00000140      0x298 src/ASF/sam/drivers/usart/usart.o
 .debug_ranges  0x000003d8       0x50 src/softLib/GMAC_Artnet.o
 .debug_ranges  0x00000428      0x150 src/softLib/nRF24.o
 .debug_ranges  0x00000578       0x18 src/softLib/SAM_SPI.o
 .debug_ranges  0x00000590       0x10 src/ASF/common/utils/stdio/write.o
 .debug_ranges  0x000005a0       0x10 src/ASF/common/services/delay/sam/cycle_counter.o
 .debug_ranges  0x000005b0       0xe8 src/ASF/sam/components/ethernet_phy/ksz8081rna/ethernet_phy.o
 .debug_ranges  0x00000698       0xd8 src/ASF/sam/drivers/twihs/twihs.o
 .debug_ranges  0x00000770       0xc8 src/ASF/sam/drivers/uart/uart.o
 .debug_ranges  0x00000838       0x18 src/ASF/sam/drivers/gmac/gmac_phy.o
 .debug_ranges  0x00000850       0x30 src/ASF/common/services/clock/same70/sysclk.o
 .debug_ranges  0x00000880       0x18 src/ASF/common/utils/interrupt/interrupt_sam_nvic.o
 .debug_ranges  0x00000898       0x10 src/ASF/sam/boards/same70_xplained/init.o
 .debug_ranges  0x000008a8      0x2a0 src/ASF/sam/drivers/pio/pio.o
 .debug_ranges  0x00000b48       0x68 src/ASF/sam/drivers/pio/pio_handler.o
 .debug_ranges  0x00000bb0      0x260 src/ASF/sam/drivers/pmc/pmc.o
 .debug_ranges  0x00000e10       0x18 src/ASF/sam/utils/cmsis/same70/source/templates/gcc/startup_same70.o
 .debug_ranges  0x00000e28       0x20 src/ASF/sam/utils/cmsis/same70/source/templates/system_same70.o
 .debug_ranges  0x00000e48       0x50 src/ASF/sam/utils/syscalls/gcc/syscalls.o
 .debug_ranges  0x00000e98       0x88 src/main.o

.debug_macro    0x00000000     0xebda
 .debug_macro   0x00000000      0x68a src/ASF/common/utils/stdio/read.o
 .debug_macro   0x0000068a      0x6f2 src/ASF/sam/drivers/gmac/gmac_raw_2.o
 .debug_macro   0x00000d7c      0x12a src/ASF/sam/drivers/gmac/gmac_raw_2.o
 .debug_macro   0x00000ea6       0x16 src/ASF/sam/drivers/gmac/gmac_raw_2.o
 .debug_macro   0x00000ebc       0x8e src/ASF/sam/drivers/gmac/gmac_raw_2.o
 .debug_macro   0x00000f4a      0x70f src/ASF/sam/drivers/spi/spi.o
 .debug_macro   0x00001659       0x10 src/ASF/sam/drivers/spi/spi.o
 .debug_macro   0x00001669      0x6d1 src/ASF/sam/drivers/usart/usart.o
 .debug_macro   0x00001d3a       0x28 src/ASF/sam/drivers/usart/usart.o
 .debug_macro   0x00001d62      0x89d src/softLib/GMAC_Artnet.o
 .debug_macro   0x000025ff       0x28 src/softLib/GMAC_Artnet.o
 .debug_macro   0x00002627       0x22 src/softLib/GMAC_Artnet.o
 .debug_macro   0x00002649      0x17b src/softLib/GMAC_Artnet.o
 .debug_macro   0x000027c4       0x94 src/softLib/GMAC_Artnet.o
 .debug_macro   0x00002858       0x40 src/softLib/GMAC_Artnet.o
 .debug_macro   0x00002898       0x88 src/softLib/GMAC_Artnet.o
 .debug_macro   0x00002920      0x1cf src/softLib/GMAC_Artnet.o
 .debug_macro   0x00002aef       0x34 src/softLib/GMAC_Artnet.o
 .debug_macro   0x00002b23       0x10 src/softLib/GMAC_Artnet.o
 .debug_macro   0x00002b33       0x16 src/softLib/GMAC_Artnet.o
 .debug_macro   0x00002b49       0x1c src/softLib/GMAC_Artnet.o
 .debug_macro   0x00002b65       0x1c src/softLib/GMAC_Artnet.o
 .debug_macro   0x00002b81       0x2e src/softLib/GMAC_Artnet.o
 .debug_macro   0x00002baf       0x28 src/softLib/GMAC_Artnet.o
 .debug_macro   0x00002bd7       0x4c src/softLib/GMAC_Artnet.o
 .debug_macro   0x00002c23      0x110 src/softLib/GMAC_Artnet.o
 .debug_macro   0x00002d33       0x94 src/softLib/GMAC_Artnet.o
 .debug_macro   0x00002dc7      0x84a src/softLib/GMAC_Artnet.o
 .debug_macro   0x00003611     0x27a8 src/softLib/GMAC_Artnet.o
 .debug_macro   0x00005db9      0x54f src/softLib/GMAC_Artnet.o
 .debug_macro   0x00006308      0x87e src/softLib/nRF24.o
 .debug_macro   0x00006b86      0x227 src/softLib/nRF24.o
 .debug_macro   0x00006dad       0x4c src/softLib/nRF24.o
 .debug_macro   0x00006df9      0x846 src/softLib/SAM_SPI.o
 .debug_macro   0x0000763f       0x46 src/softLib/SAM_SPI.o
 .debug_macro   0x00007685      0x68a src/ASF/common/utils/stdio/write.o
 .debug_macro   0x00007d0f      0x69b src/ASF/common/services/delay/sam/cycle_counter.o
 .debug_macro   0x000083aa       0x22 src/ASF/common/services/delay/sam/cycle_counter.o
 .debug_macro   0x000083cc      0x6e0 src/ASF/sam/components/ethernet_phy/ksz8081rna/ethernet_phy.o
 .debug_macro   0x00008aac      0x175 src/ASF/sam/components/ethernet_phy/ksz8081rna/ethernet_phy.o
 .debug_macro   0x00008c21      0x6bf src/ASF/sam/drivers/twihs/twihs.o
 .debug_macro   0x000092e0       0x46 src/ASF/sam/drivers/twihs/twihs.o
 .debug_macro   0x00009326      0x69b src/ASF/sam/drivers/uart/uart.o
 .debug_macro   0x000099c1       0x16 src/ASF/sam/drivers/uart/uart.o
 .debug_macro   0x000099d7      0x6cd src/ASF/sam/drivers/gmac/gmac_phy.o
 .debug_macro   0x0000a0a4      0x706 src/ASF/common/services/clock/same70/sysclk.o
 .debug_macro   0x0000a7aa      0x2d2 src/ASF/common/services/clock/same70/sysclk.o
 .debug_macro   0x0000aa7c      0x68a src/ASF/common/utils/interrupt/interrupt_sam_nvic.o
 .debug_macro   0x0000b106      0x742 src/ASF/sam/boards/same70_xplained/init.o
 .debug_macro   0x0000b848       0x2e src/ASF/sam/boards/same70_xplained/init.o
 .debug_macro   0x0000b876       0x82 src/ASF/sam/boards/same70_xplained/init.o
 .debug_macro   0x0000b8f8      0x6a1 src/ASF/sam/drivers/pio/pio.o
 .debug_macro   0x0000bf99       0x8e src/ASF/sam/drivers/pio/pio.o
 .debug_macro   0x0000c027      0x6ac src/ASF/sam/drivers/pio/pio_handler.o
 .debug_macro   0x0000c6d3      0x6a1 src/ASF/sam/drivers/pmc/pmc.o
 .debug_macro   0x0000cd74       0x6a src/ASF/sam/drivers/pmc/pmc.o
 .debug_macro   0x0000cdde      0x69a src/ASF/sam/utils/cmsis/same70/source/templates/gcc/startup_same70.o
 .debug_macro   0x0000d478       0x10 src/ASF/sam/utils/cmsis/same70/source/templates/gcc/startup_same70.o
 .debug_macro   0x0000d488      0x486 src/ASF/sam/utils/cmsis/same70/source/templates/system_same70.o
 .debug_macro   0x0000d90e      0x1d6 src/ASF/sam/utils/syscalls/gcc/syscalls.o
 .debug_macro   0x0000dae4       0x52 src/ASF/sam/utils/syscalls/gcc/syscalls.o
 .debug_macro   0x0000db36       0x8d src/ASF/sam/utils/syscalls/gcc/syscalls.o
 .debug_macro   0x0000dbc3       0x57 src/ASF/sam/utils/syscalls/gcc/syscalls.o
 .debug_macro   0x0000dc1a       0x97 src/ASF/sam/utils/syscalls/gcc/syscalls.o
 .debug_macro   0x0000dcb1      0x353 src/ASF/sam/utils/syscalls/gcc/syscalls.o
 .debug_macro   0x0000e004       0xf6 src/ASF/sam/utils/syscalls/gcc/syscalls.o
 .debug_macro   0x0000e0fa       0x4c src/ASF/sam/utils/syscalls/gcc/syscalls.o
 .debug_macro   0x0000e146       0x16 src/ASF/sam/utils/syscalls/gcc/syscalls.o
 .debug_macro   0x0000e15c       0x10 src/ASF/sam/utils/syscalls/gcc/syscalls.o
 .debug_macro   0x0000e16c       0x10 src/ASF/sam/utils/syscalls/gcc/syscalls.o
 .debug_macro   0x0000e17c       0x35 src/ASF/sam/utils/syscalls/gcc/syscalls.o
 .debug_macro   0x0000e1b1      0x122 src/ASF/sam/utils/syscalls/gcc/syscalls.o
 .debug_macro   0x0000e2d3      0x8db src/main.o
 .debug_macro   0x0000ebae       0x10 src/main.o
 .debug_macro   0x0000ebbe       0x1c src/main.o

.debug_line     0x00000000    0x12256
 .debug_line    0x00000000      0xa1a src/ASF/common/utils/stdio/read.o
 .debug_line    0x00000a1a      0xdd9 src/ASF/sam/drivers/gmac/gmac_raw_2.o
 .debug_line    0x000017f3      0xc73 src/ASF/sam/drivers/spi/spi.o
 .debug_line    0x00002466     0x10a9 src/ASF/sam/drivers/usart/usart.o
 .debug_line    0x0000350f     0x110a src/softLib/GMAC_Artnet.o
 .debug_line    0x00004619     0x12e4 src/softLib/nRF24.o
 .debug_line    0x000058fd      0xfd8 src/softLib/SAM_SPI.o
 .debug_line    0x000068d5      0xa12 src/ASF/common/utils/stdio/write.o
 .debug_line    0x000072e7      0xa20 src/ASF/common/services/delay/sam/cycle_counter.o
 .debug_line    0x00007d07      0xcf6 src/ASF/sam/components/ethernet_phy/ksz8081rna/ethernet_phy.o
 .debug_line    0x000089fd      0xcbc src/ASF/sam/drivers/twihs/twihs.o
 .debug_line    0x000096b9      0xbac src/ASF/sam/drivers/uart/uart.o
 .debug_line    0x0000a265      0xab1 src/ASF/sam/drivers/gmac/gmac_phy.o
 .debug_line    0x0000ad16      0xb82 src/ASF/common/services/clock/same70/sysclk.o
 .debug_line    0x0000b898      0xa2f src/ASF/common/utils/interrupt/interrupt_sam_nvic.o
 .debug_line    0x0000c2c7      0xc77 src/ASF/sam/boards/same70_xplained/init.o
 .debug_line    0x0000cf3e      0xf16 src/ASF/sam/drivers/pio/pio.o
 .debug_line    0x0000de54      0xafe src/ASF/sam/drivers/pio/pio_handler.o
 .debug_line    0x0000e952     0x10da src/ASF/sam/drivers/pmc/pmc.o
 .debug_line    0x0000fa2c      0xa9f src/ASF/sam/utils/cmsis/same70/source/templates/gcc/startup_same70.o
 .debug_line    0x000104cb      0x81b src/ASF/sam/utils/cmsis/same70/source/templates/system_same70.o
 .debug_line    0x00010ce6      0x40b src/ASF/sam/utils/syscalls/gcc/syscalls.o
 .debug_line    0x000110f1     0x1165 src/main.o

.debug_str      0x00000000    0xa5020
 .debug_str     0x00000000    0x89e41 src/ASF/common/utils/stdio/read.o
                              0x8a524 (size before relaxing)
 .debug_str     0x00089e41     0x1b1f src/ASF/sam/drivers/gmac/gmac_raw_2.o
                              0x8bfe3 (size before relaxing)
 .debug_str     0x0008b960     0x4653 src/ASF/sam/drivers/spi/spi.o
                              0x8ebb9 (size before relaxing)
 .debug_str     0x0008ffb3      0xb5d src/ASF/sam/drivers/usart/usart.o
                              0x8b0b6 (size before relaxing)
 .debug_str     0x00090b10     0xff10 src/softLib/GMAC_Artnet.o
                              0x9fc82 (size before relaxing)
 .debug_str     0x000a0a20      0xdc8 src/softLib/nRF24.o
                              0x92020 (size before relaxing)
 .debug_str     0x000a17e8      0x200 src/softLib/SAM_SPI.o
                              0x91a52 (size before relaxing)
 .debug_str     0x000a19e8       0x26 src/ASF/common/utils/stdio/write.o
                              0x8a525 (size before relaxing)
 .debug_str     0x000a1a0e       0x35 src/ASF/common/services/delay/sam/cycle_counter.o
                              0x8a6ab (size before relaxing)
 .debug_str     0x000a1a43      0x278 src/ASF/sam/components/ethernet_phy/ksz8081rna/ethernet_phy.o
                              0x8fade (size before relaxing)
 .debug_str     0x000a1cbb      0x399 src/ASF/sam/drivers/twihs/twihs.o
                              0x8ab56 (size before relaxing)
 .debug_str     0x000a2054      0x29f src/ASF/sam/drivers/uart/uart.o
                              0x8a842 (size before relaxing)
 .debug_str     0x000a22f3       0x98 src/ASF/sam/drivers/gmac/gmac_phy.o
                              0x8b613 (size before relaxing)
 .debug_str     0x000a238b      0x41b src/ASF/common/services/clock/same70/sysclk.o
                              0x8ec51 (size before relaxing)
 .debug_str     0x000a27a6       0x94 src/ASF/common/utils/interrupt/interrupt_sam_nvic.o
                              0x8a57b (size before relaxing)
 .debug_str     0x000a283a      0x58d src/ASF/sam/boards/same70_xplained/init.o
                              0x8f843 (size before relaxing)
 .debug_str     0x000a2dc7      0x549 src/ASF/sam/drivers/pio/pio.o
                              0x8b0dd (size before relaxing)
 .debug_str     0x000a3310      0x101 src/ASF/sam/drivers/pio/pio_handler.o
                              0x8b2b8 (size before relaxing)
 .debug_str     0x000a3411      0x6bf src/ASF/sam/drivers/pmc/pmc.o
                              0x8b2b3 (size before relaxing)
 .debug_str     0x000a3ad0      0x718 src/ASF/sam/utils/cmsis/same70/source/templates/gcc/startup_same70.o
                              0x8ae14 (size before relaxing)
 .debug_str     0x000a41e8      0x130 src/ASF/sam/utils/cmsis/same70/source/templates/system_same70.o
                              0x7a0ce (size before relaxing)
 .debug_str     0x000a4318      0x773 src/ASF/sam/utils/syscalls/gcc/syscalls.o
                               0x7486 (size before relaxing)
 .debug_str     0x000a4a8b      0x595 src/main.o
                              0xa038b (size before relaxing)

.debug_frame    0x00000000     0x2db4
 .debug_frame   0x00000000       0x30 src/ASF/common/utils/stdio/read.o
 .debug_frame   0x00000030      0x1f0 src/ASF/sam/drivers/gmac/gmac_raw_2.o